Component: ARM Compiler 5.06 update 6 (build 750) Tool: armlink [4d35ed]

==============================================================================

Section Cross References

    startup_py32f002bxx.o(RESET) refers to startup_py32f002bxx.o(STACK) for __initial_sp
    startup_py32f002bxx.o(RESET) refers to startup_py32f002bxx.o(.text) for Reset_Handler
    startup_py32f002bxx.o(RESET) refers to py32f002b_it.o(i.NMI_Handler) for NMI_Handler
    startup_py32f002bxx.o(RESET) refers to py32f002b_it.o(i.HardFault_Handler) for HardFault_Handler
    startup_py32f002bxx.o(RESET) refers to py32f002b_it.o(i.SVC_Handler) for SVC_Handler
    startup_py32f002bxx.o(RESET) refers to py32f002b_it.o(i.PendSV_Handler) for PendSV_Handler
    startup_py32f002bxx.o(RESET) refers to py32f002b_it.o(i.SysTick_Handler) for SysTick_Handler
    startup_py32f002bxx.o(RESET) refers to py32f002b_it.o(i.EXTI2_3_IRQHandler) for EXTI2_3_IRQHandler
    startup_py32f002bxx.o(RESET) refers to py32f002b_it.o(i.I2C1_IRQHandler) for I2C1_IRQHandler
    startup_py32f002bxx.o(.text) refers to system_py32f002b.o(i.SystemInit) for SystemInit
    startup_py32f002bxx.o(.text) refers to entry.o(.ARM.Collect$$$$00000000) for __main
    system_py32f002b.o(i.SystemCoreClockUpdate) refers to uidiv.o(.text) for __aeabi_uidivmod
    system_py32f002b.o(i.SystemCoreClockUpdate) refers to system_py32f002b.o(.data) for SystemCoreClock
    system_py32f002b.o(i.SystemCoreClockUpdate) refers to system_py32f002b.o(.constdata) for HSIFreqTable
    system_py32f002b.o(i.SystemInit) refers to system_py32f002b.o(i.DelayTime) for DelayTime
    main.o(i.main) refers to config.o(i.ALL_Config) for ALL_Config
    main.o(i.main) refers to task.o(i.Task) for Task
    py32f002b_it.o(i.EXTI2_3_IRQHandler) refers to py32f002b_hal_gpio.o(i.HAL_GPIO_EXTI_IRQHandler) for HAL_GPIO_EXTI_IRQHandler
    py32f002b_it.o(i.EXTI2_3_IRQHandler) refers to task.o(.data) for IIC_Restart
    py32f002b_it.o(i.I2C1_IRQHandler) refers to py32f002b_hal_i2c.o(i.HAL_I2C_EV_IRQHandler) for HAL_I2C_EV_IRQHandler
    py32f002b_it.o(i.I2C1_IRQHandler) refers to py32f002b_hal_i2c.o(i.HAL_I2C_ER_IRQHandler) for HAL_I2C_ER_IRQHandler
    py32f002b_it.o(i.I2C1_IRQHandler) refers to iic.o(.bss) for I2cHandle
    py32f002b_it.o(i.SysTick_Handler) refers to py32f002b_hal.o(i.HAL_IncTick) for HAL_IncTick
    py32f002b_it.o(i.SysTick_Handler) refers to task.o(.data) for Sys_tick_time
    py32f002b_hal.o(i.HAL_DeInit) refers to py32f002b_hal.o(i.HAL_MspDeInit) for HAL_MspDeInit
    py32f002b_hal.o(i.HAL_Delay) refers to py32f002b_hal.o(i.HAL_GetTick) for HAL_GetTick
    py32f002b_hal.o(i.HAL_Delay) refers to py32f002b_hal.o(.data) for uwTickFreq
    py32f002b_hal.o(i.HAL_GetTick) refers to py32f002b_hal.o(.data) for uwTick
    py32f002b_hal.o(i.HAL_GetTickFreq) refers to py32f002b_hal.o(.data) for uwTickFreq
    py32f002b_hal.o(i.HAL_GetTickPrio) refers to py32f002b_hal.o(.data) for uwTickPrio
    py32f002b_hal.o(i.HAL_IncTick) refers to py32f002b_hal.o(.data) for uwTick
    py32f002b_hal.o(i.HAL_Init) refers to py32f002b_hal.o(i.HAL_InitTick) for HAL_InitTick
    py32f002b_hal.o(i.HAL_Init) refers to py32f002b_hal_msp.o(i.HAL_MspInit) for HAL_MspInit
    py32f002b_hal.o(i.HAL_InitTick) refers to uidiv.o(.text) for __aeabi_uidivmod
    py32f002b_hal.o(i.HAL_InitTick) refers to py32f002b_hal_cortex.o(i.HAL_SYSTICK_Config) for HAL_SYSTICK_Config
    py32f002b_hal.o(i.HAL_InitTick) refers to py32f002b_hal_cortex.o(i.HAL_NVIC_SetPriority) for HAL_NVIC_SetPriority
    py32f002b_hal.o(i.HAL_InitTick) refers to py32f002b_hal.o(.data) for uwTickFreq
    py32f002b_hal.o(i.HAL_InitTick) refers to system_py32f002b.o(.data) for SystemCoreClock
    py32f002b_hal.o(i.HAL_SetTickFreq) refers to py32f002b_hal.o(i.HAL_InitTick) for HAL_InitTick
    py32f002b_hal.o(i.HAL_SetTickFreq) refers to py32f002b_hal.o(.data) for uwTickFreq
    py32f002b_hal_rcc.o(i.HAL_RCC_ClockConfig) refers to py32f002b_hal.o(i.HAL_GetTick) for HAL_GetTick
    py32f002b_hal_rcc.o(i.HAL_RCC_ClockConfig) refers to py32f002b_hal_rcc.o(i.HAL_RCC_GetSysClockFreq) for HAL_RCC_GetSysClockFreq
    py32f002b_hal_rcc.o(i.HAL_RCC_ClockConfig) refers to py32f002b_hal.o(i.HAL_InitTick) for HAL_InitTick
    py32f002b_hal_rcc.o(i.HAL_RCC_ClockConfig) refers to system_py32f002b.o(.constdata) for AHBPrescTable
    py32f002b_hal_rcc.o(i.HAL_RCC_ClockConfig) refers to system_py32f002b.o(.data) for SystemCoreClock
    py32f002b_hal_rcc.o(i.HAL_RCC_ClockConfig) refers to py32f002b_hal.o(.data) for uwTickPrio
    py32f002b_hal_rcc.o(i.HAL_RCC_DeInit) refers to py32f002b_hal.o(i.HAL_GetTick) for HAL_GetTick
    py32f002b_hal_rcc.o(i.HAL_RCC_DeInit) refers to py32f002b_hal.o(i.HAL_InitTick) for HAL_InitTick
    py32f002b_hal_rcc.o(i.HAL_RCC_DeInit) refers to system_py32f002b.o(.data) for SystemCoreClock
    py32f002b_hal_rcc.o(i.HAL_RCC_DeInit) refers to py32f002b_hal.o(.data) for uwTickPrio
[...]
    py32f002b_hal_tim.o(i.HAL_TIM_IC_Start) refers to py32f002b_hal_tim.o(i.TIM_CCxChannelCmd) for TIM_CCxChannelCmd
    py32f002b_hal_tim.o(i.HAL_TIM_IC_Start_IT) refers to py32f002b_hal_tim.o(i.TIM_CCxChannelCmd) for TIM_CCxChannelCmd
    py32f002b_hal_tim.o(i.HAL_TIM_IC_Stop) refers to py32f002b_hal_tim.o(i.TIM_CCxChannelCmd) for TIM_CCxChannelCmd
    py32f002b_hal_tim.o(i.HAL_TIM_IC_Stop_IT) refers to py32f002b_hal_tim.o(i.TIM_CCxChannelCmd) for TIM_CCxChannelCmd
    py32f002b_hal_tim.o(i.HAL_TIM_IRQHandler) refers to py32f002b_hal_tim.o(i.HAL_TIM_IC_CaptureCallback) for HAL_TIM_IC_CaptureCallback
    py32f002b_hal_tim.o(i.HAL_TIM_IRQHandler) refers to py32f002b_hal_tim.o(i.HAL_TIM_OC_DelayElapsedCallback) for HAL_TIM_OC_DelayElapsedCallback
    py32f002b_hal_tim.o(i.HAL_TIM_IRQHandler) refers to py32f002b_hal_tim.o(i.HAL_TIM_PWM_PulseFinishedCallback) for HAL_TIM_PWM_PulseFinishedCallback
    py32f002b_hal_tim.o(i.HAL_TIM_IRQHandler) refers to py32f002b_hal_tim.o(i.HAL_TIM_PeriodElapsedCallback) for HAL_TIM_PeriodElapsedCallback
    py32f002b_hal_tim.o(i.HAL_TIM_IRQHandler) refers to py32f002b_hal_tim_ex.o(i.HAL_TIMEx_BreakCallback) for HAL_TIMEx_BreakCallback
    py32f002b_hal_tim.o(i.HAL_TIM_IRQHandler) refers to py32f002b_hal_tim.o(i.HAL_TIM_TriggerCallback) for HAL_TIM_TriggerCallback
    py32f002b_hal_tim.o(i.HAL_TIM_IRQHandler) refers to py32f002b_hal_tim_ex.o(i.HAL_TIMEx_CommutCallback) for HAL_TIMEx_CommutCallback
    py32f002b_hal_tim.o(i.HAL_TIM_OC_ConfigChannel) refers to py32f002b_hal_tim.o(i.TIM_OC1_SetConfig) for TIM_OC1_SetConfig
    py32f002b_hal_tim.o(i.HAL_TIM_OC_ConfigChannel) refers to py32f002b_hal_tim.o(i.TIM_OC2_SetConfig) for TIM_OC2_SetConfig
    py32f002b_hal_tim.o(i.HAL_TIM_OC_ConfigChannel) refers to py32f002b_hal_tim.o(i.TIM_OC3_SetConfig) for TIM_OC3_SetConfig
    py32f002b_hal_tim.o(i.HAL_TIM_OC_ConfigChannel) refers to py32f002b_hal_tim.o(i.TIM_OC4_SetConfig) for TIM_OC4_SetConfig
    py32f002b_hal_tim.o(i.HAL_TIM_OC_DeInit) refers to py32f002b_hal_tim.o(i.HAL_TIM_OC_MspDeInit) for HAL_TIM_OC_MspDeInit
    py32f002b_hal_tim.o(i.HAL_TIM_OC_Init) refers to py32f002b_hal_tim.o(i.HAL_TIM_OC_MspInit) for HAL_TIM_OC_MspInit
    py32f002b_hal_tim.o(i.HAL_TIM_OC_Init) refers to py32f002b_hal_tim.o(i.TIM_Base_SetConfig) for TIM_Base_SetConfig
    py32f002b_hal_tim.o(i.HAL_TIM_OC_Start) refers to py32f002b_hal_tim.o(i.TIM_CCxChannelCmd) for TIM_CCxChannelCmd
    py32f002b_hal_tim.o(i.HAL_TIM_OC_Start_IT) refers to py32f002b_hal_tim.o(i.TIM_CCxChannelCmd) for TIM_CCxChannelCmd
    py32f002b_hal_tim.o(i.HAL_TIM_OC_Stop) refers to py32f002b_hal_tim.o(i.TIM_CCxChannelCmd) for TIM_CCxChannelCmd
    py32f002b_hal_tim.o(i.HAL_TIM_OC_Stop_IT) refers to py32f002b_hal_tim.o(i.TIM_CCxChannelCmd) for TIM_CCxChannelCmd
    py32f002b_hal_tim.o(i.HAL_TIM_OnePulse_ConfigChannel) refers to py32f002b_hal_tim.o(i.TIM_OC1_SetConfig) for TIM_OC1_SetConfig
    py32f002b_hal_tim.o(i.HAL_TIM_OnePulse_ConfigChannel) refers to py32f002b_hal_tim.o(i.TIM_OC2_SetConfig) for TIM_OC2_SetConfig
    py32f002b_hal_tim.o(i.HAL_TIM_OnePulse_ConfigChannel) refers to py32f002b_hal_tim.o(i.TIM_TI1_SetConfig) for TIM_TI1_SetConfig
    py32f002b_hal_tim.o(i.HAL_TIM_OnePulse_ConfigChannel) refers to py32f002b_hal_tim.o(i.TIM_TI2_SetConfig) for TIM_TI2_SetConfig
    py32f002b_hal_tim.o(i.HAL_TIM_OnePulse_DeInit) refers to py32f002b_hal_tim.o(i.HAL_TIM_OnePulse_MspDeInit) for HAL_TIM_OnePulse_MspDeInit
    py32f002b_hal_tim.o(i.HAL_TIM_OnePulse_Init) refers to py32f002b_hal_tim.o(i.HAL_TIM_OnePulse_MspInit) for HAL_TIM_OnePulse_MspInit
    py32f002b_hal_tim.o(i.HAL_TIM_OnePulse_Init) refers to py32f002b_hal_tim.o(i.TIM_Base_SetConfig) for TIM_Base_SetConfig
    py32f002b_hal_tim.o(i.HAL_TIM_OnePulse_Start) refers to py32f002b_hal_tim.o(i.TIM_CCxChannelCmd) for TIM_CCxChannelCmd
    py32f002b_hal_tim.o(i.HAL_TIM_OnePulse_Start_IT) refers to py32f002b_hal_tim.o(i.TIM_CCxChannelCmd) for TIM_CCxChannelCmd
    py32f002b_hal_tim.o(i.HAL_TIM_OnePulse_Stop) refers to py32f002b_hal_tim.o(i.TIM_CCxChannelCmd) for TIM_CCxChannelCmd
    py32f002b_hal_tim.o(i.HAL_TIM_OnePulse_Stop_IT) refers to py32f002b_hal_tim.o(i.TIM_CCxChannelCmd) for TIM_CCxChannelCmd
    py32f002b_hal_tim.o(i.HAL_TIM_PWM_ConfigChannel) refers to py32f002b_hal_tim.o(i.TIM_OC1_SetConfig) for TIM_OC1_SetConfig
    py32f002b_hal_tim.o(i.HAL_TIM_PWM_ConfigChannel) refers to py32f002b_hal_tim.o(i.TIM_OC2_SetConfig) for TIM_OC2_SetConfig
    py32f002b_hal_tim.o(i.HAL_TIM_PWM_ConfigChannel) refers to py32f002b_hal_tim.o(i.TIM_OC3_SetConfig) for TIM_OC3_SetConfig
    py32f002b_hal_tim.o(i.HAL_TIM_PWM_ConfigChannel) refers to py32f002b_hal_tim.o(i.TIM_OC4_SetConfig) for TIM_OC4_SetConfig
    py32f002b_hal_tim.o(i.HAL_TIM_PWM_DeInit) refers to py32f002b_hal_tim.o(i.HAL_TIM_PWM_MspDeInit) for HAL_TIM_PWM_MspDeInit
    py32f002b_hal_tim.o(i.HAL_TIM_PWM_Init) refers to py32f002b_hal_tim.o(i.HAL_TIM_PWM_MspInit) for HAL_TIM_PWM_MspInit
    py32f002b_hal_tim.o(i.HAL_TIM_PWM_Init) refers to py32f002b_hal_tim.o(i.TIM_Base_SetConfig) for TIM_Base_SetConfig
    py32f002b_hal_tim.o(i.HAL_TIM_PWM_Start) refers to py32f002b_hal_tim.o(i.TIM_CCxChannelCmd) for TIM_CCxChannelCmd
    py32f002b_hal_tim.o(i.HAL_TIM_PWM_Start_IT) refers to py32f002b_hal_tim.o(i.TIM_CCxChannelCmd) for TIM_CCxChannelCmd
    py32f002b_hal_tim.o(i.HAL_TIM_PWM_Stop) refers to py32f002b_hal_tim.o(i.TIM_CCxChannelCmd) for TIM_CCxChannelCmd
    py32f002b_hal_tim.o(i.HAL_TIM_PWM_Stop_IT) refers to py32f002b_hal_tim.o(i.TIM_CCxChannelCmd) for TIM_CCxChannelCmd
    py32f002b_hal_tim.o(i.HAL_TIM_SlaveConfigSynchro) refers to py32f002b_hal_tim.o(i.TIM_SlaveTimer_SetConfig) for TIM_SlaveTimer_SetConfig
    py32f002b_hal_tim.o(i.HAL_TIM_SlaveConfigSynchro_IT) refers to py32f002b_hal_tim.o(i.TIM_SlaveTimer_SetConfig) for TIM_SlaveTimer_SetConfig
    py32f002b_hal_tim.o(i.TIM_SlaveTimer_SetConfig) refers to py32f002b_hal_tim.o(i.__ARM_common_switch8) for __ARM_common_switch8
    py32f002b_hal_tim.o(i.TIM_SlaveTimer_SetConfig) refers to py32f002b_hal_tim.o(i.TIM_ETR_SetConfig) for TIM_ETR_SetConfig
    py32f002b_hal_tim.o(i.TIM_SlaveTimer_SetConfig) refers to py32f002b_hal_tim.o(i.TIM_TI1_ConfigInputStage) for TIM_TI1_ConfigInputStage
    py32f002b_hal_tim.o(i.TIM_SlaveTimer_SetConfig) refers to py32f002b_hal_tim.o(i.TIM_TI2_ConfigInputStage) for TIM_TI2_ConfigInputStage
    py32f002b_hal_tim_ex.o(i.HAL_TIMEx_HallSensor_DeInit) refers to py32f002b_hal_tim_ex.o(i.HAL_TIMEx_HallSensor_MspDeInit) for HAL_TIMEx_HallSensor_MspDeInit
    py32f002b_hal_tim_ex.o(i.HAL_TIMEx_HallSensor_Init) refers to py32f002b_hal_tim_ex.o(i.HAL_TIMEx_HallSensor_MspInit) for HAL_TIMEx_HallSensor_MspInit
    py32f002b_hal_tim_ex.o(i.HAL_TIMEx_HallSensor_Init) refers to py32f002b_hal_tim.o(i.TIM_Base_SetConfig) for TIM_Base_SetConfig
    py32f002b_hal_tim_ex.o(i.HAL_TIMEx_HallSensor_Init) refers to py32f002b_hal_tim.o(i.TIM_TI1_SetConfig) for TIM_TI1_SetConfig
    py32f002b_hal_tim_ex.o(i.HAL_TIMEx_HallSensor_Init) refers to py32f002b_hal_tim.o(i.TIM_OC2_SetConfig) for TIM_OC2_SetConfig
    py32f002b_hal_tim_ex.o(i.HAL_TIMEx_HallSensor_Start) refers to py32f002b_hal_tim.o(i.TIM_CCxChannelCmd) for TIM_CCxChannelCmd
    py32f002b_hal_tim_ex.o(i.HAL_TIMEx_HallSensor_Start_IT) refers to py32f002b_hal_tim.o(i.TIM_CCxChannelCmd) for TIM_CCxChannelCmd
    py32f002b_hal_tim_ex.o(i.HAL_TIMEx_HallSensor_Stop) refers to py32f002b_hal_tim.o(i.TIM_CCxChannelCmd) for TIM_CCxChannelCmd
    py32f002b_hal_tim_ex.o(i.HAL_TIMEx_HallSensor_Stop_IT) refers to py32f002b_hal_tim.o(i.TIM_CCxChannelCmd) for TIM_CCxChannelCmd
    py32f002b_hal_tim_ex.o(i.HAL_TIMEx_OCN_Start) refers to py32f002b_hal_tim_ex.o(i.TIM_CCxNChannelCmd) for TIM_CCxNChannelCmd
    py32f002b_hal_tim_ex.o(i.HAL_TIMEx_OCN_Start_IT) refers to py32f002b_hal_tim_ex.o(i.TIM_CCxNChannelCmd) for TIM_CCxNChannelCmd
    py32f002b_hal_tim_ex.o(i.HAL_TIMEx_OCN_Stop) refers to py32f002b_hal_tim_ex.o(i.TIM_CCxNChannelCmd) for TIM_CCxNChannelCmd
    py32f002b_hal_tim_ex.o(i.HAL_TIMEx_OCN_Stop_IT) refers to py32f002b_hal_tim_ex.o(i.TIM_CCxNChannelCmd) for TIM_CCxNChannelCmd
    py32f002b_hal_tim_ex.o(i.HAL_TIMEx_OnePulseN_Start) refers to py32f002b_hal_tim_ex.o(i.TIM_CCxNChannelCmd) for TIM_CCxNChannelCmd
    py32f002b_hal_tim_ex.o(i.HAL_TIMEx_OnePulseN_Start_IT) refers to py32f002b_hal_tim_ex.o(i.TIM_CCxNChannelCmd) for TIM_CCxNChannelCmd
    py32f002b_hal_tim_ex.o(i.HAL_TIMEx_OnePulseN_Stop) refers to py32f002b_hal_tim_ex.o(i.TIM_CCxNChannelCmd) for TIM_CCxNChannelCmd
    py32f002b_hal_tim_ex.o(i.HAL_TIMEx_OnePulseN_Stop_IT) refers to py32f002b_hal_tim_ex.o(i.TIM_CCxNChannelCmd) for TIM_CCxNChannelCmd
    py32f002b_hal_tim_ex.o(i.HAL_TIMEx_PWMN_Start) refers to py32f002b_hal_tim_ex.o(i.TIM_CCxNChannelCmd) for TIM_CCxNChannelCmd
    py32f002b_hal_tim_ex.o(i.HAL_TIMEx_PWMN_Start_IT) refers to py32f002b_hal_tim_ex.o(i.TIM_CCxNChannelCmd) for TIM_CCxNChannelCmd
    py32f002b_hal_tim_ex.o(i.HAL_TIMEx_PWMN_Stop) refers to py32f002b_hal_tim_ex.o(i.TIM_CCxNChannelCmd) for TIM_CCxNChannelCmd
    py32f002b_hal_tim_ex.o(i.HAL_TIMEx_PWMN_Stop_IT) refers to py32f002b_hal_tim_ex.o(i.TIM_CCxNChannelCmd) for TIM_CCxNChannelCmd
    py32f002b_ll_utils.o(i.LL_Init1msTick) refers to uidiv.o(.text) for __aeabi_uidivmod
    py32f002b_ll_utils.o(i.LL_SetSystemCoreClock) refers to system_py32f002b.o(.data) for SystemCoreClock
    iic.o(i.HAL_I2C_AddrCallback) refers to py32f002b_hal_i2c.o(i.HAL_I2C_Slave_Seq_Transmit_IT) for HAL_I2C_Slave_Seq_Transmit_IT
    iic.o(i.HAL_I2C_AddrCallback) refers to py32f002b_hal_i2c.o(i.HAL_I2C_Slave_Seq_Receive_IT) for HAL_I2C_Slave_Seq_Receive_IT
    iic.o(i.HAL_I2C_AddrCallback) refers to iic.o(.data) for data_count
    iic.o(i.HAL_I2C_AddrCallback) refers to iic.o(.bss) for I2cHandle
    iic.o(i.HAL_I2C_ErrorCallback) refers to task.o(.data) for I2C_Noack
    iic.o(i.HAL_I2C_ListenCpltCallback) refers to py32f002b_hal_i2c.o(i.HAL_I2C_EnableListen_IT) for HAL_I2C_EnableListen_IT
    iic.o(i.HAL_I2C_ListenCpltCallback) refers to iic.o(.bss) for I2cHandle
    iic.o(i.HAL_I2C_SlaveRxCpltCallback) refers to py32f002b_hal_i2c.o(i.HAL_I2C_Slave_Seq_Receive_IT) for HAL_I2C_Slave_Seq_Receive_IT
    iic.o(i.HAL_I2C_SlaveRxCpltCallback) refers to iic.o(.data) for reg_adr
    iic.o(i.HAL_I2C_SlaveRxCpltCallback) refers to task.o(.data) for IIC_Restart
    iic.o(i.HAL_I2C_SlaveRxCpltCallback) refers to iic.o(.bss) for I2cHandle
    iic.o(i.HAL_I2C_SlaveTxCpltCallback) refers to py32f002b_hal_i2c.o(i.HAL_I2C_Slave_Seq_Transmit_IT) for HAL_I2C_Slave_Seq_Transmit_IT
    iic.o(i.HAL_I2C_SlaveTxCpltCallback) refers to iic.o(.data) for reg_adr
    iic.o(i.HAL_I2C_SlaveTxCpltCallback) refers to task.o(.data) for IIC_Restart
    iic.o(i.HAL_I2C_SlaveTxCpltCallback) refers to iic.o(.bss) for I2cHandle
    iic.o(i.I2C_Slave_Handler) refers to py32f002b_hal.o(i.HAL_Delay) for HAL_Delay
    iic.o(i.I2C_Slave_Handler) refers to py32f002b_hal_i2c.o(i.HAL_I2C_DeInit) for HAL_I2C_DeInit
    iic.o(i.I2C_Slave_Handler) refers to iic.o(i.IIC_Config) for IIC_Config
    iic.o(i.I2C_Slave_Handler) refers to task.o(.data) for IIC_Restart
    iic.o(i.I2C_Slave_Handler) refers to iic.o(.bss) for I2cHandle
    iic.o(i.IIC_Config) refers to py32f002b_hal_i2c.o(i.HAL_I2C_Init) for HAL_I2C_Init
    iic.o(i.IIC_Config) refers to py32f002b_hal_i2c.o(i.HAL_I2C_EnableListen_IT) for HAL_I2C_EnableListen_IT
    iic.o(i.IIC_Config) refers to iic.o(.bss) for I2cHandle
    iic.o(i.IIC_DISENABLE) refers to py32f002b_hal_i2c.o(i.HAL_I2C_DeInit) for HAL_I2C_DeInit
    iic.o(i.IIC_DISENABLE) refers to iic.o(.bss) for I2cHandle
    iic.o(i.IIC_GPIO_Config) refers to memseta.o(.text) for __aeabi_memclr4
    iic.o(i.IIC_GPIO_Config) refers to py32f002b_hal_gpio.o(i.HAL_GPIO_Init) for HAL_GPIO_Init
    iic.o(i.IIC_GPIO_Config) refers to iic.o(i.NVIC_SetPriority) for NVIC_SetPriority
    iic.o(i.IIC_GPIO_Config) refers to iic.o(i.NVIC_EnableIRQ) for NVIC_EnableIRQ
    iic.o(i.IIC_GPIO_Idle_Config) refers to memseta.o(.text) for __aeabi_memclr4
    iic.o(i.IIC_GPIO_Idle_Config) refers to py32f002b_hal_gpio.o(i.HAL_GPIO_Init) for HAL_GPIO_Init
    iic.o(i.IIC_GPIO_Idle_Config) refers to iic.o(i.NVIC_SetPriority) for NVIC_SetPriority
    iic.o(i.IIC_GPIO_Idle_Config) refers to iic.o(i.NVIC_EnableIRQ) for NVIC_EnableIRQ
    lowpower.o(i.Low_Power_Task) refers to iic.o(i.IIC_DISENABLE) for IIC_DISENABLE
    lowpower.o(i.Low_Power_Task) refers to iic.o(i.IIC_GPIO_Idle_Config) for IIC_GPIO_Idle_Config
    lowpower.o(i.Low_Power_Task) refers to py32f002b_hal.o(i.HAL_SuspendTick) for HAL_SuspendTick
    lowpower.o(i.Low_Power_Task) refers to py32f002b_hal_pwr.o(i.HAL_PWR_EnterSTOPMode) for HAL_PWR_EnterSTOPMode
    lowpower.o(i.Low_Power_Task) refers to py32f002b_hal.o(i.HAL_ResumeTick) for HAL_ResumeTick
    config.o(i.ALL_Config) refers to py32f002b_hal.o(i.HAL_Init) for HAL_Init
    config.o(i.ALL_Config) refers to config.o(i.APP_SystemClockConfig) for APP_SystemClockConfig
    config.o(i.ALL_Config) refers to iic.o(i.IIC_GPIO_Config) for IIC_GPIO_Config
    config.o(i.ALL_Config) refers to iic.o(i.IIC_Config) for IIC_Config
    config.o(i.APP_SystemClockConfig) refers to memseta.o(.text) for __aeabi_memclr4
    config.o(i.APP_SystemClockConfig) refers to py32f002b_hal_rcc.o(i.HAL_RCC_OscConfig) for HAL_RCC_OscConfig
    config.o(i.APP_SystemClockConfig) refers to main.o(i.APP_ErrorHandler) for APP_ErrorHandler
    config.o(i.APP_SystemClockConfig) refers to py32f002b_hal_rcc.o(i.HAL_RCC_ClockConfig) for HAL_RCC_ClockConfig
    task.o(i.Get_Lptim_Value) refers to task.o(.data) for Lptimes
    task.o(i.Get_Tim14_Value) refers to task.o(.data) for Us_Times
    task.o(i.Get_Tim1_Value) refers to task.o(.data) for Ms_Times
    task.o(i.Task) refers to task.o(i.Time_Test_Gpio) for Time_Test_Gpio
    task.o(i.Task) refers to iic.o(i.IIC_DISENABLE) for IIC_DISENABLE
    task.o(i.Task) refers to iic.o(i.IIC_GPIO_Config) for IIC_GPIO_Config
    task.o(i.Task) refers to iic.o(i.IIC_Config) for IIC_Config
    task.o(i.Task) refers to task.o(.data) for Slave_Run
    task.o(i.Task) refers to iic.o(.data) for I2C_state
    task.o(i.Time_Test_Gpio) refers to memseta.o(.text) for __aeabi_memclr4
    task.o(i.Time_Test_Gpio) refers to py32f002b_hal_gpio.o(i.HAL_GPIO_Init) for HAL_GPIO_Init
    entry.o(.ARM.Collect$$$$00000000) refers (Special) to entry10a.o(.ARM.Collect$$$$0000000D) for __rt_final_cpp
    entry.o(.ARM.Collect$$$$00000000) refers (Special) to entry11a.o(.ARM.Collect$$$$0000000F) for __rt_final_exit
    entry.o(.ARM.Collect$$$$00000000) refers (Special) to entry7b.o(.ARM.Collect$$$$00000008) for _main_clock
    entry.o(.ARM.Collect$$$$00000000) refers (Special) to entry8b.o(.ARM.Collect$$$$0000000A) for _main_cpp_init
    entry.o(.ARM.Collect$$$$00000000) refers (Special) to entry9a.o(.ARM.Collect$$$$0000000B) for _main_init
    entry.o(.ARM.Collect$$$$00000000) refers (Special) to entry5.o(.ARM.Collect$$$$00000004) for _main_scatterload
    entry.o(.ARM.Collect$$$$00000000) refers (Special) to entry2.o(.ARM.Collect$$$$00000001) for _main_stk
    entry2.o(.ARM.Collect$$$$00000001) refers to entry2.o(.ARM.Collect$$$$00002712) for __lit__00000000
    entry2.o(.ARM.Collect$$$$00002712) refers to startup_py32f002bxx.o(STACK) for __initial_sp
    entry2.o(__vectab_stack_and_reset_area) refers to startup_py32f002bxx.o(STACK) for __initial_sp
    entry2.o(__vectab_stack_and_reset_area) refers to entry.o(.ARM.Collect$$$$00000000) for __main
    entry5.o(.ARM.Collect$$$$00000004) refers to init.o(.text) for __scatterload
    entry9a.o(.ARM.Collect$$$$0000000B) refers to main.o(i.main) for main
    entry9b.o(.ARM.Collect$$$$0000000C) refers to main.o(i.main) for main
    init.o(.text) refers to entry5.o(.ARM.Collect$$$$00000004) for __main_after_scatterload


==============================================================================

Removing Unused input sections from the image.

    Removing startup_py32f002bxx.o(HEAP), (0 bytes).
    Removing system_py32f002b.o(.rev16_text), (4 bytes).
    Removing system_py32f002b.o(.revsh_text), (4 bytes).
    Removing system_py32f002b.o(i.SystemCoreClockUpdate), (156 bytes).
    Removing main.o(.rev16_text), (4 bytes).
    Removing main.o(.revsh_text), (4 bytes).
    Removing py32f002b_hal_msp.o(.rev16_text), (4 bytes).
    Removing py32f002b_hal_msp.o(.revsh_text), (4 bytes).
    Removing py32f002b_it.o(.rev16_text), (4 bytes).
    Removing py32f002b_it.o(.revsh_text), (4 bytes).
    Removing py32f002b_hal.o(.rev16_text), (4 bytes).
    Removing py32f002b_hal.o(.revsh_text), (4 bytes).
    Removing py32f002b_hal.o(i.HAL_DBGMCU_DisableDBGMCUStopMode), (20 bytes).
    Removing py32f002b_hal.o(i.HAL_DBGMCU_EnableDBGMCUStopMode), (20 bytes).
    Removing py32f002b_hal.o(i.HAL_DeInit), (52 bytes).
    Removing py32f002b_hal.o(i.HAL_Delay), (44 bytes).
    Removing py32f002b_hal.o(i.HAL_GetDEVID), (16 bytes).
    Removing py32f002b_hal.o(i.HAL_GetHalVersion), (6 bytes).
    Removing py32f002b_hal.o(i.HAL_GetREVID), (12 bytes).
    Removing py32f002b_hal.o(i.HAL_GetTickFreq), (12 bytes).
    Removing py32f002b_hal.o(i.HAL_GetTickPrio), (12 bytes).
    Removing py32f002b_hal.o(i.HAL_GetUIDw0), (12 bytes).
    Removing py32f002b_hal.o(i.HAL_GetUIDw1), (12 bytes).
    Removing py32f002b_hal.o(i.HAL_GetUIDw2), (12 bytes).
    Removing py32f002b_hal.o(i.HAL_MspDeInit), (2 bytes).
    Removing py32f002b_hal.o(i.HAL_MspInit), (2 bytes).
    Removing py32f002b_hal.o(i.HAL_ResumeTick), (20 bytes).
    Removing py32f002b_hal.o(i.HAL_SYSCFG_DisableGPIONoiseFilter), (72 bytes).
    Removing py32f002b_hal.o(i.HAL_SYSCFG_DisableI2CFastModePlus), (16 bytes).
    Removing py32f002b_hal.o(i.HAL_SYSCFG_EnableGPIONoiseFilter), (72 bytes).
    Removing py32f002b_hal.o(i.HAL_SYSCFG_EnableI2CFastModePlus), (16 bytes).
    Removing py32f002b_hal.o(i.HAL_SYSCFG_GetRemapMemory), (16 bytes).
    Removing py32f002b_hal.o(i.HAL_SYSCFG_GetTIM1CH1Source), (16 bytes).
    Removing py32f002b_hal.o(i.HAL_SYSCFG_SetRemapMemory), (20 bytes).
    Removing py32f002b_hal.o(i.HAL_SYSCFG_SetTIM1CH1Source), (20 bytes).
    Removing py32f002b_hal.o(i.HAL_SYSCFG_TIM1ETRSource), (24 bytes).
    Removing py32f002b_hal.o(i.HAL_SetTickFreq), (44 bytes).
    Removing py32f002b_hal.o(i.HAL_SuspendTick), (20 bytes).
    Removing py32f002b_hal_rcc.o(.rev16_text), (4 bytes).
    Removing py32f002b_hal_rcc.o(.revsh_text), (4 bytes).
    Removing py32f002b_hal_rcc.o(i.HAL_RCC_CSSCallback), (2 bytes).
    Removing py32f002b_hal_rcc.o(i.HAL_RCC_DeInit), (212 bytes).
    Removing py32f002b_hal_rcc.o(i.HAL_RCC_DisableLSECSS), (20 bytes).
    Removing py32f002b_hal_rcc.o(i.HAL_RCC_EnableLSECSS), (20 bytes).
    Removing py32f002b_hal_rcc.o(i.HAL_RCC_GetClockConfig), (60 bytes).
    Removing py32f002b_hal_rcc.o(i.HAL_RCC_GetOscConfig), (172 bytes).
    Removing py32f002b_hal_rcc.o(i.HAL_RCC_LSECSSCallback), (2 bytes).
    Removing py32f002b_hal_rcc.o(i.HAL_RCC_MCOConfig), (160 bytes).
    Removing py32f002b_hal_rcc.o(i.HAL_RCC_NMI_IRQHandler), (32 bytes).
    Removing py32f002b_hal_rcc_ex.o(.rev16_text), (4 bytes).
    Removing py32f002b_hal_rcc_ex.o(.revsh_text), (4 bytes).
    Removing py32f002b_hal_rcc_ex.o(i.HAL_RCCEx_DisableLSCO), (2 bytes).
    Removing py32f002b_hal_rcc_ex.o(i.HAL_RCCEx_EnableLSCO), (24 bytes).
    Removing py32f002b_hal_rcc_ex.o(i.HAL_RCCEx_GetPeriphCLKConfig), (68 bytes).
    Removing py32f002b_hal_rcc_ex.o(i.HAL_RCCEx_GetPeriphCLKFreq), (284 bytes).
    Removing py32f002b_hal_rcc_ex.o(i.HAL_RCCEx_PeriphCLKConfig), (188 bytes).
    Removing py32f002b_hal_gpio.o(.rev16_text), (4 bytes).
    Removing py32f002b_hal_gpio.o(.revsh_text), (4 bytes).
    Removing py32f002b_hal_gpio.o(i.HAL_GPIO_DeInit), (244 bytes).
    Removing py32f002b_hal_gpio.o(i.HAL_GPIO_LockPin), (50 bytes).
    Removing py32f002b_hal_gpio.o(i.HAL_GPIO_ReadPin), (18 bytes).
    Removing py32f002b_hal_gpio.o(i.HAL_GPIO_TogglePin), (16 bytes).
    Removing py32f002b_hal_gpio.o(i.HAL_GPIO_WritePin), (12 bytes).
    Removing py32f002b_hal_pwr.o(.rev16_text), (4 bytes).
    Removing py32f002b_hal_pwr.o(.revsh_text), (4 bytes).
    Removing py32f002b_hal_pwr.o(i.HAL_PWR_ConfigBIAS), (60 bytes).
    Removing py32f002b_hal_pwr.o(i.HAL_PWR_ConfigStopMode), (40 bytes).
    Removing py32f002b_hal_pwr.o(i.HAL_PWR_DeInit), (32 bytes).
    Removing py32f002b_hal_pwr.o(i.HAL_PWR_DisableSEVOnPend), (20 bytes).
    Removing py32f002b_hal_pwr.o(i.HAL_PWR_DisableSleepOnExit), (20 bytes).
    Removing py32f002b_hal_pwr.o(i.HAL_PWR_EnableSEVOnPend), (20 bytes).
    Removing py32f002b_hal_pwr.o(i.HAL_PWR_EnableSleepOnExit), (20 bytes).
    Removing py32f002b_hal_pwr.o(i.HAL_PWR_EnterSLEEPMode), (32 bytes).
    Removing py32f002b_hal_pwr.o(i.HAL_PWR_EnterSTOPMode), (64 bytes).
    Removing py32f002b_hal_cortex.o(.rev16_text), (4 bytes).
    Removing py32f002b_hal_cortex.o(.revsh_text), (4 bytes).
    Removing py32f002b_hal_cortex.o(i.HAL_NVIC_ClearPendingIRQ), (24 bytes).
    Removing py32f002b_hal_cortex.o(i.HAL_NVIC_DisableIRQ), (24 bytes).
    Removing py32f002b_hal_cortex.o(i.HAL_NVIC_EnableIRQ), (24 bytes).
    Removing py32f002b_hal_cortex.o(i.HAL_NVIC_GetPendingIRQ), (40 bytes).
    Removing py32f002b_hal_cortex.o(i.HAL_NVIC_GetPriority), (72 bytes).
    Removing py32f002b_hal_cortex.o(i.HAL_NVIC_SetPendingIRQ), (24 bytes).
    Removing py32f002b_hal_cortex.o(i.HAL_NVIC_SystemReset), (56 bytes).
    Removing py32f002b_hal_cortex.o(i.HAL_SYSTICK_CLKSourceConfig), (36 bytes).
    Removing py32f002b_hal_cortex.o(i.HAL_SYSTICK_Callback), (2 bytes).
    Removing py32f002b_hal_cortex.o(i.HAL_SYSTICK_IRQHandler), (8 bytes).
    Removing py32f002b_hal_adc.o(.rev16_text), (4 bytes).
    Removing py32f002b_hal_adc.o(.revsh_text), (4 bytes).
    Removing py32f002b_hal_comp.o(.rev16_text), (4 bytes).
    Removing py32f002b_hal_comp.o(.revsh_text), (4 bytes).
    Removing py32f002b_hal_crc.o(.rev16_text), (4 bytes).
    Removing py32f002b_hal_crc.o(.revsh_text), (4 bytes).
    Removing py32f002b_hal_exti.o(.rev16_text), (4 bytes).
    Removing py32f002b_hal_exti.o(.revsh_text), (4 bytes).
    Removing py32f002b_hal_exti.o(i.HAL_EXTI_ClearConfigLine), (128 bytes).
    Removing py32f002b_hal_exti.o(i.HAL_EXTI_ClearPending), (24 bytes).
    Removing py32f002b_hal_exti.o(i.HAL_EXTI_GenerateSWI), (24 bytes).
    Removing py32f002b_hal_exti.o(i.HAL_EXTI_GetConfigLine), (184 bytes).
    Removing py32f002b_hal_exti.o(i.HAL_EXTI_GetHandle), (16 bytes).
    Removing py32f002b_hal_exti.o(i.HAL_EXTI_GetPending), (36 bytes).
    Removing py32f002b_hal_exti.o(i.HAL_EXTI_IRQHandler), (48 bytes).
    Removing py32f002b_hal_exti.o(i.HAL_EXTI_RegisterCallback), (22 bytes).
    Removing py32f002b_hal_exti.o(i.HAL_EXTI_SetConfigLine), (252 bytes).
    Removing py32f002b_hal_flash.o(.rev16_text), (4 bytes).
    Removing py32f002b_hal_flash.o(.revsh_text), (4 bytes).
    Removing py32f002b_hal_flash.o(i.FLASH_MassErase), (40 bytes).
    Removing py32f002b_hal_flash.o(i.FLASH_OB_OptrConfig), (36 bytes).
    Removing py32f002b_hal_flash.o(i.FLASH_PageErase), (32 bytes).
    Removing py32f002b_hal_flash.o(i.FLASH_Program_Page), (84 bytes).
    Removing py32f002b_hal_flash.o(i.FLASH_SectorErase), (24 bytes).
    Removing py32f002b_hal_flash.o(i.FLASH_WaitForLastOperation), (60 bytes).
    Removing py32f002b_hal_flash.o(i.HAL_FLASH_EndOfOperationCallback), (2 bytes).
    Removing py32f002b_hal_flash.o(i.HAL_FLASH_Erase), (604 bytes).
    Removing py32f002b_hal_flash.o(i.HAL_FLASH_Erase_IT), (492 bytes).
    Removing py32f002b_hal_flash.o(i.HAL_FLASH_GetError), (12 bytes).
    Removing py32f002b_hal_flash.o(i.HAL_FLASH_IRQHandler), (296 bytes).
    Removing py32f002b_hal_flash.o(i.HAL_FLASH_Lock), (36 bytes).
    Removing py32f002b_hal_flash.o(i.HAL_FLASH_OBBOOTGetConfig), (28 bytes).
    Removing py32f002b_hal_flash.o(i.HAL_FLASH_OBBOOTProgram), (456 bytes).
    Removing py32f002b_hal_flash.o(i.HAL_FLASH_OBGetConfig), (64 bytes).
    Removing py32f002b_hal_flash.o(i.HAL_FLASH_OBProgram), (492 bytes).
    Removing py32f002b_hal_flash.o(i.HAL_FLASH_OB_Launch), (24 bytes).
    Removing py32f002b_hal_flash.o(i.HAL_FLASH_OB_Lock), (36 bytes).
    Removing py32f002b_hal_flash.o(i.HAL_FLASH_OB_Unlock), (52 bytes).
    Removing py32f002b_hal_flash.o(i.HAL_FLASH_OperationErrorCallback), (2 bytes).
    Removing py32f002b_hal_flash.o(i.HAL_FLASH_PageProgram), (18 bytes).
    Removing py32f002b_hal_flash.o(i.HAL_FLASH_PageProgram_IT), (18 bytes).
    Removing py32f002b_hal_flash.o(i.HAL_FLASH_Program), (456 bytes).
    Removing py32f002b_hal_flash.o(i.HAL_FLASH_Program_IT), (436 bytes).
    Removing py32f002b_hal_flash.o(i.HAL_FLASH_Unlock), (52 bytes).
    Removing py32f002b_hal_flash.o(.bss), (24 bytes).
    Removing py32f002b_hal_flash.o(.constdata), (32 bytes).
    Removing py32f002b_hal_i2c.o(.rev16_text), (4 bytes).
    Removing py32f002b_hal_i2c.o(.revsh_text), (4 bytes).
    Removing py32f002b_hal_i2c.o(i.HAL_I2C_AddrCallback), (2 bytes).
    Removing py32f002b_hal_i2c.o(i.HAL_I2C_DisableListen_IT), (74 bytes).
    Removing py32f002b_hal_i2c.o(i.HAL_I2C_ErrorCallback), (2 bytes).
    Removing py32f002b_hal_i2c.o(i.HAL_I2C_GetError), (6 bytes).
    Removing py32f002b_hal_i2c.o(i.HAL_I2C_GetMode), (8 bytes).
    Removing py32f002b_hal_i2c.o(i.HAL_I2C_GetState), (8 bytes).
    Removing py32f002b_hal_i2c.o(i.HAL_I2C_IRQHandler), (896 bytes).
    Removing py32f002b_hal_i2c.o(i.HAL_I2C_IsDeviceReady), (464 bytes).
    Removing py32f002b_hal_i2c.o(i.HAL_I2C_ListenCpltCallback), (2 bytes).
    Removing py32f002b_hal_i2c.o(i.HAL_I2C_Master_Abort_IT), (116 bytes).
    Removing py32f002b_hal_i2c.o(i.HAL_I2C_Master_Receive), (808 bytes).
    Removing py32f002b_hal_i2c.o(i.HAL_I2C_Master_Receive_IT), (268 bytes).
    Removing py32f002b_hal_i2c.o(i.HAL_I2C_Master_Seq_Receive_IT), (392 bytes).
    Removing py32f002b_hal_i2c.o(i.HAL_I2C_Master_Seq_Transmit_IT), (300 bytes).
    Removing py32f002b_hal_i2c.o(i.HAL_I2C_Master_Transmit), (384 bytes).
    Removing py32f002b_hal_i2c.o(i.HAL_I2C_Master_Transmit_IT), (252 bytes).
    Removing py32f002b_hal_i2c.o(i.HAL_I2C_Mem_Read), (816 bytes).
    Removing py32f002b_hal_i2c.o(i.HAL_I2C_Mem_Read_IT), (284 bytes).
    Removing py32f002b_hal_i2c.o(i.HAL_I2C_Mem_Write), (372 bytes).
    Removing py32f002b_hal_i2c.o(i.HAL_I2C_Mem_Write_IT), (264 bytes).
    Removing py32f002b_hal_i2c.o(i.HAL_I2C_SlaveRxCpltCallback), (2 bytes).
    Removing py32f002b_hal_i2c.o(i.HAL_I2C_SlaveTxCpltCallback), (2 bytes).
    Removing py32f002b_hal_i2c.o(i.HAL_I2C_Slave_Receive), (404 bytes).
    Removing py32f002b_hal_i2c.o(i.HAL_I2C_Slave_Receive_IT), (156 bytes).
    Removing py32f002b_hal_i2c.o(i.HAL_I2C_Slave_Transmit), (380 bytes).
    Removing py32f002b_hal_i2c.o(i.HAL_I2C_Slave_Transmit_IT), (156 bytes).
    Removing py32f002b_hal_i2c.o(i.I2C_IsAcknowledgeFailed), (66 bytes).
    Removing py32f002b_hal_i2c.o(i.I2C_MasterRequestRead), (144 bytes).
    Removing py32f002b_hal_i2c.o(i.I2C_MasterRequestWrite), (128 bytes).
    Removing py32f002b_hal_i2c.o(i.I2C_RequestMemoryRead), (340 bytes).
    Removing py32f002b_hal_i2c.o(i.I2C_RequestMemoryWrite), (244 bytes).
    Removing py32f002b_hal_i2c.o(i.I2C_WaitOnBTFFlagUntilTimeout), (100 bytes).
    Removing py32f002b_hal_i2c.o(i.I2C_WaitOnFlagUntilTimeout), (130 bytes).
    Removing py32f002b_hal_i2c.o(i.I2C_WaitOnMasterAddressFlagUntilTimeout), (204 bytes).
    Removing py32f002b_hal_i2c.o(i.I2C_WaitOnRXNEFlagUntilTimeout), (132 bytes).
    Removing py32f002b_hal_i2c.o(i.I2C_WaitOnSTOPFlagUntilTimeout), (94 bytes).
    Removing py32f002b_hal_i2c.o(i.I2C_WaitOnTXEFlagUntilTimeout), (100 bytes).
    Removing py32f002b_hal_iwdg.o(.rev16_text), (4 bytes).
    Removing py32f002b_hal_iwdg.o(.revsh_text), (4 bytes).
    Removing py32f002b_hal_iwdg.o(i.HAL_IWDG_Init), (88 bytes).
    Removing py32f002b_hal_iwdg.o(i.HAL_IWDG_Refresh), (16 bytes).
    Removing py32f002b_hal_lptim.o(.rev16_text), (4 bytes).
    Removing py32f002b_hal_lptim.o(.revsh_text), (4 bytes).
    Removing py32f002b_hal_lptim.o(i.HAL_LPTIM_AutoReloadMatchCallback), (2 bytes).
    Removing py32f002b_hal_lptim.o(i.HAL_LPTIM_AutoReloadUpdateCompletedCallback), (2 bytes).
    Removing py32f002b_hal_lptim.o(i.HAL_LPTIM_DeInit), (48 bytes).
    Removing py32f002b_hal_lptim.o(i.HAL_LPTIM_GetState), (6 bytes).
    Removing py32f002b_hal_lptim.o(i.HAL_LPTIM_IRQHandler), (82 bytes).
    Removing py32f002b_hal_lptim.o(i.HAL_LPTIM_Init), (64 bytes).
    Removing py32f002b_hal_lptim.o(i.HAL_LPTIM_MspDeInit), (2 bytes).
    Removing py32f002b_hal_lptim.o(i.HAL_LPTIM_MspInit), (2 bytes).
    Removing py32f002b_hal_lptim.o(i.HAL_LPTIM_ReadAutoReload), (8 bytes).
    Removing py32f002b_hal_lptim.o(i.HAL_LPTIM_ReadCounter), (8 bytes).
    Removing py32f002b_hal_lptim.o(i.HAL_LPTIM_ResetCounter), (34 bytes).
    Removing py32f002b_hal_lptim.o(i.HAL_LPTIM_SetContinue_Start), (42 bytes).
    Removing py32f002b_hal_lptim.o(i.HAL_LPTIM_SetContinue_Start_IT), (54 bytes).
    Removing py32f002b_hal_lptim.o(i.HAL_LPTIM_SetContinue_Stop), (26 bytes).
    Removing py32f002b_hal_lptim.o(i.HAL_LPTIM_SetContinue_Stop_IT), (38 bytes).
    Removing py32f002b_hal_lptim.o(i.HAL_LPTIM_SetOnce_Start), (42 bytes).
    Removing py32f002b_hal_lptim.o(i.HAL_LPTIM_SetOnce_Start_IT), (54 bytes).
    Removing py32f002b_hal_lptim.o(i.HAL_LPTIM_SetOnce_Stop), (26 bytes).
    Removing py32f002b_hal_lptim.o(i.HAL_LPTIM_SetOnce_Stop_IT), (38 bytes).
    Removing py32f002b_hal_spi.o(.rev16_text), (4 bytes).
    Removing py32f002b_hal_spi.o(.revsh_text), (4 bytes).
    Removing py32f002b_hal_tim.o(.rev16_text), (4 bytes).
    Removing py32f002b_hal_tim.o(.revsh_text), (4 bytes).
    Removing py32f002b_hal_tim.o(i.HAL_TIM_Base_DeInit), (72 bytes).
    Removing py32f002b_hal_tim.o(i.HAL_TIM_Base_GetState), (6 bytes).
    Removing py32f002b_hal_tim.o(i.HAL_TIM_Base_Init), (46 bytes).
    Removing py32f002b_hal_tim.o(i.HAL_TIM_Base_MspDeInit), (2 bytes).
    Removing py32f002b_hal_tim.o(i.HAL_TIM_Base_MspInit), (2 bytes).
    Removing py32f002b_hal_tim.o(i.HAL_TIM_Base_Start), (38 bytes).
    Removing py32f002b_hal_tim.o(i.HAL_TIM_Base_Start_IT), (42 bytes).
    Removing py32f002b_hal_tim.o(i.HAL_TIM_Base_Stop), (60 bytes).
    Removing py32f002b_hal_tim.o(i.HAL_TIM_Base_Stop_IT), (64 bytes).
    Removing py32f002b_hal_tim.o(i.HAL_TIM_ConfigClockSource), (262 bytes).
    Removing py32f002b_hal_tim.o(i.HAL_TIM_ConfigOCrefClear), (312 bytes).
    Removing py32f002b_hal_tim.o(i.HAL_TIM_ConfigTI1Input), (32 bytes).
    Removing py32f002b_hal_tim.o(i.HAL_TIM_Encoder_DeInit), (72 bytes).
    Removing py32f002b_hal_tim.o(i.HAL_TIM_Encoder_GetState), (6 bytes).
    Removing py32f002b_hal_tim.o(i.HAL_TIM_Encoder_Init), (184 bytes).
    Removing py32f002b_hal_tim.o(i.HAL_TIM_Encoder_MspDeInit), (2 bytes).
    Removing py32f002b_hal_tim.o(i.HAL_TIM_Encoder_MspInit), (2 bytes).
    Removing py32f002b_hal_tim.o(i.HAL_TIM_Encoder_Start), (80 bytes).
    Removing py32f002b_hal_tim.o(i.HAL_TIM_Encoder_Start_IT), (128 bytes).
    Removing py32f002b_hal_tim.o(i.HAL_TIM_Encoder_Stop), (112 bytes).
    Removing py32f002b_hal_tim.o(i.HAL_TIM_Encoder_Stop_IT), (160 bytes).
    Removing py32f002b_hal_tim.o(i.HAL_TIM_ErrorCallback), (2 bytes).
    Removing py32f002b_hal_tim.o(i.HAL_TIM_GenerateEvent), (44 bytes).
    Removing py32f002b_hal_tim.o(i.HAL_TIM_IC_CaptureCallback), (2 bytes).
    Removing py32f002b_hal_tim.o(i.HAL_TIM_IC_CaptureHalfCpltCallback), (2 bytes).
    Removing py32f002b_hal_tim.o(i.HAL_TIM_IC_ConfigChannel), (216 bytes).
    Removing py32f002b_hal_tim.o(i.HAL_TIM_IC_DeInit), (72 bytes).
    Removing py32f002b_hal_tim.o(i.HAL_TIM_IC_GetState), (6 bytes).
    Removing py32f002b_hal_tim.o(i.HAL_TIM_IC_Init), (46 bytes).
    Removing py32f002b_hal_tim.o(i.HAL_TIM_IC_MspDeInit), (2 bytes).
    Removing py32f002b_hal_tim.o(i.HAL_TIM_IC_MspInit), (2 bytes).
    Removing py32f002b_hal_tim.o(i.HAL_TIM_IC_Start), (44 bytes).
    Removing py32f002b_hal_tim.o(i.HAL_TIM_IC_Start_IT), (122 bytes).
    Removing py32f002b_hal_tim.o(i.HAL_TIM_IC_Stop), (64 bytes).
    Removing py32f002b_hal_tim.o(i.HAL_TIM_IC_Stop_IT), (144 bytes).
    Removing py32f002b_hal_tim.o(i.HAL_TIM_IRQHandler), (456 bytes).
    Removing py32f002b_hal_tim.o(i.HAL_TIM_OC_ConfigChannel), (108 bytes).
    Removing py32f002b_hal_tim.o(i.HAL_TIM_OC_DeInit), (72 bytes).
    Removing py32f002b_hal_tim.o(i.HAL_TIM_OC_DelayElapsedCallback), (2 bytes).
    Removing py32f002b_hal_tim.o(i.HAL_TIM_OC_GetState), (6 bytes).
    Removing py32f002b_hal_tim.o(i.HAL_TIM_OC_Init), (46 bytes).
    Removing py32f002b_hal_tim.o(i.HAL_TIM_OC_MspDeInit), (2 bytes).
    Removing py32f002b_hal_tim.o(i.HAL_TIM_OC_MspInit), (2 bytes).
    Removing py32f002b_hal_tim.o(i.HAL_TIM_OC_Start), (92 bytes).
    Removing py32f002b_hal_tim.o(i.HAL_TIM_OC_Start_IT), (172 bytes).
    Removing py32f002b_hal_tim.o(i.HAL_TIM_OC_Stop), (140 bytes).
    Removing py32f002b_hal_tim.o(i.HAL_TIM_OC_Stop_IT), (220 bytes).
    Removing py32f002b_hal_tim.o(i.HAL_TIM_OnePulse_ConfigChannel), (286 bytes).
    Removing py32f002b_hal_tim.o(i.HAL_TIM_OnePulse_DeInit), (72 bytes).
    Removing py32f002b_hal_tim.o(i.HAL_TIM_OnePulse_GetState), (6 bytes).
    Removing py32f002b_hal_tim.o(i.HAL_TIM_OnePulse_Init), (70 bytes).
    Removing py32f002b_hal_tim.o(i.HAL_TIM_OnePulse_MspDeInit), (2 bytes).
    Removing py32f002b_hal_tim.o(i.HAL_TIM_OnePulse_MspInit), (2 bytes).
    Removing py32f002b_hal_tim.o(i.HAL_TIM_OnePulse_Start), (80 bytes).
    Removing py32f002b_hal_tim.o(i.HAL_TIM_OnePulse_Start_IT), (104 bytes).
    Removing py32f002b_hal_tim.o(i.HAL_TIM_OnePulse_Stop), (152 bytes).
    Removing py32f002b_hal_tim.o(i.HAL_TIM_OnePulse_Stop_IT), (176 bytes).
    Removing py32f002b_hal_tim.o(i.HAL_TIM_PWM_ConfigChannel), (264 bytes).
    Removing py32f002b_hal_tim.o(i.HAL_TIM_PWM_DeInit), (72 bytes).
    Removing py32f002b_hal_tim.o(i.HAL_TIM_PWM_GetState), (6 bytes).
    Removing py32f002b_hal_tim.o(i.HAL_TIM_PWM_Init), (46 bytes).
    Removing py32f002b_hal_tim.o(i.HAL_TIM_PWM_MspDeInit), (2 bytes).
    Removing py32f002b_hal_tim.o(i.HAL_TIM_PWM_MspInit), (2 bytes).
    Removing py32f002b_hal_tim.o(i.HAL_TIM_PWM_PulseFinishedCallback), (2 bytes).
    Removing py32f002b_hal_tim.o(i.HAL_TIM_PWM_PulseFinishedHalfCpltCallback), (2 bytes).
    Removing py32f002b_hal_tim.o(i.HAL_TIM_PWM_Start), (92 bytes).
    Removing py32f002b_hal_tim.o(i.HAL_TIM_PWM_Start_IT), (172 bytes).
    Removing py32f002b_hal_tim.o(i.HAL_TIM_PWM_Stop), (144 bytes).
    Removing py32f002b_hal_tim.o(i.HAL_TIM_PWM_Stop_IT), (220 bytes).
    Removing py32f002b_hal_tim.o(i.HAL_TIM_PeriodElapsedCallback), (2 bytes).
    Removing py32f002b_hal_tim.o(i.HAL_TIM_PeriodElapsedHalfCpltCallback), (2 bytes).
    Removing py32f002b_hal_tim.o(i.HAL_TIM_ReadCapturedValue), (52 bytes).
    Removing py32f002b_hal_tim.o(i.HAL_TIM_SlaveConfigSynchro), (84 bytes).
    Removing py32f002b_hal_tim.o(i.HAL_TIM_SlaveConfigSynchro_IT), (84 bytes).
    Removing py32f002b_hal_tim.o(i.HAL_TIM_TriggerCallback), (2 bytes).
    Removing py32f002b_hal_tim.o(i.HAL_TIM_TriggerHalfCpltCallback), (2 bytes).
    Removing py32f002b_hal_tim.o(i.TIM_Base_SetConfig), (96 bytes).
    Removing py32f002b_hal_tim.o(i.TIM_CCxChannelCmd), (34 bytes).
    Removing py32f002b_hal_tim.o(i.TIM_ETR_SetConfig), (28 bytes).
    Removing py32f002b_hal_tim.o(i.TIM_ITRx_SetConfig), (24 bytes).
    Removing py32f002b_hal_tim.o(i.TIM_OC1_SetConfig), (140 bytes).
    Removing py32f002b_hal_tim.o(i.TIM_OC2_SetConfig), (156 bytes).
    Removing py32f002b_hal_tim.o(i.TIM_OC3_SetConfig), (152 bytes).
    Removing py32f002b_hal_tim.o(i.TIM_OC4_SetConfig), (108 bytes).
    Removing py32f002b_hal_tim.o(i.TIM_SlaveTimer_SetConfig), (176 bytes).
    Removing py32f002b_hal_tim.o(i.TIM_TI1_ConfigInputStage), (50 bytes).
    Removing py32f002b_hal_tim.o(i.TIM_TI1_SetConfig), (88 bytes).
    Removing py32f002b_hal_tim.o(i.TIM_TI2_ConfigInputStage), (50 bytes).
    Removing py32f002b_hal_tim.o(i.TIM_TI2_SetConfig), (72 bytes).
    Removing py32f002b_hal_tim.o(i.TIM_TI3_SetConfig), (70 bytes).
    Removing py32f002b_hal_tim.o(i.TIM_TI4_SetConfig), (78 bytes).
    Removing py32f002b_hal_tim_ex.o(.rev16_text), (4 bytes).
    Removing py32f002b_hal_tim_ex.o(.revsh_text), (4 bytes).
    Removing py32f002b_hal_tim_ex.o(i.HAL_TIMEx_BreakCallback), (2 bytes).
    Removing py32f002b_hal_tim_ex.o(i.HAL_TIMEx_CommutCallback), (2 bytes).
    Removing py32f002b_hal_tim_ex.o(i.HAL_TIMEx_CommutHalfCpltCallback), (2 bytes).
    Removing py32f002b_hal_tim_ex.o(i.HAL_TIMEx_ConfigBreakDeadTime), (134 bytes).
    Removing py32f002b_hal_tim_ex.o(i.HAL_TIMEx_ConfigCommutEvent), (118 bytes).
    Removing py32f002b_hal_tim_ex.o(i.HAL_TIMEx_ConfigCommutEvent_IT), (118 bytes).
    Removing py32f002b_hal_tim_ex.o(i.HAL_TIMEx_HallSensor_DeInit), (72 bytes).
    Removing py32f002b_hal_tim_ex.o(i.HAL_TIMEx_HallSensor_GetState), (6 bytes).
    Removing py32f002b_hal_tim_ex.o(i.HAL_TIMEx_HallSensor_Init), (202 bytes).
    Removing py32f002b_hal_tim_ex.o(i.HAL_TIMEx_HallSensor_MspDeInit), (2 bytes).
    Removing py32f002b_hal_tim_ex.o(i.HAL_TIMEx_HallSensor_MspInit), (2 bytes).
    Removing py32f002b_hal_tim_ex.o(i.HAL_TIMEx_HallSensor_Start), (42 bytes).
    Removing py32f002b_hal_tim_ex.o(i.HAL_TIMEx_HallSensor_Start_IT), (54 bytes).
    Removing py32f002b_hal_tim_ex.o(i.HAL_TIMEx_HallSensor_Stop), (64 bytes).
    Removing py32f002b_hal_tim_ex.o(i.HAL_TIMEx_HallSensor_Stop_IT), (76 bytes).
    Removing py32f002b_hal_tim_ex.o(i.HAL_TIMEx_MasterConfigSynchronization), (96 bytes).
    Removing py32f002b_hal_tim_ex.o(i.HAL_TIMEx_OCN_Start), (58 bytes).
    Removing py32f002b_hal_tim_ex.o(i.HAL_TIMEx_OCN_Start_IT), (130 bytes).
    Removing py32f002b_hal_tim_ex.o(i.HAL_TIMEx_OCN_Stop), (108 bytes).
    Removing py32f002b_hal_tim_ex.o(i.HAL_TIMEx_OCN_Stop_IT), (196 bytes).
    Removing py32f002b_hal_tim_ex.o(i.HAL_TIMEx_OnePulseN_Start), (34 bytes).
    Removing py32f002b_hal_tim_ex.o(i.HAL_TIMEx_OnePulseN_Start_IT), (58 bytes).
    Removing py32f002b_hal_tim_ex.o(i.HAL_TIMEx_OnePulseN_Stop), (108 bytes).
    Removing py32f002b_hal_tim_ex.o(i.HAL_TIMEx_OnePulseN_Stop_IT), (132 bytes).
    Removing py32f002b_hal_tim_ex.o(i.HAL_TIMEx_PWMN_Start), (58 bytes).
    Removing py32f002b_hal_tim_ex.o(i.HAL_TIMEx_PWMN_Start_IT), (130 bytes).
    Removing py32f002b_hal_tim_ex.o(i.HAL_TIMEx_PWMN_Stop), (108 bytes).
    Removing py32f002b_hal_tim_ex.o(i.HAL_TIMEx_PWMN_Stop_IT), (196 bytes).
    Removing py32f002b_hal_tim_ex.o(i.HAL_TIMEx_RemapConfig), (36 bytes).
    Removing py32f002b_hal_tim_ex.o(i.TIM_CCxNChannelCmd), (34 bytes).
    Removing py32f002b_hal_uart.o(.rev16_text), (4 bytes).
    Removing py32f002b_hal_uart.o(.revsh_text), (4 bytes).
    Removing py32f002b_hal_usart.o(.rev16_text), (4 bytes).
    Removing py32f002b_hal_usart.o(.revsh_text), (4 bytes).
    Removing py32f002b_ll_utils.o(.rev16_text), (4 bytes).
    Removing py32f002b_ll_utils.o(.revsh_text), (4 bytes).
    Removing py32f002b_ll_utils.o(i.LL_Init1msTick), (40 bytes).
    Removing py32f002b_ll_utils.o(i.LL_SetFlashLatency), (100 bytes).
    Removing py32f002b_ll_utils.o(i.LL_SetSystemCoreClock), (12 bytes).
    Removing py32f002b_ll_utils.o(i.LL_mDelay), (52 bytes).
    Removing py32f002b_ll_utils.o(.data), (32 bytes).
    Removing iic.o(.rev16_text), (4 bytes).
    Removing iic.o(.revsh_text), (4 bytes).
    Removing iic.o(i.I2C_Slave_Handler), (68 bytes).
    Removing iic.o(i.IIC_GPIO_Idle_Config), (80 bytes).
    Removing lowpower.o(.rev16_text), (4 bytes).
    Removing lowpower.o(.revsh_text), (4 bytes).
    Removing lowpower.o(i.Low_Power_Task), (28 bytes).
    Removing lptim.o(.rev16_text), (4 bytes).
    Removing lptim.o(.revsh_text), (4 bytes).
    Removing wdt.o(.rev16_text), (4 bytes).
    Removing wdt.o(.revsh_text), (4 bytes).
    Removing config.o(.rev16_text), (4 bytes).
    Removing config.o(.revsh_text), (4 bytes).
    Removing task.o(.rev16_text), (4 bytes).
    Removing task.o(.revsh_text), (4 bytes).
    Removing task.o(i.Get_Lptim_Value), (12 bytes).
    Removing task.o(i.Get_Tim14_Value), (12 bytes).
    Removing task.o(i.Get_Tim1_Value), (12 bytes).
    Removing task.o(i.Tick_Calc), (20 bytes).
    Removing task.o(i.Time_Test_Task), (32 bytes).
    Removing tim.o(.rev16_text), (4 bytes).
    Removing tim.o(.revsh_text), (4 bytes).
    Removing py32f002b_hal_tim.o(i.__ARM_common_switch8), (28 bytes).

357 unused section(s) (total 27222 bytes) removed from the image.

==============================================================================

Image Symbol Table

    Local Symbols

    Symbol Name                              Value     Ov Type        Size  Object(Section)

    ../clib/../cmprslib/zerorunl.c           0x00000000   Number         0  __dczerorl.o ABSOLUTE
    ../clib/microlib/division.c              0x00000000   Number         0  uidiv.o ABSOLUTE
    ../clib/microlib/init/entry.s            0x00000000   Number         0  entry11a.o ABSOLUTE
    ../clib/microlib/init/entry.s            0x00000000   Number         0  entry.o ABSOLUTE
    ../clib/microlib/init/entry.s            0x00000000   Number         0  entry2.o ABSOLUTE
    ../clib/microlib/init/entry.s            0x00000000   Number         0  entry5.o ABSOLUTE
    ../clib/microlib/init/entry.s            0x00000000   Number         0  entry7a.o ABSOLUTE
    ../clib/microlib/init/entry.s            0x00000000   Number         0  entry11b.o ABSOLUTE
    ../clib/microlib/init/entry.s            0x00000000   Number         0  entry8a.o ABSOLUTE
    ../clib/microlib/init/entry.s            0x00000000   Number         0  entry10b.o ABSOLUTE
    ../clib/microlib/init/entry.s            0x00000000   Number         0  entry10a.o ABSOLUTE
    ../clib/microlib/init/entry.s            0x00000000   Number         0  entry7b.o ABSOLUTE
    ../clib/microlib/init/entry.s            0x00000000   Number         0  entry9b.o ABSOLUTE
    ../clib/microlib/init/entry.s            0x00000000   Number         0  entry9a.o ABSOLUTE
    ../clib/microlib/init/entry.s            0x00000000   Number         0  entry8b.o ABSOLUTE
    ../clib/microlib/string/memcpy.c         0x00000000   Number         0  memcpya.o ABSOLUTE
    ../clib/microlib/string/memcpy.c         0x00000000   Number         0  memcpyb.o ABSOLUTE
    ../clib/microlib/string/memset.c         0x00000000   Number         0  memseta.o ABSOLUTE
    ..\..\..\Drivers\PY32F002B_HAL_Driver\Src\py32f002b_hal.c 0x00000000   Number         0  py32f002b_hal.o ABSOLUTE
    ..\..\..\Drivers\PY32F002B_HAL_Driver\Src\py32f002b_hal_adc.c 0x00000000   Number         0  py32f002b_hal_adc.o ABSOLUTE
    ..\..\..\Drivers\PY32F002B_HAL_Driver\Src\py32f002b_hal_comp.c 0x00000000   Number         0  py32f002b_hal_comp.o ABSOLUTE
    ..\..\..\Drivers\PY32F002B_HAL_Driver\Src\py32f002b_hal_cortex.c 0x00000000   Number         0  py32f002b_hal_cortex.o ABSOLUTE
    ..\..\..\Drivers\PY32F002B_HAL_Driver\Src\py32f002b_hal_crc.c 0x00000000   Number         0  py32f002b_hal_crc.o ABSOLUTE
    ..\..\..\Drivers\PY32F002B_HAL_Driver\Src\py32f002b_hal_exti.c 0x00000000   Number         0  py32f002b_hal_exti.o ABSOLUTE
    ..\..\..\Drivers\PY32F002B_HAL_Driver\Src\py32f002b_hal_flash.c 0x00000000   Number         0  py32f002b_hal_flash.o ABSOLUTE
    ..\..\..\Drivers\PY32F002B_HAL_Driver\Src\py32f002b_hal_gpio.c 0x00000000   Number         0  py32f002b_hal_gpio.o ABSOLUTE
    ..\..\..\Drivers\PY32F002B_HAL_Driver\Src\py32f002b_hal_i2c.c 0x00000000   Number         0  py32f002b_hal_i2c.o ABSOLUTE
    ..\..\..\Drivers\PY32F002B_HAL_Driver\Src\py32f002b_hal_iwdg.c 0x00000000   Number         0  py32f002b_hal_iwdg.o ABSOLUTE
    ..\..\..\Drivers\PY32F002B_HAL_Driver\Src\py32f002b_hal_lptim.c 0x00000000   Number         0  py32f002b_hal_lptim.o ABSOLUTE
    ..\..\..\Drivers\PY32F002B_HAL_Driver\Src\py32f002b_hal_pwr.c 0x00000000   Number         0  py32f002b_hal_pwr.o ABSOLUTE
    ..\..\..\Drivers\PY32F002B_HAL_Driver\Src\py32f002b_hal_rcc.c 0x00000000   Number         0  py32f002b_hal_rcc.o ABSOLUTE
    ..\..\..\Drivers\PY32F002B_HAL_Driver\Src\py32f002b_hal_rcc_ex.c 0x00000000   Number         0  py32f002b_hal_rcc_ex.o ABSOLUTE
    ..\..\..\Drivers\PY32F002B_HAL_Driver\Src\py32f002b_hal_spi.c 0x00000000   Number         0  py32f002b_hal_spi.o ABSOLUTE
    ..\..\..\Drivers\PY32F002B_HAL_Driver\Src\py32f002b_hal_tim.c 0x00000000   Number         0  py32f002b_hal_tim.o ABSOLUTE
    ..\..\..\Drivers\PY32F002B_HAL_Driver\Src\py32f002b_hal_tim_ex.c 0x00000000   Number         0  py32f002b_hal_tim_ex.o ABSOLUTE
    ..\..\..\Drivers\PY32F002B_HAL_Driver\Src\py32f002b_hal_uart.c 0x00000000   Number         0  py32f002b_hal_uart.o ABSOLUTE
    ..\..\..\Drivers\PY32F002B_HAL_Driver\Src\py32f002b_hal_usart.c 0x00000000   Number         0  py32f002b_hal_usart.o ABSOLUTE
    ..\..\..\Drivers\PY32F002B_HAL_Driver\Src\py32f002b_ll_adc.c 0x00000000   Number         0  py32f002b_ll_adc.o ABSOLUTE
    ..\..\..\Drivers\PY32F002B_HAL_Driver\Src\py32f002b_ll_comp.c 0x00000000   Number         0  py32f002b_ll_comp.o ABSOLUTE
    ..\..\..\Drivers\PY32F002B_HAL_Driver\Src\py32f002b_ll_crc.c 0x00000000   Number         0  py32f002b_ll_crc.o ABSOLUTE
    ..\..\..\Drivers\PY32F002B_HAL_Driver\Src\py32f002b_ll_exti.c 0x00000000   Number         0  py32f002b_ll_exti.o ABSOLUTE
    ..\..\..\Drivers\PY32F002B_HAL_Driver\Src\py32f002b_ll_gpio.c 0x00000000   Number         0  py32f002b_ll_gpio.o ABSOLUTE
    ..\..\..\Drivers\PY32F002B_HAL_Driver\Src\py32f002b_ll_i2c.c 0x00000000   Number         0  py32f002b_ll_i2c.o ABSOLUTE
    ..\..\..\Drivers\PY32F002B_HAL_Driver\Src\py32f002b_ll_lptim.c 0x00000000   Number         0  py32f002b_ll_lptim.o ABSOLUTE
    ..\..\..\Drivers\PY32F002B_HAL_Driver\Src\py32f002b_ll_pwr.c 0x00000000   Number         0  py32f002b_ll_pwr.o ABSOLUTE
    ..\..\..\Drivers\PY32F002B_HAL_Driver\Src\py32f002b_ll_rcc.c 0x00000000   Number         0  py32f002b_ll_rcc.o ABSOLUTE
    ..\..\..\Drivers\PY32F002B_HAL_Driver\Src\py32f002b_ll_spi.c 0x00000000   Number         0  py32f002b_ll_spi.o ABSOLUTE
    ..\..\..\Drivers\PY32F002B_HAL_Driver\Src\py32f002b_ll_tim.c 0x00000000   Number         0  py32f002b_ll_tim.o ABSOLUTE
    ..\..\..\Drivers\PY32F002B_HAL_Driver\Src\py32f002b_ll_usart.c 0x00000000   Number         0  py32f002b_ll_usart.o ABSOLUTE
    ..\..\..\Drivers\PY32F002B_HAL_Driver\Src\py32f002b_ll_utils.c 0x00000000   Number         0  py32f002b_ll_utils.o ABSOLUTE
    ..\Src\Config.c                          0x00000000   Number         0  config.o ABSOLUTE
    ..\Src\IIC.c                             0x00000000   Number         0  iic.o ABSOLUTE
    ..\Src\LowPower.c                        0x00000000   Number         0  lowpower.o ABSOLUTE
    ..\Src\Lptim.c                           0x00000000   Number         0  lptim.o ABSOLUTE
    ..\Src\Task.c                            0x00000000   Number         0  task.o ABSOLUTE
    ..\Src\Wdt.c                             0x00000000   Number         0  wdt.o ABSOLUTE
    ..\Src\main.c                            0x00000000   Number         0  main.o ABSOLUTE
    ..\Src\py32f002b_hal_msp.c               0x00000000   Number         0  py32f002b_hal_msp.o ABSOLUTE
    ..\Src\py32f002b_it.c                    0x00000000   Number         0  py32f002b_it.o ABSOLUTE
    ..\Src\system_py32f002b.c                0x00000000   Number         0  system_py32f002b.o ABSOLUTE
    ..\\..\\..\\Drivers\\PY32F002B_HAL_Driver\\Src\\py32f002b_hal.c 0x00000000   Number         0  py32f002b_hal.o ABSOLUTE
    ..\\..\\..\\Drivers\\PY32F002B_HAL_Driver\\Src\\py32f002b_hal_adc.c 0x00000000   Number         0  py32f002b_hal_adc.o ABSOLUTE
    ..\\..\\..\\Drivers\\PY32F002B_HAL_Driver\\Src\\py32f002b_hal_comp.c 0x00000000   Number         0  py32f002b_hal_comp.o ABSOLUTE
    ..\\..\\..\\Drivers\\PY32F002B_HAL_Driver\\Src\\py32f002b_hal_cortex.c 0x00000000   Number         0  py32f002b_hal_cortex.o ABSOLUTE
    ..\\..\\..\\Drivers\\PY32F002B_HAL_Driver\\Src\\py32f002b_hal_crc.c 0x00000000   Number         0  py32f002b_hal_crc.o ABSOLUTE
    ..\\..\\..\\Drivers\\PY32F002B_HAL_Driver\\Src\\py32f002b_hal_exti.c 0x00000000   Number         0  py32f002b_hal_exti.o ABSOLUTE
    ..\\..\\..\\Drivers\\PY32F002B_HAL_Driver\\Src\\py32f002b_hal_flash.c 0x00000000   Number         0  py32f002b_hal_flash.o ABSOLUTE
    ..\\..\\..\\Drivers\\PY32F002B_HAL_Driver\\Src\\py32f002b_hal_gpio.c 0x00000000   Number         0  py32f002b_hal_gpio.o ABSOLUTE
    ..\\..\\..\\Drivers\\PY32F002B_HAL_Driver\\Src\\py32f002b_hal_i2c.c 0x00000000   Number         0  py32f002b_hal_i2c.o ABSOLUTE
    ..\\..\\..\\Drivers\\PY32F002B_HAL_Driver\\Src\\py32f002b_hal_iwdg.c 0x00000000   Number         0  py32f002b_hal_iwdg.o ABSOLUTE
    ..\\..\\..\\Drivers\\PY32F002B_HAL_Driver\\Src\\py32f002b_hal_lptim.c 0x00000000   Number         0  py32f002b_hal_lptim.o ABSOLUTE
    ..\\..\\..\\Drivers\\PY32F002B_HAL_Driver\\Src\\py32f002b_hal_pwr.c 0x00000000   Number         0  py32f002b_hal_pwr.o ABSOLUTE
    ..\\..\\..\\Drivers\\PY32F002B_HAL_Driver\\Src\\py32f002b_hal_rcc.c 0x00000000   Number         0  py32f002b_hal_rcc.o ABSOLUTE
    ..\\..\\..\\Drivers\\PY32F002B_HAL_Driver\\Src\\py32f002b_hal_rcc_ex.c 0x00000000   Number         0  py32f002b_hal_rcc_ex.o ABSOLUTE
    ..\\..\\..\\Drivers\\PY32F002B_HAL_Driver\\Src\\py32f002b_hal_spi.c 0x00000000   Number         0  py32f002b_hal_spi.o ABSOLUTE
    ..\\..\\..\\Drivers\\PY32F002B_HAL_Driver\\Src\\py32f002b_hal_tim.c 0x00000000   Number         0  py32f002b_hal_tim.o ABSOLUTE
    ..\\..\\..\\Drivers\\PY32F002B_HAL_Driver\\Src\\py32f002b_hal_tim_ex.c 0x00000000   Number         0  py32f002b_hal_tim_ex.o ABSOLUTE
    ..\\..\\..\\Drivers\\PY32F002B_HAL_Driver\\Src\\py32f002b_hal_uart.c 0x00000000   Number         0  py32f002b_hal_uart.o ABSOLUTE
    ..\\..\\..\\Drivers\\PY32F002B_HAL_Driver\\Src\\py32f002b_hal_usart.c 0x00000000   Number         0  py32f002b_hal_usart.o ABSOLUTE
    ..\\..\\..\\Drivers\\PY32F002B_HAL_Driver\\Src\\py32f002b_ll_utils.c 0x00000000   Number         0  py32f002b_ll_utils.o ABSOLUTE
    ..\\Src\\Config.c                        0x00000000   Number         0  config.o ABSOLUTE
    ..\\Src\\IIC.c                           0x00000000   Number         0  iic.o ABSOLUTE
    ..\\Src\\LowPower.c                      0x00000000   Number         0  lowpower.o ABSOLUTE
    ..\\Src\\Lptim.c                         0x00000000   Number         0  lptim.o ABSOLUTE
    ..\\Src\\Task.c                          0x00000000   Number         0  task.o ABSOLUTE
    ..\\Src\\Wdt.c                           0x00000000   Number         0  wdt.o ABSOLUTE
    ..\\Src\\main.c                          0x00000000   Number         0  main.o ABSOLUTE
    ..\\Src\\py32f002b_hal_msp.c             0x00000000   Number         0  py32f002b_hal_msp.o ABSOLUTE
    ..\\Src\\py32f002b_it.c                  0x00000000   Number         0  py32f002b_it.o ABSOLUTE
    ..\\Src\\system_py32f002b.c              0x00000000   Number         0  system_py32f002b.o ABSOLUTE
    Tim.c                                    0x00000000   Number         0  tim.o ABSOLUTE
    Tim.c                                    0x00000000   Number         0  tim.o ABSOLUTE
    dc.s                                     0x00000000   Number         0  dc.o ABSOLUTE
    handlers.s                               0x00000000   Number         0  handlers.o ABSOLUTE
    init.s                                   0x00000000   Number         0  init.o ABSOLUTE
    startup_py32f002bxx.s                    0x00000000   Number         0  startup_py32f002bxx.o ABSOLUTE
    RESET                                    0x08000000   Section      192  startup_py32f002bxx.o(RESET)
    .ARM.Collect$$$$00000000                 0x080000c0   Section        0  entry.o(.ARM.Collect$$$$00000000)
    .ARM.Collect$$$$00000001                 0x080000c0   Section        4  entry2.o(.ARM.Collect$$$$00000001)
    .ARM.Collect$$$$00000004                 0x080000c4   Section        4  entry5.o(.ARM.Collect$$$$00000004)
    .ARM.Collect$$$$00000008                 0x080000c8   Section        0  entry7b.o(.ARM.Collect$$$$00000008)
    .ARM.Collect$$$$0000000A                 0x080000c8   Section        0  entry8b.o(.ARM.Collect$$$$0000000A)
    .ARM.Collect$$$$0000000B                 0x080000c8   Section        8  entry9a.o(.ARM.Collect$$$$0000000B)
    .ARM.Collect$$$$0000000D                 0x080000d0   Section        0  entry10a.o(.ARM.Collect$$$$0000000D)
    .ARM.Collect$$$$0000000F                 0x080000d0   Section        0  entry11a.o(.ARM.Collect$$$$0000000F)
    .ARM.Collect$$$$00002712                 0x080000d0   Section        4  entry2.o(.ARM.Collect$$$$00002712)
    __lit__00000000                          0x080000d0   Data           4  entry2.o(.ARM.Collect$$$$00002712)
    .text                                    0x080000d4   Section       28  startup_py32f002bxx.o(.text)
    .text                                    0x080000f0   Section        0  uidiv.o(.text)
    .text                                    0x0800011c   Section        0  memcpya.o(.text)
    .text                                    0x08000140   Section        0  memseta.o(.text)
    .text                                    0x08000164   Section       36  init.o(.text)
    .text                                    0x08000188   Section        0  __dczerorl.o(.text)
    i.ALL_Config                             0x080001c2   Section        0  config.o(i.ALL_Config)
    i.APP_ErrorHandler                       0x080001d6   Section        0  main.o(i.APP_ErrorHandler)
    i.APP_SystemClockConfig                  0x080001dc   Section        0  config.o(i.APP_SystemClockConfig)
    APP_SystemClockConfig                    0x080001dd   Thumb Code    98  config.o(i.APP_SystemClockConfig)
    i.DelayTime                              0x08000244   Section        0  system_py32f002b.o(i.DelayTime)
    DelayTime                                0x08000245   Thumb Code    24  system_py32f002b.o(i.DelayTime)
    i.EXTI2_3_IRQHandler                     0x08000260   Section        0  py32f002b_it.o(i.EXTI2_3_IRQHandler)
    i.HAL_GPIO_EXTI_Callback                 0x08000274   Section        0  py32f002b_hal_gpio.o(i.HAL_GPIO_EXTI_Callback)
    i.HAL_GPIO_EXTI_IRQHandler               0x08000278   Section        0  py32f002b_hal_gpio.o(i.HAL_GPIO_EXTI_IRQHandler)
    i.HAL_GPIO_Init                          0x08000298   Section        0  py32f002b_hal_gpio.o(i.HAL_GPIO_Init)
    i.HAL_GetTick                            0x0800044c   Section        0  py32f002b_hal.o(i.HAL_GetTick)
    i.HAL_I2C_AbortCpltCallback              0x08000458   Section        0  py32f002b_hal_i2c.o(i.HAL_I2C_AbortCpltCallback)
    i.HAL_I2C_AddrCallback                   0x0800045c   Section        0  iic.o(i.HAL_I2C_AddrCallback)
    i.HAL_I2C_DeInit                         0x080004c0   Section        0  py32f002b_hal_i2c.o(i.HAL_I2C_DeInit)
    i.HAL_I2C_ER_IRQHandler                  0x08000504   Section        0  py32f002b_hal_i2c.o(i.HAL_I2C_ER_IRQHandler)
    i.HAL_I2C_EV_IRQHandler                  0x08000624   Section        0  py32f002b_hal_i2c.o(i.HAL_I2C_EV_IRQHandler)
    i.HAL_I2C_EnableListen_IT                0x0800084c   Section        0  py32f002b_hal_i2c.o(i.HAL_I2C_EnableListen_IT)
    i.HAL_I2C_ErrorCallback                  0x08000898   Section        0  iic.o(i.HAL_I2C_ErrorCallback)
    i.HAL_I2C_Init                           0x080008c4   Section        0  py32f002b_hal_i2c.o(i.HAL_I2C_Init)
    i.HAL_I2C_ListenCpltCallback             0x08000a78   Section        0  iic.o(i.HAL_I2C_ListenCpltCallback)
    i.HAL_I2C_MasterRxCpltCallback           0x08000a94   Section        0  py32f002b_hal_i2c.o(i.HAL_I2C_MasterRxCpltCallback)
    i.HAL_I2C_MasterTxCpltCallback           0x08000a96   Section        0  py32f002b_hal_i2c.o(i.HAL_I2C_MasterTxCpltCallback)
    i.HAL_I2C_MemRxCpltCallback              0x08000a98   Section        0  py32f002b_hal_i2c.o(i.HAL_I2C_MemRxCpltCallback)
    i.HAL_I2C_MemTxCpltCallback              0x08000a9a   Section        0  py32f002b_hal_i2c.o(i.HAL_I2C_MemTxCpltCallback)
    i.HAL_I2C_MspDeInit                      0x08000a9c   Section        0  py32f002b_hal_i2c.o(i.HAL_I2C_MspDeInit)
    i.HAL_I2C_MspInit                        0x08000a9e   Section        0  py32f002b_hal_i2c.o(i.HAL_I2C_MspInit)
    i.HAL_I2C_SlaveRxCpltCallback            0x08000aa0   Section        0  iic.o(i.HAL_I2C_SlaveRxCpltCallback)
    i.HAL_I2C_SlaveTxCpltCallback            0x08000bd4   Section        0  iic.o(i.HAL_I2C_SlaveTxCpltCallback)
    i.HAL_I2C_Slave_Seq_Receive_IT           0x08000cbc   Section        0  py32f002b_hal_i2c.o(i.HAL_I2C_Slave_Seq_Receive_IT)
    i.HAL_I2C_Slave_Seq_Transmit_IT          0x08000d60   Section        0  py32f002b_hal_i2c.o(i.HAL_I2C_Slave_Seq_Transmit_IT)
    i.HAL_IncTick                            0x08000e04   Section        0  py32f002b_hal.o(i.HAL_IncTick)
    i.HAL_Init                               0x08000e1c   Section        0  py32f002b_hal.o(i.HAL_Init)
    i.HAL_InitTick                           0x08000e38   Section        0  py32f002b_hal.o(i.HAL_InitTick)
    i.HAL_MspInit                            0x08000e98   Section        0  py32f002b_hal_msp.o(i.HAL_MspInit)
    i.HAL_NVIC_SetPriority                   0x08000f5c   Section        0  py32f002b_hal_cortex.o(i.HAL_NVIC_SetPriority)
    i.HAL_RCC_ClockConfig                    0x08000f70   Section        0  py32f002b_hal_rcc.o(i.HAL_RCC_ClockConfig)
    i.HAL_RCC_GetHCLKFreq                    0x0800112c   Section        0  py32f002b_hal_rcc.o(i.HAL_RCC_GetHCLKFreq)
    i.HAL_RCC_GetPCLK1Freq                   0x08001138   Section        0  py32f002b_hal_rcc.o(i.HAL_RCC_GetPCLK1Freq)
    i.HAL_RCC_GetSysClockFreq                0x08001160   Section        0  py32f002b_hal_rcc.o(i.HAL_RCC_GetSysClockFreq)
    i.HAL_RCC_OscConfig                      0x080011ec   Section        0  py32f002b_hal_rcc.o(i.HAL_RCC_OscConfig)
    i.HAL_SYSTICK_Config                     0x08001624   Section        0  py32f002b_hal_cortex.o(i.HAL_SYSTICK_Config)
    i.HardFault_Handler                      0x0800165c   Section        0  py32f002b_it.o(i.HardFault_Handler)
    i.I2C1_IRQHandler                        0x08001660   Section        0  py32f002b_it.o(i.I2C1_IRQHandler)
    i.I2C_ConvertOtherXferOptions            0x08001674   Section        0  py32f002b_hal_i2c.o(i.I2C_ConvertOtherXferOptions)
    I2C_ConvertOtherXferOptions              0x08001675   Thumb Code    32  py32f002b_hal_i2c.o(i.I2C_ConvertOtherXferOptions)
    i.I2C_ITError                            0x08001694   Section        0  py32f002b_hal_i2c.o(i.I2C_ITError)
    I2C_ITError                              0x08001695   Thumb Code   234  py32f002b_hal_i2c.o(i.I2C_ITError)
    i.I2C_MasterReceive_BTF                  0x08001784   Section        0  py32f002b_hal_i2c.o(i.I2C_MasterReceive_BTF)
    I2C_MasterReceive_BTF                    0x08001785   Thumb Code   310  py32f002b_hal_i2c.o(i.I2C_MasterReceive_BTF)
    i.I2C_MasterReceive_RXNE                 0x080018ba   Section        0  py32f002b_hal_i2c.o(i.I2C_MasterReceive_RXNE)
    I2C_MasterReceive_RXNE                   0x080018bb   Thumb Code   174  py32f002b_hal_i2c.o(i.I2C_MasterReceive_RXNE)
    i.I2C_MasterTransmit_BTF                 0x08001968   Section        0  py32f002b_hal_i2c.o(i.I2C_MasterTransmit_BTF)
    I2C_MasterTransmit_BTF                   0x08001969   Thumb Code   168  py32f002b_hal_i2c.o(i.I2C_MasterTransmit_BTF)
    i.I2C_MasterTransmit_TXE                 0x08001a14   Section        0  py32f002b_hal_i2c.o(i.I2C_MasterTransmit_TXE)
    I2C_MasterTransmit_TXE                   0x08001a15   Thumb Code   346  py32f002b_hal_i2c.o(i.I2C_MasterTransmit_TXE)
    i.I2C_Master_ADD10                       0x08001b74   Section        0  py32f002b_hal_i2c.o(i.I2C_Master_ADD10)
    I2C_Master_ADD10                         0x08001b75   Thumb Code    10  py32f002b_hal_i2c.o(i.I2C_Master_ADD10)
    i.I2C_Master_ADDR                        0x08001b80   Section        0  py32f002b_hal_i2c.o(i.I2C_Master_ADDR)
    I2C_Master_ADDR                          0x08001b81   Thumb Code   462  py32f002b_hal_i2c.o(i.I2C_Master_ADDR)
    i.I2C_Master_SB                          0x08001d54   Section        0  py32f002b_hal_i2c.o(i.I2C_Master_SB)
    I2C_Master_SB                            0x08001d55   Thumb Code    74  py32f002b_hal_i2c.o(i.I2C_Master_SB)
    i.I2C_SlaveReceive_BTF                   0x08001d9e   Section        0  py32f002b_hal_i2c.o(i.I2C_SlaveReceive_BTF)
    I2C_SlaveReceive_BTF                     0x08001d9f   Thumb Code    28  py32f002b_hal_i2c.o(i.I2C_SlaveReceive_BTF)
    i.I2C_SlaveReceive_RXNE                  0x08001dba   Section        0  py32f002b_hal_i2c.o(i.I2C_SlaveReceive_RXNE)
    I2C_SlaveReceive_RXNE                    0x08001dbb   Thumb Code    76  py32f002b_hal_i2c.o(i.I2C_SlaveReceive_RXNE)
    i.I2C_SlaveTransmit_BTF                  0x08001e06   Section        0  py32f002b_hal_i2c.o(i.I2C_SlaveTransmit_BTF)
    I2C_SlaveTransmit_BTF                    0x08001e07   Thumb Code    28  py32f002b_hal_i2c.o(i.I2C_SlaveTransmit_BTF)
    i.I2C_SlaveTransmit_TXE                  0x08001e22   Section        0  py32f002b_hal_i2c.o(i.I2C_SlaveTransmit_TXE)
    I2C_SlaveTransmit_TXE                    0x08001e23   Thumb Code    76  py32f002b_hal_i2c.o(i.I2C_SlaveTransmit_TXE)
    i.I2C_Slave_ADDR                         0x08001e6e   Section        0  py32f002b_hal_i2c.o(i.I2C_Slave_ADDR)
    I2C_Slave_ADDR                           0x08001e6f   Thumb Code   102  py32f002b_hal_i2c.o(i.I2C_Slave_ADDR)
    i.I2C_Slave_AF                           0x08001ed4   Section        0  py32f002b_hal_i2c.o(i.I2C_Slave_AF)
    I2C_Slave_AF                             0x08001ed5   Thumb Code   158  py32f002b_hal_i2c.o(i.I2C_Slave_AF)
    i.I2C_Slave_STOPF                        0x08001f7c   Section        0  py32f002b_hal_i2c.o(i.I2C_Slave_STOPF)
    I2C_Slave_STOPF                          0x08001f7d   Thumb Code   316  py32f002b_hal_i2c.o(i.I2C_Slave_STOPF)
    i.IIC_Config                             0x080020bc   Section        0  iic.o(i.IIC_Config)
    i.IIC_DISENABLE                          0x08002104   Section        0  iic.o(i.IIC_DISENABLE)
    i.IIC_GPIO_Config                        0x08002138   Section        0  iic.o(i.IIC_GPIO_Config)
    i.NMI_Handler                            0x080021b8   Section        0  py32f002b_it.o(i.NMI_Handler)
    i.NVIC_EnableIRQ                         0x080021bc   Section        0  iic.o(i.NVIC_EnableIRQ)
    NVIC_EnableIRQ                           0x080021bd   Thumb Code    14  iic.o(i.NVIC_EnableIRQ)
    i.NVIC_SetPriority                       0x080021d0   Section        0  py32f002b_hal_cortex.o(i.NVIC_SetPriority)
    NVIC_SetPriority                         0x080021d1   Thumb Code   110  py32f002b_hal_cortex.o(i.NVIC_SetPriority)
    i.NVIC_SetPriority                       0x08002248   Section        0  iic.o(i.NVIC_SetPriority)
    NVIC_SetPriority                         0x08002249   Thumb Code   110  iic.o(i.NVIC_SetPriority)
    i.PendSV_Handler                         0x080022c0   Section        0  py32f002b_it.o(i.PendSV_Handler)
    i.SVC_Handler                            0x080022c2   Section        0  py32f002b_it.o(i.SVC_Handler)
    i.SysTick_Handler                        0x080022c4   Section        0  py32f002b_it.o(i.SysTick_Handler)
    i.SystemInit                             0x080022dc   Section        0  system_py32f002b.o(i.SystemInit)
    i.Task                                   0x08002328   Section        0  task.o(i.Task)
    i.Time_Test_Gpio                         0x08002390   Section        0  task.o(i.Time_Test_Gpio)
    i.__scatterload_copy                     0x080023bc   Section       14  handlers.o(i.__scatterload_copy)
    i.__scatterload_null                     0x080023ca   Section        2  handlers.o(i.__scatterload_null)
    i.__scatterload_zeroinit                 0x080023cc   Section       14  handlers.o(i.__scatterload_zeroinit)
    i.main                                   0x080023da   Section        0  main.o(i.main)
    .constdata                               0x080023e8   Section      128  system_py32f002b.o(.constdata)
    .constdata                               0x08002468   Section       32  py32f002b_hal_rcc.o(.constdata)
    .data                                    0x20000000   Section        4  system_py32f002b.o(.data)
    .data                                    0x20000004   Section       12  py32f002b_hal.o(.data)
    .data                                    0x20000010   Section      313  iic.o(.data)
    slave_data                               0x20000016   Data          48  iic.o(.data)
    .data                                    0x2000014c   Section       28  task.o(.data)
    .bss                                     0x20000168   Section       64  iic.o(.bss)
    STACK                                    0x200001a8   Section     1024  startup_py32f002bxx.o(STACK)

    Global Symbols

    Symbol Name                              Value     Ov Type        Size  Object(Section)

    BuildAttributes$$THM_ISAv3M$S$PE$A:L22$X:L11$S22$IEEE1$IW$USESV6$~STKCKD$USESV7$~SHL$OSPACE$EBA8$MICROLIB$REQ8$PRES8$EABIv2 0x00000000   Number         0  anon$$obj.o ABSOLUTE
    __ARM_use_no_argv                        0x00000000   Number         0  main.o ABSOLUTE
    __cpp_initialize__aeabi_                  - Undefined Weak Reference
    __cxa_finalize                            - Undefined Weak Reference
    _clock_init                               - Undefined Weak Reference
    _microlib_exit                            - Undefined Weak Reference
    __Vectors_Size                           0x000000c0   Number         0  startup_py32f002bxx.o ABSOLUTE
    __Vectors                                0x08000000   Data           4  startup_py32f002bxx.o(RESET)
    __Vectors_End                            0x080000c0   Data           0  startup_py32f002bxx.o(RESET)
    __main                                   0x080000c1   Thumb Code     0  entry.o(.ARM.Collect$$$$00000000)
    _main_stk                                0x080000c1   Thumb Code     0  entry2.o(.ARM.Collect$$$$00000001)
    _main_scatterload                        0x080000c5   Thumb Code     0  entry5.o(.ARM.Collect$$$$00000004)
    __main_after_scatterload                 0x080000c9   Thumb Code     0  entry5.o(.ARM.Collect$$$$00000004)
    _main_clock                              0x080000c9   Thumb Code     0  entry7b.o(.ARM.Collect$$$$00000008)
    _main_cpp_init                           0x080000c9   Thumb Code     0  entry8b.o(.ARM.Collect$$$$0000000A)
    _main_init                               0x080000c9   Thumb Code     0  entry9a.o(.ARM.Collect$$$$0000000B)
    __rt_final_cpp                           0x080000d1   Thumb Code     0  entry10a.o(.ARM.Collect$$$$0000000D)
    __rt_final_exit                          0x080000d1   Thumb Code     0  entry11a.o(.ARM.Collect$$$$0000000F)
    Reset_Handler                            0x080000d5   Thumb Code     8  startup_py32f002bxx.o(.text)
    ADC_COMP_IRQHandler                      0x080000e7   Thumb Code     0  startup_py32f002bxx.o(.text)
    EXTI0_1_IRQHandler                       0x080000e7   Thumb Code     0  startup_py32f002bxx.o(.text)
    EXTI4_15_IRQHandler                      0x080000e7   Thumb Code     0  startup_py32f002bxx.o(.text)
    FLASH_IRQHandler                         0x080000e7   Thumb Code     0  startup_py32f002bxx.o(.text)
    LPTIM1_IRQHandler                        0x080000e7   Thumb Code     0  startup_py32f002bxx.o(.text)
    RCC_IRQHandler                           0x080000e7   Thumb Code     0  startup_py32f002bxx.o(.text)
    SPI1_IRQHandler                          0x080000e7   Thumb Code     0  startup_py32f002bxx.o(.text)
    TIM14_IRQHandler                         0x080000e7   Thumb Code     0  startup_py32f002bxx.o(.text)
    TIM1_BRK_UP_TRG_COM_IRQHandler           0x080000e7   Thumb Code     0  startup_py32f002bxx.o(.text)
    TIM1_CC_IRQHandler                       0x080000e7   Thumb Code     0  startup_py32f002bxx.o(.text)
    USART1_IRQHandler                        0x080000e7   Thumb Code     0  startup_py32f002bxx.o(.text)
    __aeabi_uidiv                            0x080000f1   Thumb Code     0  uidiv.o(.text)
    __aeabi_uidivmod                         0x080000f1   Thumb Code    44  uidiv.o(.text)
    __aeabi_memcpy                           0x0800011d   Thumb Code    36  memcpya.o(.text)
    __aeabi_memcpy4                          0x0800011d   Thumb Code     0  memcpya.o(.text)
    __aeabi_memcpy8                          0x0800011d   Thumb Code     0  memcpya.o(.text)
    __aeabi_memset                           0x08000141   Thumb Code    14  memseta.o(.text)
    __aeabi_memset4                          0x08000141   Thumb Code     0  memseta.o(.text)
    __aeabi_memset8                          0x08000141   Thumb Code     0  memseta.o(.text)
    __aeabi_memclr                           0x0800014f   Thumb Code     4  memseta.o(.text)
    __aeabi_memclr4                          0x0800014f   Thumb Code     0  memseta.o(.text)
    __aeabi_memclr8                          0x0800014f   Thumb Code     0  memseta.o(.text)
    _memset$wrapper                          0x08000153   Thumb Code    18  memseta.o(.text)
    __scatterload                            0x08000165   Thumb Code    28  init.o(.text)
    __scatterload_rt2                        0x08000165   Thumb Code     0  init.o(.text)
    __decompress                             0x08000189   Thumb Code     0  __dczerorl.o(.text)
    __decompress0                            0x08000189   Thumb Code    58  __dczerorl.o(.text)
    ALL_Config                               0x080001c3   Thumb Code    20  config.o(i.ALL_Config)
    APP_ErrorHandler                         0x080001d7   Thumb Code     4  main.o(i.APP_ErrorHandler)
    EXTI2_3_IRQHandler                       0x08000261   Thumb Code    16  py32f002b_it.o(i.EXTI2_3_IRQHandler)
    HAL_GPIO_EXTI_Callback                   0x08000275   Thumb Code     2  py32f002b_hal_gpio.o(i.HAL_GPIO_EXTI_Callback)
    HAL_GPIO_EXTI_IRQHandler                 0x08000279   Thumb Code    26  py32f002b_hal_gpio.o(i.HAL_GPIO_EXTI_IRQHandler)
    HAL_GPIO_Init                            0x08000299   Thumb Code   428  py32f002b_hal_gpio.o(i.HAL_GPIO_Init)
    HAL_GetTick                              0x0800044d   Thumb Code     6  py32f002b_hal.o(i.HAL_GetTick)
    HAL_I2C_AbortCpltCallback                0x08000459   Thumb Code     2  py32f002b_hal_i2c.o(i.HAL_I2C_AbortCpltCallback)
    HAL_I2C_AddrCallback                     0x0800045d   Thumb Code    76  iic.o(i.HAL_I2C_AddrCallback)
    HAL_I2C_DeInit                           0x080004c1   Thumb Code    66  py32f002b_hal_i2c.o(i.HAL_I2C_DeInit)
    HAL_I2C_ER_IRQHandler                    0x08000505   Thumb Code   274  py32f002b_hal_i2c.o(i.HAL_I2C_ER_IRQHandler)
    HAL_I2C_EV_IRQHandler                    0x08000625   Thumb Code   552  py32f002b_hal_i2c.o(i.HAL_I2C_EV_IRQHandler)
    HAL_I2C_EnableListen_IT                  0x0800084d   Thumb Code    76  py32f002b_hal_i2c.o(i.HAL_I2C_EnableListen_IT)
    HAL_I2C_ErrorCallback                    0x08000899   Thumb Code    32  iic.o(i.HAL_I2C_ErrorCallback)
    HAL_I2C_Init                             0x080008c5   Thumb Code   414  py32f002b_hal_i2c.o(i.HAL_I2C_Init)
    HAL_I2C_ListenCpltCallback               0x08000a79   Thumb Code    20  iic.o(i.HAL_I2C_ListenCpltCallback)
    HAL_I2C_MasterRxCpltCallback             0x08000a95   Thumb Code     2  py32f002b_hal_i2c.o(i.HAL_I2C_MasterRxCpltCallback)
    HAL_I2C_MasterTxCpltCallback             0x08000a97   Thumb Code     2  py32f002b_hal_i2c.o(i.HAL_I2C_MasterTxCpltCallback)
    HAL_I2C_MemRxCpltCallback                0x08000a99   Thumb Code     2  py32f002b_hal_i2c.o(i.HAL_I2C_MemRxCpltCallback)
    HAL_I2C_MemTxCpltCallback                0x08000a9b   Thumb Code     2  py32f002b_hal_i2c.o(i.HAL_I2C_MemTxCpltCallback)
    HAL_I2C_MspDeInit                        0x08000a9d   Thumb Code     2  py32f002b_hal_i2c.o(i.HAL_I2C_MspDeInit)
    HAL_I2C_MspInit                          0x08000a9f   Thumb Code     2  py32f002b_hal_i2c.o(i.HAL_I2C_MspInit)
    HAL_I2C_SlaveRxCpltCallback              0x08000aa1   Thumb Code   274  iic.o(i.HAL_I2C_SlaveRxCpltCallback)
    HAL_I2C_SlaveTxCpltCallback              0x08000bd5   Thumb Code   194  iic.o(i.HAL_I2C_SlaveTxCpltCallback)
    HAL_I2C_Slave_Seq_Receive_IT             0x08000cbd   Thumb Code   164  py32f002b_hal_i2c.o(i.HAL_I2C_Slave_Seq_Receive_IT)
    HAL_I2C_Slave_Seq_Transmit_IT            0x08000d61   Thumb Code   162  py32f002b_hal_i2c.o(i.HAL_I2C_Slave_Seq_Transmit_IT)
    HAL_IncTick                              0x08000e05   Thumb Code    16  py32f002b_hal.o(i.HAL_IncTick)
    HAL_Init                                 0x08000e1d   Thumb Code    26  py32f002b_hal.o(i.HAL_Init)
    HAL_InitTick                             0x08000e39   Thumb Code    82  py32f002b_hal.o(i.HAL_InitTick)
    HAL_MspInit                              0x08000e99   Thumb Code   192  py32f002b_hal_msp.o(i.HAL_MspInit)
    HAL_NVIC_SetPriority                     0x08000f5d   Thumb Code    18  py32f002b_hal_cortex.o(i.HAL_NVIC_SetPriority)
    HAL_RCC_ClockConfig                      0x08000f71   Thumb Code   418  py32f002b_hal_rcc.o(i.HAL_RCC_ClockConfig)
    HAL_RCC_GetHCLKFreq                      0x0800112d   Thumb Code     6  py32f002b_hal_rcc.o(i.HAL_RCC_GetHCLKFreq)
    HAL_RCC_GetPCLK1Freq                     0x08001139   Thumb Code    32  py32f002b_hal_rcc.o(i.HAL_RCC_GetPCLK1Freq)
    HAL_RCC_GetSysClockFreq                  0x08001161   Thumb Code   126  py32f002b_hal_rcc.o(i.HAL_RCC_GetSysClockFreq)
    HAL_RCC_OscConfig                        0x080011ed   Thumb Code  1076  py32f002b_hal_rcc.o(i.HAL_RCC_OscConfig)
    HAL_SYSTICK_Config                       0x08001625   Thumb Code    46  py32f002b_hal_cortex.o(i.HAL_SYSTICK_Config)
    HardFault_Handler                        0x0800165d   Thumb Code     4  py32f002b_it.o(i.HardFault_Handler)
    I2C1_IRQHandler                          0x08001661   Thumb Code    16  py32f002b_it.o(i.I2C1_IRQHandler)
    IIC_Config                               0x080020bd   Thumb Code    60  iic.o(i.IIC_Config)
    IIC_DISENABLE                            0x08002105   Thumb Code    42  iic.o(i.IIC_DISENABLE)
    IIC_GPIO_Config                          0x08002139   Thumb Code   118  iic.o(i.IIC_GPIO_Config)
    NMI_Handler                              0x080021b9   Thumb Code     2  py32f002b_it.o(i.NMI_Handler)
    PendSV_Handler                           0x080022c1   Thumb Code     2  py32f002b_it.o(i.PendSV_Handler)
    SVC_Handler                              0x080022c3   Thumb Code     2  py32f002b_it.o(i.SVC_Handler)
    SysTick_Handler                          0x080022c5   Thumb Code    18  py32f002b_it.o(i.SysTick_Handler)
    SystemInit                               0x080022dd   Thumb Code    60  system_py32f002b.o(i.SystemInit)
    Task                                     0x08002329   Thumb Code    78  task.o(i.Task)
    Time_Test_Gpio                           0x08002391   Thumb Code    38  task.o(i.Time_Test_Gpio)
    __scatterload_copy                       0x080023bd   Thumb Code    14  handlers.o(i.__scatterload_copy)
    __scatterload_null                       0x080023cb   Thumb Code     2  handlers.o(i.__scatterload_null)
    __scatterload_zeroinit                   0x080023cd   Thumb Code    14  handlers.o(i.__scatterload_zeroinit)
    main                                     0x080023db   Thumb Code    14  main.o(i.main)
    AHBPrescTable                            0x080023e8   Data          64  system_py32f002b.o(.constdata)
    APBPrescTable                            0x08002428   Data          32  system_py32f002b.o(.constdata)
    HSIFreqTable                             0x08002448   Data          32  system_py32f002b.o(.constdata)
    Region$$Table$$Base                      0x08002488   Number         0  anon$$obj.o(Region$$Table)
    Region$$Table$$Limit                     0x080024a8   Number         0  anon$$obj.o(Region$$Table)
    SystemCoreClock                          0x20000000   Data           4  system_py32f002b.o(.data)
    uwTick                                   0x20000004   Data           4  py32f002b_hal.o(.data)
    uwTickPrio                               0x20000008   Data           4  py32f002b_hal.o(.data)
    uwTickFreq                               0x2000000c   Data           4  py32f002b_hal.o(.data)
    reg_adr                                  0x20000010   Data           1  iic.o(.data)
    reg_data                                 0x20000011   Data           1  iic.o(.data)
    data_offset                              0x20000012   Data           1  iic.o(.data)
    Reg_state                                0x20000013   Data           1  iic.o(.data)
    I2C_state                                0x20000014   Data           1  iic.o(.data)
    data_count                               0x20000015   Data           1  iic.o(.data)
    iic_slave                                0x20000048   Data         256  iic.o(.data)
    reg_all                                  0x20000148   Data           1  iic.o(.data)
    Lptimes                                  0x2000014c   Data           4  task.o(.data)
    Ms_Times                                 0x20000150   Data           4  task.o(.data)
    Us_Times                                 0x20000154   Data           4  task.o(.data)
    IIC_Restart                              0x20000158   Data           1  task.o(.data)
    I2C_Noack                                0x20000159   Data           1  task.o(.data)
    Stop_sta                                 0x2000015a   Data           1  task.o(.data)
    Slave_Run                                0x2000015b   Data           1  task.o(.data)
    Catch_Time                               0x2000015c   Data           4  task.o(.data)
    Sys_tick_time                            0x20000160   Data           4  task.o(.data)
    Run_Time                                 0x20000164   Data           4  task.o(.data)
    I2cHandle                                0x20000168   Data          64  iic.o(.bss)
    __initial_sp                             0x200005a8   Data           0  startup_py32f002bxx.o(STACK)



==============================================================================

Memory Map of the image

  Image Entry point : 0x080000c1

  Load Region LR_IROM1 (Base: 0x08000000, Size: 0x00002610, Max: 0x00006000, ABSOLUTE, COMPRESSED[0x0000259c])

    Execution Region ER_IROM1 (Exec base: 0x08000000, Load base: 0x08000000, Size: 0x000024a8, Max: 0x00006000, ABSOLUTE)

    Exec Addr    Load Addr    Size         Type   Attr      Idx    E Section Name        Object

    0x08000000   0x08000000   0x000000c0   Data   RO            3    RESET               startup_py32f002bxx.o
    0x080000c0   0x080000c0   0x00000000   Code   RO         2835  * .ARM.Collect$$$$00000000  mc_p.l(entry.o)
    0x080000c0   0x080000c0   0x00000004   Code   RO         2846    .ARM.Collect$$$$00000001  mc_p.l(entry2.o)
    0x080000c4   0x080000c4   0x00000004   Code   RO         2849    .ARM.Collect$$$$00000004  mc_p.l(entry5.o)
    0x080000c8   0x080000c8   0x00000000   Code   RO         2851    .ARM.Collect$$$$00000008  mc_p.l(entry7b.o)
    0x080000c8   0x080000c8   0x00000000   Code   RO         2853    .ARM.Collect$$$$0000000A  mc_p.l(entry8b.o)
    0x080000c8   0x080000c8   0x00000008   Code   RO         2854    .ARM.Collect$$$$0000000B  mc_p.l(entry9a.o)
    0x080000d0   0x080000d0   0x00000000   Code   RO         2856    .ARM.Collect$$$$0000000D  mc_p.l(entry10a.o)
    0x080000d0   0x080000d0   0x00000000   Code   RO         2858    .ARM.Collect$$$$0000000F  mc_p.l(entry11a.o)
    0x080000d0   0x080000d0   0x00000004   Code   RO         2847    .ARM.Collect$$$$00002712  mc_p.l(entry2.o)
    0x080000d4   0x080000d4   0x0000001c   Code   RO            4    .text               startup_py32f002bxx.o
    0x080000f0   0x080000f0   0x0000002c   Code   RO         2838    .text               mc_p.l(uidiv.o)
    0x0800011c   0x0800011c   0x00000024   Code   RO         2840    .text               mc_p.l(memcpya.o)
    0x08000140   0x08000140   0x00000024   Code   RO         2842    .text               mc_p.l(memseta.o)
    0x08000164   0x08000164   0x00000024   Code   RO         2860    .text               mc_p.l(init.o)
    0x08000188   0x08000188   0x0000003a   Code   RO         2870    .text               mc_p.l(__dczerorl.o)
    0x080001c2   0x080001c2   0x00000014   Code   RO         2738    i.ALL_Config        config.o
    0x080001d6   0x080001d6   0x00000004   Code   RO          126    i.APP_ErrorHandler  main.o
    0x080001da   0x080001da   0x00000002   PAD
    0x080001dc   0x080001dc   0x00000068   Code   RO         2739    i.APP_SystemClockConfig  config.o
    0x08000244   0x08000244   0x0000001c   Code   RO           12    i.DelayTime         system_py32f002b.o
    0x08000260   0x08000260   0x00000014   Code   RO          269    i.EXTI2_3_IRQHandler  py32f002b_it.o
    0x08000274   0x08000274   0x00000002   Code   RO          677    i.HAL_GPIO_EXTI_Callback  py32f002b_hal_gpio.o
    0x08000276   0x08000276   0x00000002   PAD
    0x08000278   0x08000278   0x00000020   Code   RO          678    i.HAL_GPIO_EXTI_IRQHandler  py32f002b_hal_gpio.o
    0x08000298   0x08000298   0x000001b4   Code   RO          679    i.HAL_GPIO_Init     py32f002b_hal_gpio.o
    0x0800044c   0x0800044c   0x0000000c   Code   RO          336    i.HAL_GetTick       py32f002b_hal.o
    0x08000458   0x08000458   0x00000002   Code   RO         1179    i.HAL_I2C_AbortCpltCallback  py32f002b_hal_i2c.o
    0x0800045a   0x0800045a   0x00000002   PAD
    0x0800045c   0x0800045c   0x00000064   Code   RO         2595    i.HAL_I2C_AddrCallback  iic.o
    0x080004c0   0x080004c0   0x00000042   Code   RO         1181    i.HAL_I2C_DeInit    py32f002b_hal_i2c.o
    0x08000502   0x08000502   0x00000002   PAD
    0x08000504   0x08000504   0x00000120   Code   RO         1183    i.HAL_I2C_ER_IRQHandler  py32f002b_hal_i2c.o
    0x08000624   0x08000624   0x00000228   Code   RO         1184    i.HAL_I2C_EV_IRQHandler  py32f002b_hal_i2c.o
    0x0800084c   0x0800084c   0x0000004c   Code   RO         1185    i.HAL_I2C_EnableListen_IT  py32f002b_hal_i2c.o
    0x08000898   0x08000898   0x0000002c   Code   RO         2596    i.HAL_I2C_ErrorCallback  iic.o
    0x080008c4   0x080008c4   0x000001b4   Code   RO         1191    i.HAL_I2C_Init      py32f002b_hal_i2c.o
    0x08000a78   0x08000a78   0x0000001c   Code   RO         2597    i.HAL_I2C_ListenCpltCallback  iic.o
    0x08000a94   0x08000a94   0x00000002   Code   RO         1194    i.HAL_I2C_MasterRxCpltCallback  py32f002b_hal_i2c.o
    0x08000a96   0x08000a96   0x00000002   Code   RO         1195    i.HAL_I2C_MasterTxCpltCallback  py32f002b_hal_i2c.o
    0x08000a98   0x08000a98   0x00000002   Code   RO         1203    i.HAL_I2C_MemRxCpltCallback  py32f002b_hal_i2c.o
    0x08000a9a   0x08000a9a   0x00000002   Code   RO         1204    i.HAL_I2C_MemTxCpltCallback  py32f002b_hal_i2c.o
    0x08000a9c   0x08000a9c   0x00000002   Code   RO         1209    i.HAL_I2C_MspDeInit  py32f002b_hal_i2c.o
    0x08000a9e   0x08000a9e   0x00000002   Code   RO         1210    i.HAL_I2C_MspInit   py32f002b_hal_i2c.o
    0x08000aa0   0x08000aa0   0x00000134   Code   RO         2598    i.HAL_I2C_SlaveRxCpltCallback  iic.o
    0x08000bd4   0x08000bd4   0x000000e8   Code   RO         2599    i.HAL_I2C_SlaveTxCpltCallback  iic.o
    0x08000cbc   0x08000cbc   0x000000a4   Code   RO         1215    i.HAL_I2C_Slave_Seq_Receive_IT  py32f002b_hal_i2c.o
    0x08000d60   0x08000d60   0x000000a2   Code   RO         1216    i.HAL_I2C_Slave_Seq_Transmit_IT  py32f002b_hal_i2c.o
    0x08000e02   0x08000e02   0x00000002   PAD
    0x08000e04   0x08000e04   0x00000018   Code   RO          342    i.HAL_IncTick       py32f002b_hal.o
    0x08000e1c   0x08000e1c   0x0000001a   Code   RO          343    i.HAL_Init          py32f002b_hal.o
    0x08000e36   0x08000e36   0x00000002   PAD
    0x08000e38   0x08000e38   0x00000060   Code   RO          344    i.HAL_InitTick      py32f002b_hal.o
    0x08000e98   0x08000e98   0x000000c4   Code   RO          249    i.HAL_MspInit       py32f002b_hal_msp.o
    0x08000f5c   0x08000f5c   0x00000012   Code   RO          812    i.HAL_NVIC_SetPriority  py32f002b_hal_cortex.o
    0x08000f6e   0x08000f6e   0x00000002   PAD
    0x08000f70   0x08000f70   0x000001bc   Code   RO          534    i.HAL_RCC_ClockConfig  py32f002b_hal_rcc.o
    0x0800112c   0x0800112c   0x0000000c   Code   RO          539    i.HAL_RCC_GetHCLKFreq  py32f002b_hal_rcc.o
    0x08001138   0x08001138   0x00000028   Code   RO          541    i.HAL_RCC_GetPCLK1Freq  py32f002b_hal_rcc.o
    0x08001160   0x08001160   0x0000008c   Code   RO          542    i.HAL_RCC_GetSysClockFreq  py32f002b_hal_rcc.o
    0x080011ec   0x080011ec   0x00000438   Code   RO          546    i.HAL_RCC_OscConfig  py32f002b_hal_rcc.o
    0x08001624   0x08001624   0x00000038   Code   RO          816    i.HAL_SYSTICK_Config  py32f002b_hal_cortex.o
    0x0800165c   0x0800165c   0x00000004   Code   RO          270    i.HardFault_Handler  py32f002b_it.o
    0x08001660   0x08001660   0x00000014   Code   RO          271    i.I2C1_IRQHandler   py32f002b_it.o
    0x08001674   0x08001674   0x00000020   Code   RO         1219    i.I2C_ConvertOtherXferOptions  py32f002b_hal_i2c.o
    0x08001694   0x08001694   0x000000f0   Code   RO         1220    i.I2C_ITError       py32f002b_hal_i2c.o
    0x08001784   0x08001784   0x00000136   Code   RO         1222    i.I2C_MasterReceive_BTF  py32f002b_hal_i2c.o
    0x080018ba   0x080018ba   0x000000ae   Code   RO         1223    i.I2C_MasterReceive_RXNE  py32f002b_hal_i2c.o
    0x08001968   0x08001968   0x000000ac   Code   RO         1226    i.I2C_MasterTransmit_BTF  py32f002b_hal_i2c.o
    0x08001a14   0x08001a14   0x00000160   Code   RO         1227    i.I2C_MasterTransmit_TXE  py32f002b_hal_i2c.o
    0x08001b74   0x08001b74   0x0000000a   Code   RO         1228    i.I2C_Master_ADD10  py32f002b_hal_i2c.o
    0x08001b7e   0x08001b7e   0x00000002   PAD
    0x08001b80   0x08001b80   0x000001d4   Code   RO         1229    i.I2C_Master_ADDR   py32f002b_hal_i2c.o
    0x08001d54   0x08001d54   0x0000004a   Code   RO         1230    i.I2C_Master_SB     py32f002b_hal_i2c.o
    0x08001d9e   0x08001d9e   0x0000001c   Code   RO         1233    i.I2C_SlaveReceive_BTF  py32f002b_hal_i2c.o
    0x08001dba   0x08001dba   0x0000004c   Code   RO         1234    i.I2C_SlaveReceive_RXNE  py32f002b_hal_i2c.o
    0x08001e06   0x08001e06   0x0000001c   Code   RO         1235    i.I2C_SlaveTransmit_BTF  py32f002b_hal_i2c.o
    0x08001e22   0x08001e22   0x0000004c   Code   RO         1236    i.I2C_SlaveTransmit_TXE  py32f002b_hal_i2c.o
    0x08001e6e   0x08001e6e   0x00000066   Code   RO         1237    i.I2C_Slave_ADDR    py32f002b_hal_i2c.o
    0x08001ed4   0x08001ed4   0x000000a8   Code   RO         1238    i.I2C_Slave_AF      py32f002b_hal_i2c.o
    0x08001f7c   0x08001f7c   0x00000140   Code   RO         1239    i.I2C_Slave_STOPF   py32f002b_hal_i2c.o
    0x080020bc   0x080020bc   0x00000048   Code   RO         2601    i.IIC_Config        iic.o
    0x08002104   0x08002104   0x00000034   Code   RO         2602    i.IIC_DISENABLE     iic.o
    0x08002138   0x08002138   0x00000080   Code   RO         2603    i.IIC_GPIO_Config   iic.o
    0x080021b8   0x080021b8   0x00000002   Code   RO          272    i.NMI_Handler       py32f002b_it.o
    0x080021ba   0x080021ba   0x00000002   PAD
    0x080021bc   0x080021bc   0x00000014   Code   RO         2605    i.NVIC_EnableIRQ    iic.o
    0x080021d0   0x080021d0   0x00000078   Code   RO          818    i.NVIC_SetPriority  py32f002b_hal_cortex.o
    0x08002248   0x08002248   0x00000078   Code   RO         2606    i.NVIC_SetPriority  iic.o
    0x080022c0   0x080022c0   0x00000002   Code   RO          273    i.PendSV_Handler    py32f002b_it.o
    0x080022c2   0x080022c2   0x00000002   Code   RO          274    i.SVC_Handler       py32f002b_it.o
    0x080022c4   0x080022c4   0x00000018   Code   RO          275    i.SysTick_Handler   py32f002b_it.o
    0x080022dc   0x080022dc   0x0000004c   Code   RO           14    i.SystemInit        system_py32f002b.o
    0x08002328   0x08002328   0x00000068   Code   RO         2766    i.Task              task.o
    0x08002390   0x08002390   0x0000002c   Code   RO         2768    i.Time_Test_Gpio    task.o
    0x080023bc   0x080023bc   0x0000000e   Code   RO         2864    i.__scatterload_copy  mc_p.l(handlers.o)
    0x080023ca   0x080023ca   0x00000002   Code   RO         2865    i.__scatterload_null  mc_p.l(handlers.o)
    0x080023cc   0x080023cc   0x0000000e   Code   RO         2866    i.__scatterload_zeroinit  mc_p.l(handlers.o)
    0x080023da   0x080023da   0x0000000e   Code   RO          127    i.main              main.o
    0x080023e8   0x080023e8   0x00000080   Data   RO           15    .constdata          system_py32f002b.o
    0x08002468   0x08002468   0x00000020   Data   RO          547    .constdata          py32f002b_hal_rcc.o
    0x08002488   0x08002488   0x00000020   Data   RO         2862    Region$$Table       anon$$obj.o


    Execution Region RW_IRAM1 (Exec base: 0x20000000, Load base: 0x080024a8, Size: 0x000005a8, Max: 0x00000c00, ABSOLUTE, COMPRESSED[0x000000f4])

    Exec Addr    Load Addr    Size         Type   Attr      Idx    E Section Name        Object

    0x20000000   COMPRESSED   0x00000004   Data   RW           16    .data               system_py32f002b.o
    0x20000004   COMPRESSED   0x0000000c   Data   RW          359    .data               py32f002b_hal.o
    0x20000010   COMPRESSED   0x00000139   Data   RW         2608    .data               iic.o
    0x20000149   COMPRESSED   0x00000003   PAD
    0x2000014c   COMPRESSED   0x0000001c   Data   RW         2770    .data               task.o
    0x20000168        -       0x00000040   Zero   RW         2607    .bss                iic.o
    0x200001a8        -       0x00000400   Zero   RW            1    STACK               startup_py32f002bxx.o


==============================================================================

Image component sizes


      Code (inc. data)   RO Data    RW Data    ZI Data      Debug   Object Name

       124          6          0          0          0       1037   config.o
      1104        164          0        313         64      13788   iic.o
        18          0          0          0          0     154586   main.o
       158         28          0         12          0       3473   py32f002b_hal.o
       194         20          0          0          0       8684   py32f002b_hal_cortex.o
       470         14          0          0          0       2900   py32f002b_hal_gpio.o
      4388         72          0          0          0      23885   py32f002b_hal_i2c.o
       196          4          0          0          0       1010   py32f002b_hal_msp.o
      1716         94         32          0          0       4893   py32f002b_hal_rcc.o
        74         14          0          0          0       3182   py32f002b_it.o
        28          8        192          0       1024        664   startup_py32f002bxx.o
       104         20        128          4          0     160040   system_py32f002b.o
       148         32          0         28          0       1599   task.o

    ----------------------------------------------------------------------
      8740        476        384        360       1088     379741   Object Totals
         0          0         32          0          0          0   (incl. Generated)
        18          0          0          3          0          0   (incl. Padding)

    ----------------------------------------------------------------------

      Code (inc. data)   RO Data    RW Data    ZI Data      Debug   Library Member Name

        58          0          0          0          0          0   __dczerorl.o
         0          0          0          0          0          0   entry.o
         0          0          0          0          0          0   entry10a.o
         0          0          0          0          0          0   entry11a.o
         8          4          0          0          0          0   entry2.o
         4          0          0          0          0          0   entry5.o
         0          0          0          0          0          0   entry7b.o
         0          0          0          0          0          0   entry8b.o
         8          4          0          0          0          0   entry9a.o
        30          0          0          0          0          0   handlers.o
        36          8          0          0          0         68   init.o
        36          0          0          0          0         60   memcpya.o
        36          0          0          0          0        100   memseta.o
        44          0          0          0          0         72   uidiv.o

    ----------------------------------------------------------------------
       260         16          0          0          0        300   Library Totals
         0          0          0          0          0          0   (incl. Padding)

    ----------------------------------------------------------------------

      Code (inc. data)   RO Data    RW Data    ZI Data      Debug   Library Name

       260         16          0          0          0        300   mc_p.l

    ----------------------------------------------------------------------
       260         16          0          0          0        300   Library Totals

    ----------------------------------------------------------------------

==============================================================================


      Code (inc. data)   RO Data    RW Data    ZI Data      Debug   

      9000        492        384        360       1088     377273   Grand Totals
      9000        492        384        244       1088     377273   ELF Image Totals (compressed)
      9000        492        384        244          0          0   ROM Totals

==============================================================================

    Total RO  Size (Code + RO Data)                 9384 (   9.16kB)
    Total RW  Size (RW Data + ZI Data)              1448 (   1.41kB)
    Total ROM Size (Code + RO Data + RW Data)       9628 (   9.40kB)

==============================================================================

