<!doctype html public "-//w3c//dtd html 4.0 transitional//en">
<html><head>
<title>Static Call Graph - [.\Output\Project.axf]</title></head>
<body><HR>
<H1>Static Call Graph for image .\Output\Project.axf</H1><HR>
<BR><P>#&#060CALLGRAPH&#062# ARM Linker, 5060750: Last Updated: Tue Feb 10 08:21:51 2026
<BR><P>
<H3>Maximum Stack Usage =        148 bytes + Unknown(Cycles, Untraceable Function Pointers)</H3><H3>
Call chain for Maximum Stack Depth:</H3>
main &rArr; ALL_Config &rArr; APP_SystemClockConfig &rArr; HAL_RCC_OscConfig &rArr; HAL_RCC_GetSysClockFreq &rArr; __aeabi_uidivmod
<P>
<H3>
Mutually Recursive functions
</H3> <LI><a href="#[b]">ADC_COMP_IRQHandler</a>&nbsp;&nbsp;&nbsp;&rArr;&nbsp;&nbsp;&nbsp;<a href="#[b]">ADC_COMP_IRQHandler</a><BR>
</UL>
<P>
<H3>
Function Pointers
</H3><UL>
 <LI><a href="#[b]">ADC_COMP_IRQHandler</a> from startup_py32f002bxx.o(.text) referenced from startup_py32f002bxx.o(RESET)
 <LI><a href="#[8]">EXTI0_1_IRQHandler</a> from startup_py32f002bxx.o(.text) referenced from startup_py32f002bxx.o(RESET)
 <LI><a href="#[9]">EXTI2_3_IRQHandler</a> from py32f002b_it.o(i.EXTI2_3_IRQHandler) referenced from startup_py32f002bxx.o(RESET)
 <LI><a href="#[a]">EXTI4_15_IRQHandler</a> from startup_py32f002bxx.o(.text) referenced from startup_py32f002bxx.o(RESET)
 <LI><a href="#[6]">FLASH_IRQHandler</a> from startup_py32f002bxx.o(.text) referenced from startup_py32f002bxx.o(RESET)
 <LI><a href="#[2]">HardFault_Handler</a> from py32f002b_it.o(i.HardFault_Handler) referenced from startup_py32f002bxx.o(RESET)
 <LI><a href="#[10]">I2C1_IRQHandler</a> from py32f002b_it.o(i.I2C1_IRQHandler) referenced from startup_py32f002bxx.o(RESET)
 <LI><a href="#[e]">LPTIM1_IRQHandler</a> from py32f002b_it.o(i.LPTIM1_IRQHandler) referenced from startup_py32f002bxx.o(RESET)
 <LI><a href="#[1]">NMI_Handler</a> from py32f002b_it.o(i.NMI_Handler) referenced from startup_py32f002bxx.o(RESET)
 <LI><a href="#[4]">PendSV_Handler</a> from py32f002b_it.o(i.PendSV_Handler) referenced from startup_py32f002bxx.o(RESET)
 <LI><a href="#[7]">RCC_IRQHandler</a> from startup_py32f002bxx.o(.text) referenced from startup_py32f002bxx.o(RESET)
 <LI><a href="#[0]">Reset_Handler</a> from startup_py32f002bxx.o(.text) referenced from startup_py32f002bxx.o(RESET)
 <LI><a href="#[11]">SPI1_IRQHandler</a> from startup_py32f002bxx.o(.text) referenced from startup_py32f002bxx.o(RESET)
 <LI><a href="#[3]">SVC_Handler</a> from py32f002b_it.o(i.SVC_Handler) referenced from startup_py32f002bxx.o(RESET)
 <LI><a href="#[5]">SysTick_Handler</a> from py32f002b_it.o(i.SysTick_Handler) referenced from startup_py32f002bxx.o(RESET)
 <LI><a href="#[14]">SystemInit</a> from system_py32f002b.o(i.SystemInit) referenced from startup_py32f002bxx.o(.text)
 <LI><a href="#[f]">TIM14_IRQHandler</a> from py32f002b_it.o(i.TIM14_IRQHandler) referenced from startup_py32f002bxx.o(RESET)
 <LI><a href="#[c]">TIM1_BRK_UP_TRG_COM_IRQHandler</a> from py32f002b_it.o(i.TIM1_BRK_UP_TRG_COM_IRQHandler) referenced from startup_py32f002bxx.o(RESET)
 <LI><a href="#[d]">TIM1_CC_IRQHandler</a> from startup_py32f002bxx.o(.text) referenced from startup_py32f002bxx.o(RESET)
 <LI><a href="#[12]">USART1_IRQHandler</a> from startup_py32f002bxx.o(.text) referenced from startup_py32f002bxx.o(RESET)
 <LI><a href="#[15]">__main</a> from entry.o(.ARM.Collect$$$$00000000) referenced from startup_py32f002bxx.o(.text)
 <LI><a href="#[13]">main</a> from main.o(i.main) referenced from entry9a.o(.ARM.Collect$$$$0000000B)
</UL>
<P>
<H3>
Global Symbols
</H3>
<P><STRONG><a name="[15]"></a>__main</STRONG> (Thumb, 0 bytes, Stack size unknown bytes, entry.o(.ARM.Collect$$$$00000000))
<BR>[Address Reference Count : 1]<UL><LI> startup_py32f002bxx.o(.text)
</UL>
<P><STRONG><a name="[7f]"></a>_main_stk</STRONG> (Thumb, 0 bytes, Stack size unknown bytes, entry2.o(.ARM.Collect$$$$00000001))

<P><STRONG><a name="[16]"></a>_main_scatterload</STRONG> (Thumb, 0 bytes, Stack size unknown bytes, entry5.o(.ARM.Collect$$$$00000004))
<BR><BR>[Calls]<UL><LI><a href="#[17]">&gt;&gt;</a>&nbsp;&nbsp;&nbsp;__scatterload
</UL>

<P><STRONG><a name="[1b]"></a>__main_after_scatterload</STRONG> (Thumb, 0 bytes, Stack size unknown bytes, entry5.o(.ARM.Collect$$$$00000004))
<BR><BR>[Called By]<UL><LI><a href="#[17]">&gt;&gt;</a>&nbsp;&nbsp;&nbsp;__scatterload
</UL>

<P><STRONG><a name="[80]"></a>_main_clock</STRONG> (Thumb, 0 bytes, Stack size unknown bytes, entry7b.o(.ARM.Collect$$$$00000008))

<P><STRONG><a name="[81]"></a>_main_cpp_init</STRONG> (Thumb, 0 bytes, Stack size unknown bytes, entry8b.o(.ARM.Collect$$$$0000000A))

<P><STRONG><a name="[82]"></a>_main_init</STRONG> (Thumb, 0 bytes, Stack size unknown bytes, entry9a.o(.ARM.Collect$$$$0000000B))

<P><STRONG><a name="[83]"></a>__rt_final_cpp</STRONG> (Thumb, 0 bytes, Stack size unknown bytes, entry10a.o(.ARM.Collect$$$$0000000D))

<P><STRONG><a name="[84]"></a>__rt_final_exit</STRONG> (Thumb, 0 bytes, Stack size unknown bytes, entry11a.o(.ARM.Collect$$$$0000000F))

<P><STRONG><a name="[0]"></a>Reset_Handler</STRONG> (Thumb, 8 bytes, Stack size 0 bytes, startup_py32f002bxx.o(.text))
<BR>[Address Reference Count : 1]<UL><LI> startup_py32f002bxx.o(RESET)
</UL>
<P><STRONG><a name="[b]"></a>ADC_COMP_IRQHandler</STRONG> (Thumb, 0 bytes, Stack size 0 bytes, startup_py32f002bxx.o(.text))
<BR><BR>[Calls]<UL><LI><a href="#[b]">&gt;&gt;</a>&nbsp;&nbsp;&nbsp;ADC_COMP_IRQHandler
</UL>
<BR>[Called By]<UL><LI><a href="#[b]">&gt;&gt;</a>&nbsp;&nbsp;&nbsp;ADC_COMP_IRQHandler
</UL>
<BR>[Address Reference Count : 1]<UL><LI> startup_py32f002bxx.o(RESET)
</UL>
<P><STRONG><a name="[8]"></a>EXTI0_1_IRQHandler</STRONG> (Thumb, 0 bytes, Stack size 0 bytes, startup_py32f002bxx.o(.text))
<BR>[Address Reference Count : 1]<UL><LI> startup_py32f002bxx.o(RESET)
</UL>
<P><STRONG><a name="[a]"></a>EXTI4_15_IRQHandler</STRONG> (Thumb, 0 bytes, Stack size 0 bytes, startup_py32f002bxx.o(.text))
<BR>[Address Reference Count : 1]<UL><LI> startup_py32f002bxx.o(RESET)
</UL>
<P><STRONG><a name="[6]"></a>FLASH_IRQHandler</STRONG> (Thumb, 0 bytes, Stack size 0 bytes, startup_py32f002bxx.o(.text))
<BR>[Address Reference Count : 1]<UL><LI> startup_py32f002bxx.o(RESET)
</UL>
<P><STRONG><a name="[7]"></a>RCC_IRQHandler</STRONG> (Thumb, 0 bytes, Stack size 0 bytes, startup_py32f002bxx.o(.text))
<BR>[Address Reference Count : 1]<UL><LI> startup_py32f002bxx.o(RESET)
</UL>
<P><STRONG><a name="[11]"></a>SPI1_IRQHandler</STRONG> (Thumb, 0 bytes, Stack size 0 bytes, startup_py32f002bxx.o(.text))
<BR>[Address Reference Count : 1]<UL><LI> startup_py32f002bxx.o(RESET)
</UL>
<P><STRONG><a name="[d]"></a>TIM1_CC_IRQHandler</STRONG> (Thumb, 0 bytes, Stack size 0 bytes, startup_py32f002bxx.o(.text))
<BR>[Address Reference Count : 1]<UL><LI> startup_py32f002bxx.o(RESET)
</UL>
<P><STRONG><a name="[12]"></a>USART1_IRQHandler</STRONG> (Thumb, 0 bytes, Stack size 0 bytes, startup_py32f002bxx.o(.text))
<BR>[Address Reference Count : 1]<UL><LI> startup_py32f002bxx.o(RESET)
</UL>
<P><STRONG><a name="[85]"></a>__aeabi_uidiv</STRONG> (Thumb, 0 bytes, Stack size 12 bytes, uidiv.o(.text), UNUSED)

<P><STRONG><a name="[44]"></a>__aeabi_uidivmod</STRONG> (Thumb, 44 bytes, Stack size 12 bytes, uidiv.o(.text))
<BR><BR>[Stack]<UL><LI>Max Depth = 12<LI>Call Chain = __aeabi_uidivmod
</UL>
<BR>[Called By]<UL><LI><a href="#[41]">&gt;&gt;</a>&nbsp;&nbsp;&nbsp;HAL_I2C_Init
<LI><a href="#[55]">&gt;&gt;</a>&nbsp;&nbsp;&nbsp;HAL_RCC_GetSysClockFreq
<LI><a href="#[4b]">&gt;&gt;</a>&nbsp;&nbsp;&nbsp;HAL_InitTick
</UL>

<P><STRONG><a name="[86]"></a>__aeabi_memcpy</STRONG> (Thumb, 36 bytes, Stack size 0 bytes, memcpya.o(.text), UNUSED)

<P><STRONG><a name="[57]"></a>__aeabi_memcpy4</STRONG> (Thumb, 0 bytes, Stack size 0 bytes, memcpya.o(.text))
<BR><BR>[Called By]<UL><LI><a href="#[55]">&gt;&gt;</a>&nbsp;&nbsp;&nbsp;HAL_RCC_GetSysClockFreq
</UL>

<P><STRONG><a name="[87]"></a>__aeabi_memcpy8</STRONG> (Thumb, 0 bytes, Stack size 0 bytes, memcpya.o(.text), UNUSED)

<P><STRONG><a name="[19]"></a>__aeabi_memset</STRONG> (Thumb, 14 bytes, Stack size 0 bytes, memseta.o(.text), UNUSED)
<BR><BR>[Called By]<UL><LI><a href="#[1a]">&gt;&gt;</a>&nbsp;&nbsp;&nbsp;_memset$wrapper
<LI><a href="#[18]">&gt;&gt;</a>&nbsp;&nbsp;&nbsp;__aeabi_memclr
</UL>

<P><STRONG><a name="[88]"></a>__aeabi_memset4</STRONG> (Thumb, 0 bytes, Stack size 0 bytes, memseta.o(.text), UNUSED)

<P><STRONG><a name="[89]"></a>__aeabi_memset8</STRONG> (Thumb, 0 bytes, Stack size 0 bytes, memseta.o(.text), UNUSED)

<P><STRONG><a name="[18]"></a>__aeabi_memclr</STRONG> (Thumb, 4 bytes, Stack size 0 bytes, memseta.o(.text), UNUSED)
<BR><BR>[Calls]<UL><LI><a href="#[19]">&gt;&gt;</a>&nbsp;&nbsp;&nbsp;__aeabi_memset
</UL>

<P><STRONG><a name="[25]"></a>__aeabi_memclr4</STRONG> (Thumb, 0 bytes, Stack size 0 bytes, memseta.o(.text))
<BR><BR>[Called By]<UL><LI><a href="#[7a]">&gt;&gt;</a>&nbsp;&nbsp;&nbsp;Time_test_gpio
<LI><a href="#[1e]">&gt;&gt;</a>&nbsp;&nbsp;&nbsp;APP_SystemClockConfig
<LI><a href="#[6e]">&gt;&gt;</a>&nbsp;&nbsp;&nbsp;IIC_GPIO_Idle_Config
<LI><a href="#[1f]">&gt;&gt;</a>&nbsp;&nbsp;&nbsp;IIC_GPIO_Config
</UL>

<P><STRONG><a name="[8a]"></a>__aeabi_memclr8</STRONG> (Thumb, 0 bytes, Stack size 0 bytes, memseta.o(.text), UNUSED)

<P><STRONG><a name="[1a]"></a>_memset$wrapper</STRONG> (Thumb, 18 bytes, Stack size 8 bytes, memseta.o(.text), UNUSED)
<BR><BR>[Calls]<UL><LI><a href="#[19]">&gt;&gt;</a>&nbsp;&nbsp;&nbsp;__aeabi_memset
</UL>

<P><STRONG><a name="[17]"></a>__scatterload</STRONG> (Thumb, 28 bytes, Stack size 0 bytes, init.o(.text))
<BR><BR>[Calls]<UL><LI><a href="#[1b]">&gt;&gt;</a>&nbsp;&nbsp;&nbsp;__main_after_scatterload
</UL>
<BR>[Called By]<UL><LI><a href="#[16]">&gt;&gt;</a>&nbsp;&nbsp;&nbsp;_main_scatterload
</UL>

<P><STRONG><a name="[8b]"></a>__scatterload_rt2</STRONG> (Thumb, 0 bytes, Stack size 0 bytes, init.o(.text), UNUSED)

<P><STRONG><a name="[8c]"></a>__decompress</STRONG> (Thumb, 0 bytes, Stack size unknown bytes, __dczerorl2.o(.text), UNUSED)

<P><STRONG><a name="[8d]"></a>__decompress1</STRONG> (Thumb, 86 bytes, Stack size unknown bytes, __dczerorl2.o(.text), UNUSED)

<P><STRONG><a name="[1c]"></a>ALL_Config</STRONG> (Thumb, 36 bytes, Stack size 8 bytes, config.o(i.ALL_Config))
<BR><BR>[Stack]<UL><LI>Max Depth = 140<LI>Call Chain = ALL_Config &rArr; APP_SystemClockConfig &rArr; HAL_RCC_OscConfig &rArr; HAL_RCC_GetSysClockFreq &rArr; __aeabi_uidivmod
</UL>
<BR>[Calls]<UL><LI><a href="#[21]">&gt;&gt;</a>&nbsp;&nbsp;&nbsp;Tim1_Config
<LI><a href="#[22]">&gt;&gt;</a>&nbsp;&nbsp;&nbsp;Tim14_Config
<LI><a href="#[1d]">&gt;&gt;</a>&nbsp;&nbsp;&nbsp;HAL_Init
<LI><a href="#[1e]">&gt;&gt;</a>&nbsp;&nbsp;&nbsp;APP_SystemClockConfig
<LI><a href="#[24]">&gt;&gt;</a>&nbsp;&nbsp;&nbsp;Wdt_Config
<LI><a href="#[23]">&gt;&gt;</a>&nbsp;&nbsp;&nbsp;Lptim_Config
<LI><a href="#[1f]">&gt;&gt;</a>&nbsp;&nbsp;&nbsp;IIC_GPIO_Config
<LI><a href="#[20]">&gt;&gt;</a>&nbsp;&nbsp;&nbsp;IIC_Config
</UL>
<BR>[Called By]<UL><LI><a href="#[13]">&gt;&gt;</a>&nbsp;&nbsp;&nbsp;main
</UL>

<P><STRONG><a name="[27]"></a>APP_ErrorHandler</STRONG> (Thumb, 4 bytes, Stack size 0 bytes, main.o(i.APP_ErrorHandler))
<BR><BR>[Called By]<UL><LI><a href="#[1e]">&gt;&gt;</a>&nbsp;&nbsp;&nbsp;APP_SystemClockConfig
</UL>

<P><STRONG><a name="[9]"></a>EXTI2_3_IRQHandler</STRONG> (Thumb, 10 bytes, Stack size 8 bytes, py32f002b_it.o(i.EXTI2_3_IRQHandler))
<BR><BR>[Stack]<UL><LI>Max Depth = 16<LI>Call Chain = EXTI2_3_IRQHandler &rArr; HAL_GPIO_EXTI_IRQHandler
</UL>
<BR>[Calls]<UL><LI><a href="#[29]">&gt;&gt;</a>&nbsp;&nbsp;&nbsp;HAL_GPIO_EXTI_IRQHandler
</UL>
<BR>[Address Reference Count : 1]<UL><LI> startup_py32f002bxx.o(RESET)
</UL>
<P><STRONG><a name="[2a]"></a>HAL_GPIO_EXTI_Callback</STRONG> (Thumb, 2 bytes, Stack size 0 bytes, py32f002b_hal_gpio.o(i.HAL_GPIO_EXTI_Callback))
<BR><BR>[Called By]<UL><LI><a href="#[29]">&gt;&gt;</a>&nbsp;&nbsp;&nbsp;HAL_GPIO_EXTI_IRQHandler
</UL>

<P><STRONG><a name="[29]"></a>HAL_GPIO_EXTI_IRQHandler</STRONG> (Thumb, 26 bytes, Stack size 8 bytes, py32f002b_hal_gpio.o(i.HAL_GPIO_EXTI_IRQHandler))
<BR><BR>[Stack]<UL><LI>Max Depth = 8<LI>Call Chain = HAL_GPIO_EXTI_IRQHandler
</UL>
<BR>[Calls]<UL><LI><a href="#[2a]">&gt;&gt;</a>&nbsp;&nbsp;&nbsp;HAL_GPIO_EXTI_Callback
</UL>
<BR>[Called By]<UL><LI><a href="#[9]">&gt;&gt;</a>&nbsp;&nbsp;&nbsp;EXTI2_3_IRQHandler
</UL>

<P><STRONG><a name="[6d]"></a>HAL_GPIO_Init</STRONG> (Thumb, 428 bytes, Stack size 16 bytes, py32f002b_hal_gpio.o(i.HAL_GPIO_Init))
<BR><BR>[Stack]<UL><LI>Max Depth = 16<LI>Call Chain = HAL_GPIO_Init
</UL>
<BR>[Called By]<UL><LI><a href="#[7a]">&gt;&gt;</a>&nbsp;&nbsp;&nbsp;Time_test_gpio
<LI><a href="#[6e]">&gt;&gt;</a>&nbsp;&nbsp;&nbsp;IIC_GPIO_Idle_Config
<LI><a href="#[1f]">&gt;&gt;</a>&nbsp;&nbsp;&nbsp;IIC_GPIO_Config
</UL>

<P><STRONG><a name="[4a]"></a>HAL_GetTick</STRONG> (Thumb, 6 bytes, Stack size 0 bytes, py32f002b_hal.o(i.HAL_GetTick))
<BR><BR>[Called By]<UL><LI><a href="#[26]">&gt;&gt;</a>&nbsp;&nbsp;&nbsp;HAL_RCC_OscConfig
<LI><a href="#[28]">&gt;&gt;</a>&nbsp;&nbsp;&nbsp;HAL_RCC_ClockConfig
<LI><a href="#[49]">&gt;&gt;</a>&nbsp;&nbsp;&nbsp;HAL_IWDG_Init
</UL>

<P><STRONG><a name="[63]"></a>HAL_I2C_AbortCpltCallback</STRONG> (Thumb, 2 bytes, Stack size 0 bytes, py32f002b_hal_i2c.o(i.HAL_I2C_AbortCpltCallback))
<BR><BR>[Called By]<UL><LI><a href="#[31]">&gt;&gt;</a>&nbsp;&nbsp;&nbsp;I2C_ITError
</UL>

<P><STRONG><a name="[2b]"></a>HAL_I2C_AddrCallback</STRONG> (Thumb, 34 bytes, Stack size 16 bytes, iic.o(i.HAL_I2C_AddrCallback))
<BR><BR>[Stack]<UL><LI>Max Depth = 32<LI>Call Chain = HAL_I2C_AddrCallback &rArr; HAL_I2C_Slave_Seq_Receive_IT
</UL>
<BR>[Calls]<UL><LI><a href="#[2c]">&gt;&gt;</a>&nbsp;&nbsp;&nbsp;HAL_I2C_Slave_Seq_Receive_IT
</UL>
<BR>[Called By]<UL><LI><a href="#[3b]">&gt;&gt;</a>&nbsp;&nbsp;&nbsp;I2C_Slave_ADDR
</UL>

<P><STRONG><a name="[2d]"></a>HAL_I2C_DeInit</STRONG> (Thumb, 66 bytes, Stack size 8 bytes, py32f002b_hal_i2c.o(i.HAL_I2C_DeInit))
<BR><BR>[Stack]<UL><LI>Max Depth = 8<LI>Call Chain = HAL_I2C_DeInit
</UL>
<BR>[Calls]<UL><LI><a href="#[2e]">&gt;&gt;</a>&nbsp;&nbsp;&nbsp;HAL_I2C_MspDeInit
</UL>
<BR>[Called By]<UL><LI><a href="#[6c]">&gt;&gt;</a>&nbsp;&nbsp;&nbsp;IIC_DISENABLE
</UL>

<P><STRONG><a name="[2f]"></a>HAL_I2C_ER_IRQHandler</STRONG> (Thumb, 274 bytes, Stack size 40 bytes, py32f002b_hal_i2c.o(i.HAL_I2C_ER_IRQHandler))
<BR><BR>[Stack]<UL><LI>Max Depth = 64<LI>Call Chain = HAL_I2C_ER_IRQHandler &rArr; I2C_Slave_AF &rArr; HAL_I2C_ListenCpltCallback
</UL>
<BR>[Calls]<UL><LI><a href="#[30]">&gt;&gt;</a>&nbsp;&nbsp;&nbsp;I2C_Slave_AF
<LI><a href="#[31]">&gt;&gt;</a>&nbsp;&nbsp;&nbsp;I2C_ITError
</UL>
<BR>[Called By]<UL><LI><a href="#[10]">&gt;&gt;</a>&nbsp;&nbsp;&nbsp;I2C1_IRQHandler
</UL>

<P><STRONG><a name="[32]"></a>HAL_I2C_EV_IRQHandler</STRONG> (Thumb, 576 bytes, Stack size 32 bytes, py32f002b_hal_i2c.o(i.HAL_I2C_EV_IRQHandler))
<BR><BR>[Stack]<UL><LI>Max Depth = 104<LI>Call Chain = HAL_I2C_EV_IRQHandler &rArr; I2C_Slave_STOPF &rArr; HAL_I2C_SlaveRxCpltCallback &rArr; RX_Handler &rArr; HAL_I2C_Slave_Seq_Transmit_IT
</UL>
<BR>[Calls]<UL><LI><a href="#[3c]">&gt;&gt;</a>&nbsp;&nbsp;&nbsp;I2C_Slave_STOPF
<LI><a href="#[3b]">&gt;&gt;</a>&nbsp;&nbsp;&nbsp;I2C_Slave_ADDR
<LI><a href="#[3d]">&gt;&gt;</a>&nbsp;&nbsp;&nbsp;I2C_SlaveTransmit_TXE
<LI><a href="#[3e]">&gt;&gt;</a>&nbsp;&nbsp;&nbsp;I2C_SlaveTransmit_BTF
<LI><a href="#[3f]">&gt;&gt;</a>&nbsp;&nbsp;&nbsp;I2C_SlaveReceive_RXNE
<LI><a href="#[40]">&gt;&gt;</a>&nbsp;&nbsp;&nbsp;I2C_SlaveReceive_BTF
<LI><a href="#[34]">&gt;&gt;</a>&nbsp;&nbsp;&nbsp;I2C_Master_SB
<LI><a href="#[36]">&gt;&gt;</a>&nbsp;&nbsp;&nbsp;I2C_Master_ADDR
<LI><a href="#[35]">&gt;&gt;</a>&nbsp;&nbsp;&nbsp;I2C_Master_ADD10
<LI><a href="#[37]">&gt;&gt;</a>&nbsp;&nbsp;&nbsp;I2C_MasterTransmit_TXE
<LI><a href="#[38]">&gt;&gt;</a>&nbsp;&nbsp;&nbsp;I2C_MasterTransmit_BTF
<LI><a href="#[39]">&gt;&gt;</a>&nbsp;&nbsp;&nbsp;I2C_MasterReceive_RXNE
<LI><a href="#[3a]">&gt;&gt;</a>&nbsp;&nbsp;&nbsp;I2C_MasterReceive_BTF
<LI><a href="#[33]">&gt;&gt;</a>&nbsp;&nbsp;&nbsp;I2C_ConvertOtherXferOptions
</UL>
<BR>[Called By]<UL><LI><a href="#[10]">&gt;&gt;</a>&nbsp;&nbsp;&nbsp;I2C1_IRQHandler
</UL>

<P><STRONG><a name="[46]"></a>HAL_I2C_EnableListen_IT</STRONG> (Thumb, 76 bytes, Stack size 0 bytes, py32f002b_hal_i2c.o(i.HAL_I2C_EnableListen_IT))
<BR><BR>[Called By]<UL><LI><a href="#[20]">&gt;&gt;</a>&nbsp;&nbsp;&nbsp;IIC_Config
<LI><a href="#[45]">&gt;&gt;</a>&nbsp;&nbsp;&nbsp;HAL_I2C_ListenCpltCallback
</UL>

<P><STRONG><a name="[64]"></a>HAL_I2C_ErrorCallback</STRONG> (Thumb, 32 bytes, Stack size 0 bytes, iic.o(i.HAL_I2C_ErrorCallback))
<BR><BR>[Called By]<UL><LI><a href="#[31]">&gt;&gt;</a>&nbsp;&nbsp;&nbsp;I2C_ITError
</UL>

<P><STRONG><a name="[41]"></a>HAL_I2C_Init</STRONG> (Thumb, 414 bytes, Stack size 16 bytes, py32f002b_hal_i2c.o(i.HAL_I2C_Init))
<BR><BR>[Stack]<UL><LI>Max Depth = 28<LI>Call Chain = HAL_I2C_Init &rArr; __aeabi_uidivmod
</UL>
<BR>[Calls]<UL><LI><a href="#[43]">&gt;&gt;</a>&nbsp;&nbsp;&nbsp;HAL_RCC_GetPCLK1Freq
<LI><a href="#[42]">&gt;&gt;</a>&nbsp;&nbsp;&nbsp;HAL_I2C_MspInit
<LI><a href="#[44]">&gt;&gt;</a>&nbsp;&nbsp;&nbsp;__aeabi_uidivmod
</UL>
<BR>[Called By]<UL><LI><a href="#[20]">&gt;&gt;</a>&nbsp;&nbsp;&nbsp;IIC_Config
</UL>

<P><STRONG><a name="[45]"></a>HAL_I2C_ListenCpltCallback</STRONG> (Thumb, 20 bytes, Stack size 8 bytes, iic.o(i.HAL_I2C_ListenCpltCallback))
<BR><BR>[Stack]<UL><LI>Max Depth = 8<LI>Call Chain = HAL_I2C_ListenCpltCallback
</UL>
<BR>[Calls]<UL><LI><a href="#[46]">&gt;&gt;</a>&nbsp;&nbsp;&nbsp;HAL_I2C_EnableListen_IT
</UL>
<BR>[Called By]<UL><LI><a href="#[3c]">&gt;&gt;</a>&nbsp;&nbsp;&nbsp;I2C_Slave_STOPF
<LI><a href="#[30]">&gt;&gt;</a>&nbsp;&nbsp;&nbsp;I2C_Slave_AF
<LI><a href="#[31]">&gt;&gt;</a>&nbsp;&nbsp;&nbsp;I2C_ITError
</UL>

<P><STRONG><a name="[66]"></a>HAL_I2C_MasterRxCpltCallback</STRONG> (Thumb, 2 bytes, Stack size 0 bytes, py32f002b_hal_i2c.o(i.HAL_I2C_MasterRxCpltCallback))
<BR><BR>[Called By]<UL><LI><a href="#[39]">&gt;&gt;</a>&nbsp;&nbsp;&nbsp;I2C_MasterReceive_RXNE
<LI><a href="#[3a]">&gt;&gt;</a>&nbsp;&nbsp;&nbsp;I2C_MasterReceive_BTF
</UL>

<P><STRONG><a name="[67]"></a>HAL_I2C_MasterTxCpltCallback</STRONG> (Thumb, 2 bytes, Stack size 0 bytes, py32f002b_hal_i2c.o(i.HAL_I2C_MasterTxCpltCallback))
<BR><BR>[Called By]<UL><LI><a href="#[37]">&gt;&gt;</a>&nbsp;&nbsp;&nbsp;I2C_MasterTransmit_TXE
<LI><a href="#[38]">&gt;&gt;</a>&nbsp;&nbsp;&nbsp;I2C_MasterTransmit_BTF
</UL>

<P><STRONG><a name="[65]"></a>HAL_I2C_MemRxCpltCallback</STRONG> (Thumb, 2 bytes, Stack size 0 bytes, py32f002b_hal_i2c.o(i.HAL_I2C_MemRxCpltCallback))
<BR><BR>[Called By]<UL><LI><a href="#[39]">&gt;&gt;</a>&nbsp;&nbsp;&nbsp;I2C_MasterReceive_RXNE
<LI><a href="#[3a]">&gt;&gt;</a>&nbsp;&nbsp;&nbsp;I2C_MasterReceive_BTF
</UL>

<P><STRONG><a name="[68]"></a>HAL_I2C_MemTxCpltCallback</STRONG> (Thumb, 2 bytes, Stack size 0 bytes, py32f002b_hal_i2c.o(i.HAL_I2C_MemTxCpltCallback))
<BR><BR>[Called By]<UL><LI><a href="#[37]">&gt;&gt;</a>&nbsp;&nbsp;&nbsp;I2C_MasterTransmit_TXE
<LI><a href="#[38]">&gt;&gt;</a>&nbsp;&nbsp;&nbsp;I2C_MasterTransmit_BTF
</UL>

<P><STRONG><a name="[2e]"></a>HAL_I2C_MspDeInit</STRONG> (Thumb, 2 bytes, Stack size 0 bytes, py32f002b_hal_i2c.o(i.HAL_I2C_MspDeInit))
<BR><BR>[Called By]<UL><LI><a href="#[2d]">&gt;&gt;</a>&nbsp;&nbsp;&nbsp;HAL_I2C_DeInit
</UL>

<P><STRONG><a name="[42]"></a>HAL_I2C_MspInit</STRONG> (Thumb, 2 bytes, Stack size 0 bytes, py32f002b_hal_i2c.o(i.HAL_I2C_MspInit))
<BR><BR>[Called By]<UL><LI><a href="#[41]">&gt;&gt;</a>&nbsp;&nbsp;&nbsp;HAL_I2C_Init
</UL>

<P><STRONG><a name="[47]"></a>HAL_I2C_SlaveRxCpltCallback</STRONG> (Thumb, 18 bytes, Stack size 8 bytes, iic.o(i.HAL_I2C_SlaveRxCpltCallback))
<BR><BR>[Stack]<UL><LI>Max Depth = 40<LI>Call Chain = HAL_I2C_SlaveRxCpltCallback &rArr; RX_Handler &rArr; HAL_I2C_Slave_Seq_Transmit_IT
</UL>
<BR>[Calls]<UL><LI><a href="#[48]">&gt;&gt;</a>&nbsp;&nbsp;&nbsp;RX_Handler
</UL>
<BR>[Called By]<UL><LI><a href="#[3c]">&gt;&gt;</a>&nbsp;&nbsp;&nbsp;I2C_Slave_STOPF
<LI><a href="#[3f]">&gt;&gt;</a>&nbsp;&nbsp;&nbsp;I2C_SlaveReceive_RXNE
</UL>

<P><STRONG><a name="[69]"></a>HAL_I2C_SlaveTxCpltCallback</STRONG> (Thumb, 2 bytes, Stack size 0 bytes, py32f002b_hal_i2c.o(i.HAL_I2C_SlaveTxCpltCallback))
<BR><BR>[Called By]<UL><LI><a href="#[30]">&gt;&gt;</a>&nbsp;&nbsp;&nbsp;I2C_Slave_AF
<LI><a href="#[3d]">&gt;&gt;</a>&nbsp;&nbsp;&nbsp;I2C_SlaveTransmit_TXE
</UL>

<P><STRONG><a name="[2c]"></a>HAL_I2C_Slave_Seq_Receive_IT</STRONG> (Thumb, 164 bytes, Stack size 16 bytes, py32f002b_hal_i2c.o(i.HAL_I2C_Slave_Seq_Receive_IT))
<BR><BR>[Stack]<UL><LI>Max Depth = 16<LI>Call Chain = HAL_I2C_Slave_Seq_Receive_IT
</UL>
<BR>[Called By]<UL><LI><a href="#[20]">&gt;&gt;</a>&nbsp;&nbsp;&nbsp;IIC_Config
<LI><a href="#[2b]">&gt;&gt;</a>&nbsp;&nbsp;&nbsp;HAL_I2C_AddrCallback
</UL>

<P><STRONG><a name="[76]"></a>HAL_I2C_Slave_Seq_Transmit_IT</STRONG> (Thumb, 162 bytes, Stack size 16 bytes, py32f002b_hal_i2c.o(i.HAL_I2C_Slave_Seq_Transmit_IT))
<BR><BR>[Stack]<UL><LI>Max Depth = 16<LI>Call Chain = HAL_I2C_Slave_Seq_Transmit_IT
</UL>
<BR>[Called By]<UL><LI><a href="#[48]">&gt;&gt;</a>&nbsp;&nbsp;&nbsp;RX_Handler
</UL>

<P><STRONG><a name="[49]"></a>HAL_IWDG_Init</STRONG> (Thumb, 76 bytes, Stack size 16 bytes, py32f002b_hal_iwdg.o(i.HAL_IWDG_Init))
<BR><BR>[Stack]<UL><LI>Max Depth = 16<LI>Call Chain = HAL_IWDG_Init
</UL>
<BR>[Calls]<UL><LI><a href="#[4a]">&gt;&gt;</a>&nbsp;&nbsp;&nbsp;HAL_GetTick
</UL>
<BR>[Called By]<UL><LI><a href="#[24]">&gt;&gt;</a>&nbsp;&nbsp;&nbsp;Wdt_Config
</UL>

<P><STRONG><a name="[77]"></a>HAL_IncTick</STRONG> (Thumb, 16 bytes, Stack size 0 bytes, py32f002b_hal.o(i.HAL_IncTick))
<BR><BR>[Called By]<UL><LI><a href="#[5]">&gt;&gt;</a>&nbsp;&nbsp;&nbsp;SysTick_Handler
</UL>

<P><STRONG><a name="[1d]"></a>HAL_Init</STRONG> (Thumb, 26 bytes, Stack size 8 bytes, py32f002b_hal.o(i.HAL_Init))
<BR><BR>[Stack]<UL><LI>Max Depth = 56<LI>Call Chain = HAL_Init &rArr; HAL_InitTick &rArr; HAL_NVIC_SetPriority &rArr; NVIC_SetPriority
</UL>
<BR>[Calls]<UL><LI><a href="#[4c]">&gt;&gt;</a>&nbsp;&nbsp;&nbsp;HAL_MspInit
<LI><a href="#[4b]">&gt;&gt;</a>&nbsp;&nbsp;&nbsp;HAL_InitTick
</UL>
<BR>[Called By]<UL><LI><a href="#[1c]">&gt;&gt;</a>&nbsp;&nbsp;&nbsp;ALL_Config
</UL>

<P><STRONG><a name="[4b]"></a>HAL_InitTick</STRONG> (Thumb, 82 bytes, Stack size 24 bytes, py32f002b_hal.o(i.HAL_InitTick))
<BR><BR>[Stack]<UL><LI>Max Depth = 48<LI>Call Chain = HAL_InitTick &rArr; HAL_NVIC_SetPriority &rArr; NVIC_SetPriority
</UL>
<BR>[Calls]<UL><LI><a href="#[4e]">&gt;&gt;</a>&nbsp;&nbsp;&nbsp;HAL_NVIC_SetPriority
<LI><a href="#[4d]">&gt;&gt;</a>&nbsp;&nbsp;&nbsp;HAL_SYSTICK_Config
<LI><a href="#[44]">&gt;&gt;</a>&nbsp;&nbsp;&nbsp;__aeabi_uidivmod
</UL>
<BR>[Called By]<UL><LI><a href="#[26]">&gt;&gt;</a>&nbsp;&nbsp;&nbsp;HAL_RCC_OscConfig
<LI><a href="#[28]">&gt;&gt;</a>&nbsp;&nbsp;&nbsp;HAL_RCC_ClockConfig
<LI><a href="#[1d]">&gt;&gt;</a>&nbsp;&nbsp;&nbsp;HAL_Init
</UL>

<P><STRONG><a name="[50]"></a>HAL_LPTIM_AutoReloadMatchCallback</STRONG> (Thumb, 2 bytes, Stack size 0 bytes, py32f002b_hal_lptim.o(i.HAL_LPTIM_AutoReloadMatchCallback))
<BR><BR>[Called By]<UL><LI><a href="#[4f]">&gt;&gt;</a>&nbsp;&nbsp;&nbsp;HAL_LPTIM_IRQHandler
</UL>

<P><STRONG><a name="[51]"></a>HAL_LPTIM_AutoReloadUpdateCompletedCallback</STRONG> (Thumb, 2 bytes, Stack size 0 bytes, py32f002b_hal_lptim.o(i.HAL_LPTIM_AutoReloadUpdateCompletedCallback))
<BR><BR>[Called By]<UL><LI><a href="#[4f]">&gt;&gt;</a>&nbsp;&nbsp;&nbsp;HAL_LPTIM_IRQHandler
</UL>

<P><STRONG><a name="[4f]"></a>HAL_LPTIM_IRQHandler</STRONG> (Thumb, 82 bytes, Stack size 8 bytes, py32f002b_hal_lptim.o(i.HAL_LPTIM_IRQHandler))
<BR><BR>[Stack]<UL><LI>Max Depth = 8<LI>Call Chain = HAL_LPTIM_IRQHandler
</UL>
<BR>[Calls]<UL><LI><a href="#[51]">&gt;&gt;</a>&nbsp;&nbsp;&nbsp;HAL_LPTIM_AutoReloadUpdateCompletedCallback
<LI><a href="#[50]">&gt;&gt;</a>&nbsp;&nbsp;&nbsp;HAL_LPTIM_AutoReloadMatchCallback
</UL>
<BR>[Called By]<UL><LI><a href="#[e]">&gt;&gt;</a>&nbsp;&nbsp;&nbsp;LPTIM1_IRQHandler
</UL>

<P><STRONG><a name="[52]"></a>HAL_LPTIM_Init</STRONG> (Thumb, 58 bytes, Stack size 16 bytes, py32f002b_hal_lptim.o(i.HAL_LPTIM_Init))
<BR><BR>[Stack]<UL><LI>Max Depth = 16<LI>Call Chain = HAL_LPTIM_Init
</UL>
<BR>[Calls]<UL><LI><a href="#[53]">&gt;&gt;</a>&nbsp;&nbsp;&nbsp;HAL_LPTIM_MspInit
</UL>
<BR>[Called By]<UL><LI><a href="#[23]">&gt;&gt;</a>&nbsp;&nbsp;&nbsp;Lptim_Config
</UL>

<P><STRONG><a name="[53]"></a>HAL_LPTIM_MspInit</STRONG> (Thumb, 2 bytes, Stack size 0 bytes, py32f002b_hal_lptim.o(i.HAL_LPTIM_MspInit))
<BR><BR>[Called By]<UL><LI><a href="#[52]">&gt;&gt;</a>&nbsp;&nbsp;&nbsp;HAL_LPTIM_Init
</UL>

<P><STRONG><a name="[75]"></a>HAL_LPTIM_SetContinue_Start_IT</STRONG> (Thumb, 54 bytes, Stack size 0 bytes, py32f002b_hal_lptim.o(i.HAL_LPTIM_SetContinue_Start_IT))
<BR><BR>[Called By]<UL><LI><a href="#[23]">&gt;&gt;</a>&nbsp;&nbsp;&nbsp;Lptim_Config
</UL>

<P><STRONG><a name="[4c]"></a>HAL_MspInit</STRONG> (Thumb, 220 bytes, Stack size 8 bytes, py32f002b_hal_msp.o(i.HAL_MspInit))
<BR><BR>[Stack]<UL><LI>Max Depth = 8<LI>Call Chain = HAL_MspInit
</UL>
<BR>[Called By]<UL><LI><a href="#[1d]">&gt;&gt;</a>&nbsp;&nbsp;&nbsp;HAL_Init
</UL>

<P><STRONG><a name="[74]"></a>HAL_NVIC_EnableIRQ</STRONG> (Thumb, 18 bytes, Stack size 0 bytes, py32f002b_hal_cortex.o(i.HAL_NVIC_EnableIRQ))
<BR><BR>[Called By]<UL><LI><a href="#[23]">&gt;&gt;</a>&nbsp;&nbsp;&nbsp;Lptim_Config
</UL>

<P><STRONG><a name="[4e]"></a>HAL_NVIC_SetPriority</STRONG> (Thumb, 18 bytes, Stack size 16 bytes, py32f002b_hal_cortex.o(i.HAL_NVIC_SetPriority))
<BR><BR>[Stack]<UL><LI>Max Depth = 24<LI>Call Chain = HAL_NVIC_SetPriority &rArr; NVIC_SetPriority
</UL>
<BR>[Calls]<UL><LI><a href="#[54]">&gt;&gt;</a>&nbsp;&nbsp;&nbsp;NVIC_SetPriority
</UL>
<BR>[Called By]<UL><LI><a href="#[23]">&gt;&gt;</a>&nbsp;&nbsp;&nbsp;Lptim_Config
<LI><a href="#[4b]">&gt;&gt;</a>&nbsp;&nbsp;&nbsp;HAL_InitTick
</UL>

<P><STRONG><a name="[71]"></a>HAL_PWR_EnterSTOPMode</STRONG> (Thumb, 56 bytes, Stack size 0 bytes, py32f002b_hal_pwr.o(i.HAL_PWR_EnterSTOPMode))
<BR><BR>[Called By]<UL><LI><a href="#[6f]">&gt;&gt;</a>&nbsp;&nbsp;&nbsp;Low_Power_Task
</UL>

<P><STRONG><a name="[73]"></a>HAL_RCCEx_PeriphCLKConfig</STRONG> (Thumb, 182 bytes, Stack size 12 bytes, py32f002b_hal_rcc_ex.o(i.HAL_RCCEx_PeriphCLKConfig))
<BR><BR>[Stack]<UL><LI>Max Depth = 12<LI>Call Chain = HAL_RCCEx_PeriphCLKConfig
</UL>
<BR>[Called By]<UL><LI><a href="#[23]">&gt;&gt;</a>&nbsp;&nbsp;&nbsp;Lptim_Config
</UL>

<P><STRONG><a name="[28]"></a>HAL_RCC_ClockConfig</STRONG> (Thumb, 418 bytes, Stack size 16 bytes, py32f002b_hal_rcc.o(i.HAL_RCC_ClockConfig))
<BR><BR>[Stack]<UL><LI>Max Depth = 76<LI>Call Chain = HAL_RCC_ClockConfig &rArr; HAL_RCC_GetSysClockFreq &rArr; __aeabi_uidivmod
</UL>
<BR>[Calls]<UL><LI><a href="#[55]">&gt;&gt;</a>&nbsp;&nbsp;&nbsp;HAL_RCC_GetSysClockFreq
<LI><a href="#[4b]">&gt;&gt;</a>&nbsp;&nbsp;&nbsp;HAL_InitTick
<LI><a href="#[4a]">&gt;&gt;</a>&nbsp;&nbsp;&nbsp;HAL_GetTick
</UL>
<BR>[Called By]<UL><LI><a href="#[1e]">&gt;&gt;</a>&nbsp;&nbsp;&nbsp;APP_SystemClockConfig
</UL>

<P><STRONG><a name="[56]"></a>HAL_RCC_GetHCLKFreq</STRONG> (Thumb, 6 bytes, Stack size 0 bytes, py32f002b_hal_rcc.o(i.HAL_RCC_GetHCLKFreq))
<BR><BR>[Called By]<UL><LI><a href="#[43]">&gt;&gt;</a>&nbsp;&nbsp;&nbsp;HAL_RCC_GetPCLK1Freq
</UL>

<P><STRONG><a name="[43]"></a>HAL_RCC_GetPCLK1Freq</STRONG> (Thumb, 32 bytes, Stack size 4 bytes, py32f002b_hal_rcc.o(i.HAL_RCC_GetPCLK1Freq))
<BR><BR>[Stack]<UL><LI>Max Depth = 4<LI>Call Chain = HAL_RCC_GetPCLK1Freq
</UL>
<BR>[Calls]<UL><LI><a href="#[56]">&gt;&gt;</a>&nbsp;&nbsp;&nbsp;HAL_RCC_GetHCLKFreq
</UL>
<BR>[Called By]<UL><LI><a href="#[41]">&gt;&gt;</a>&nbsp;&nbsp;&nbsp;HAL_I2C_Init
</UL>

<P><STRONG><a name="[55]"></a>HAL_RCC_GetSysClockFreq</STRONG> (Thumb, 126 bytes, Stack size 48 bytes, py32f002b_hal_rcc.o(i.HAL_RCC_GetSysClockFreq))
<BR><BR>[Stack]<UL><LI>Max Depth = 60<LI>Call Chain = HAL_RCC_GetSysClockFreq &rArr; __aeabi_uidivmod
</UL>
<BR>[Calls]<UL><LI><a href="#[57]">&gt;&gt;</a>&nbsp;&nbsp;&nbsp;__aeabi_memcpy4
<LI><a href="#[44]">&gt;&gt;</a>&nbsp;&nbsp;&nbsp;__aeabi_uidivmod
</UL>
<BR>[Called By]<UL><LI><a href="#[26]">&gt;&gt;</a>&nbsp;&nbsp;&nbsp;HAL_RCC_OscConfig
<LI><a href="#[28]">&gt;&gt;</a>&nbsp;&nbsp;&nbsp;HAL_RCC_ClockConfig
</UL>

<P><STRONG><a name="[26]"></a>HAL_RCC_OscConfig</STRONG> (Thumb, 1076 bytes, Stack size 16 bytes, py32f002b_hal_rcc.o(i.HAL_RCC_OscConfig))
<BR><BR>[Stack]<UL><LI>Max Depth = 76<LI>Call Chain = HAL_RCC_OscConfig &rArr; HAL_RCC_GetSysClockFreq &rArr; __aeabi_uidivmod
</UL>
<BR>[Calls]<UL><LI><a href="#[55]">&gt;&gt;</a>&nbsp;&nbsp;&nbsp;HAL_RCC_GetSysClockFreq
<LI><a href="#[4b]">&gt;&gt;</a>&nbsp;&nbsp;&nbsp;HAL_InitTick
<LI><a href="#[4a]">&gt;&gt;</a>&nbsp;&nbsp;&nbsp;HAL_GetTick
</UL>
<BR>[Called By]<UL><LI><a href="#[1e]">&gt;&gt;</a>&nbsp;&nbsp;&nbsp;APP_SystemClockConfig
</UL>

<P><STRONG><a name="[72]"></a>HAL_ResumeTick</STRONG> (Thumb, 14 bytes, Stack size 0 bytes, py32f002b_hal.o(i.HAL_ResumeTick))
<BR><BR>[Called By]<UL><LI><a href="#[6f]">&gt;&gt;</a>&nbsp;&nbsp;&nbsp;Low_Power_Task
</UL>

<P><STRONG><a name="[4d]"></a>HAL_SYSTICK_Config</STRONG> (Thumb, 46 bytes, Stack size 16 bytes, py32f002b_hal_cortex.o(i.HAL_SYSTICK_Config))
<BR><BR>[Stack]<UL><LI>Max Depth = 24<LI>Call Chain = HAL_SYSTICK_Config &rArr; NVIC_SetPriority
</UL>
<BR>[Calls]<UL><LI><a href="#[54]">&gt;&gt;</a>&nbsp;&nbsp;&nbsp;NVIC_SetPriority
</UL>
<BR>[Called By]<UL><LI><a href="#[4b]">&gt;&gt;</a>&nbsp;&nbsp;&nbsp;HAL_InitTick
</UL>

<P><STRONG><a name="[70]"></a>HAL_SuspendTick</STRONG> (Thumb, 14 bytes, Stack size 0 bytes, py32f002b_hal.o(i.HAL_SuspendTick))
<BR><BR>[Called By]<UL><LI><a href="#[6f]">&gt;&gt;</a>&nbsp;&nbsp;&nbsp;Low_Power_Task
</UL>

<P><STRONG><a name="[60]"></a>HAL_TIMEx_BreakCallback</STRONG> (Thumb, 2 bytes, Stack size 0 bytes, py32f002b_hal_tim_ex.o(i.HAL_TIMEx_BreakCallback))
<BR><BR>[Called By]<UL><LI><a href="#[5b]">&gt;&gt;</a>&nbsp;&nbsp;&nbsp;HAL_TIM_IRQHandler
</UL>

<P><STRONG><a name="[62]"></a>HAL_TIMEx_CommutCallback</STRONG> (Thumb, 2 bytes, Stack size 0 bytes, py32f002b_hal_tim_ex.o(i.HAL_TIMEx_CommutCallback))
<BR><BR>[Called By]<UL><LI><a href="#[5b]">&gt;&gt;</a>&nbsp;&nbsp;&nbsp;HAL_TIM_IRQHandler
</UL>

<P><STRONG><a name="[58]"></a>HAL_TIM_Base_Init</STRONG> (Thumb, 46 bytes, Stack size 8 bytes, py32f002b_hal_tim.o(i.HAL_TIM_Base_Init))
<BR><BR>[Stack]<UL><LI>Max Depth = 16<LI>Call Chain = HAL_TIM_Base_Init &rArr; TIM_Base_SetConfig
</UL>
<BR>[Calls]<UL><LI><a href="#[59]">&gt;&gt;</a>&nbsp;&nbsp;&nbsp;HAL_TIM_Base_MspInit
<LI><a href="#[5a]">&gt;&gt;</a>&nbsp;&nbsp;&nbsp;TIM_Base_SetConfig
</UL>
<BR>[Called By]<UL><LI><a href="#[21]">&gt;&gt;</a>&nbsp;&nbsp;&nbsp;Tim1_Config
<LI><a href="#[22]">&gt;&gt;</a>&nbsp;&nbsp;&nbsp;Tim14_Config
</UL>

<P><STRONG><a name="[59]"></a>HAL_TIM_Base_MspInit</STRONG> (Thumb, 2 bytes, Stack size 0 bytes, py32f002b_hal_tim.o(i.HAL_TIM_Base_MspInit))
<BR><BR>[Called By]<UL><LI><a href="#[58]">&gt;&gt;</a>&nbsp;&nbsp;&nbsp;HAL_TIM_Base_Init
</UL>

<P><STRONG><a name="[7e]"></a>HAL_TIM_Base_Start_IT</STRONG> (Thumb, 42 bytes, Stack size 0 bytes, py32f002b_hal_tim.o(i.HAL_TIM_Base_Start_IT))
<BR><BR>[Called By]<UL><LI><a href="#[21]">&gt;&gt;</a>&nbsp;&nbsp;&nbsp;Tim1_Config
<LI><a href="#[22]">&gt;&gt;</a>&nbsp;&nbsp;&nbsp;Tim14_Config
</UL>

<P><STRONG><a name="[5c]"></a>HAL_TIM_IC_CaptureCallback</STRONG> (Thumb, 2 bytes, Stack size 0 bytes, py32f002b_hal_tim.o(i.HAL_TIM_IC_CaptureCallback))
<BR><BR>[Called By]<UL><LI><a href="#[5b]">&gt;&gt;</a>&nbsp;&nbsp;&nbsp;HAL_TIM_IRQHandler
</UL>

<P><STRONG><a name="[5b]"></a>HAL_TIM_IRQHandler</STRONG> (Thumb, 456 bytes, Stack size 8 bytes, py32f002b_hal_tim.o(i.HAL_TIM_IRQHandler))
<BR><BR>[Stack]<UL><LI>Max Depth = 8<LI>Call Chain = HAL_TIM_IRQHandler
</UL>
<BR>[Calls]<UL><LI><a href="#[61]">&gt;&gt;</a>&nbsp;&nbsp;&nbsp;HAL_TIM_TriggerCallback
<LI><a href="#[5f]">&gt;&gt;</a>&nbsp;&nbsp;&nbsp;HAL_TIM_PeriodElapsedCallback
<LI><a href="#[5e]">&gt;&gt;</a>&nbsp;&nbsp;&nbsp;HAL_TIM_PWM_PulseFinishedCallback
<LI><a href="#[5d]">&gt;&gt;</a>&nbsp;&nbsp;&nbsp;HAL_TIM_OC_DelayElapsedCallback
<LI><a href="#[5c]">&gt;&gt;</a>&nbsp;&nbsp;&nbsp;HAL_TIM_IC_CaptureCallback
<LI><a href="#[62]">&gt;&gt;</a>&nbsp;&nbsp;&nbsp;HAL_TIMEx_CommutCallback
<LI><a href="#[60]">&gt;&gt;</a>&nbsp;&nbsp;&nbsp;HAL_TIMEx_BreakCallback
</UL>
<BR>[Called By]<UL><LI><a href="#[c]">&gt;&gt;</a>&nbsp;&nbsp;&nbsp;TIM1_BRK_UP_TRG_COM_IRQHandler
<LI><a href="#[f]">&gt;&gt;</a>&nbsp;&nbsp;&nbsp;TIM14_IRQHandler
</UL>

<P><STRONG><a name="[5d]"></a>HAL_TIM_OC_DelayElapsedCallback</STRONG> (Thumb, 2 bytes, Stack size 0 bytes, py32f002b_hal_tim.o(i.HAL_TIM_OC_DelayElapsedCallback))
<BR><BR>[Called By]<UL><LI><a href="#[5b]">&gt;&gt;</a>&nbsp;&nbsp;&nbsp;HAL_TIM_IRQHandler
</UL>

<P><STRONG><a name="[5e]"></a>HAL_TIM_PWM_PulseFinishedCallback</STRONG> (Thumb, 2 bytes, Stack size 0 bytes, py32f002b_hal_tim.o(i.HAL_TIM_PWM_PulseFinishedCallback))
<BR><BR>[Called By]<UL><LI><a href="#[5b]">&gt;&gt;</a>&nbsp;&nbsp;&nbsp;HAL_TIM_IRQHandler
</UL>

<P><STRONG><a name="[5f]"></a>HAL_TIM_PeriodElapsedCallback</STRONG> (Thumb, 2 bytes, Stack size 0 bytes, py32f002b_hal_tim.o(i.HAL_TIM_PeriodElapsedCallback))
<BR><BR>[Called By]<UL><LI><a href="#[5b]">&gt;&gt;</a>&nbsp;&nbsp;&nbsp;HAL_TIM_IRQHandler
</UL>

<P><STRONG><a name="[61]"></a>HAL_TIM_TriggerCallback</STRONG> (Thumb, 2 bytes, Stack size 0 bytes, py32f002b_hal_tim.o(i.HAL_TIM_TriggerCallback))
<BR><BR>[Called By]<UL><LI><a href="#[5b]">&gt;&gt;</a>&nbsp;&nbsp;&nbsp;HAL_TIM_IRQHandler
</UL>

<P><STRONG><a name="[2]"></a>HardFault_Handler</STRONG> (Thumb, 4 bytes, Stack size 0 bytes, py32f002b_it.o(i.HardFault_Handler))
<BR>[Address Reference Count : 1]<UL><LI> startup_py32f002bxx.o(RESET)
</UL>
<P><STRONG><a name="[10]"></a>I2C1_IRQHandler</STRONG> (Thumb, 16 bytes, Stack size 8 bytes, py32f002b_it.o(i.I2C1_IRQHandler))
<BR><BR>[Stack]<UL><LI>Max Depth = 112<LI>Call Chain = I2C1_IRQHandler &rArr; HAL_I2C_EV_IRQHandler &rArr; I2C_Slave_STOPF &rArr; HAL_I2C_SlaveRxCpltCallback &rArr; RX_Handler &rArr; HAL_I2C_Slave_Seq_Transmit_IT
</UL>
<BR>[Calls]<UL><LI><a href="#[32]">&gt;&gt;</a>&nbsp;&nbsp;&nbsp;HAL_I2C_EV_IRQHandler
<LI><a href="#[2f]">&gt;&gt;</a>&nbsp;&nbsp;&nbsp;HAL_I2C_ER_IRQHandler
</UL>
<BR>[Address Reference Count : 1]<UL><LI> startup_py32f002bxx.o(RESET)
</UL>
<P><STRONG><a name="[20]"></a>IIC_Config</STRONG> (Thumb, 100 bytes, Stack size 8 bytes, iic.o(i.IIC_Config))
<BR><BR>[Stack]<UL><LI>Max Depth = 36<LI>Call Chain = IIC_Config &rArr; HAL_I2C_Init &rArr; __aeabi_uidivmod
</UL>
<BR>[Calls]<UL><LI><a href="#[2c]">&gt;&gt;</a>&nbsp;&nbsp;&nbsp;HAL_I2C_Slave_Seq_Receive_IT
<LI><a href="#[41]">&gt;&gt;</a>&nbsp;&nbsp;&nbsp;HAL_I2C_Init
<LI><a href="#[46]">&gt;&gt;</a>&nbsp;&nbsp;&nbsp;HAL_I2C_EnableListen_IT
<LI><a href="#[6a]">&gt;&gt;</a>&nbsp;&nbsp;&nbsp;NVIC_SetPriority
<LI><a href="#[6b]">&gt;&gt;</a>&nbsp;&nbsp;&nbsp;NVIC_EnableIRQ
</UL>
<BR>[Called By]<UL><LI><a href="#[79]">&gt;&gt;</a>&nbsp;&nbsp;&nbsp;Task
<LI><a href="#[1c]">&gt;&gt;</a>&nbsp;&nbsp;&nbsp;ALL_Config
</UL>

<P><STRONG><a name="[6c]"></a>IIC_DISENABLE</STRONG> (Thumb, 24 bytes, Stack size 8 bytes, iic.o(i.IIC_DISENABLE))
<BR><BR>[Stack]<UL><LI>Max Depth = 16<LI>Call Chain = IIC_DISENABLE &rArr; HAL_I2C_DeInit
</UL>
<BR>[Calls]<UL><LI><a href="#[2d]">&gt;&gt;</a>&nbsp;&nbsp;&nbsp;HAL_I2C_DeInit
</UL>
<BR>[Called By]<UL><LI><a href="#[6f]">&gt;&gt;</a>&nbsp;&nbsp;&nbsp;Low_Power_Task
</UL>

<P><STRONG><a name="[1f]"></a>IIC_GPIO_Config</STRONG> (Thumb, 104 bytes, Stack size 32 bytes, iic.o(i.IIC_GPIO_Config))
<BR><BR>[Stack]<UL><LI>Max Depth = 48<LI>Call Chain = IIC_GPIO_Config &rArr; HAL_GPIO_Init
</UL>
<BR>[Calls]<UL><LI><a href="#[6d]">&gt;&gt;</a>&nbsp;&nbsp;&nbsp;HAL_GPIO_Init
<LI><a href="#[25]">&gt;&gt;</a>&nbsp;&nbsp;&nbsp;__aeabi_memclr4
</UL>
<BR>[Called By]<UL><LI><a href="#[79]">&gt;&gt;</a>&nbsp;&nbsp;&nbsp;Task
<LI><a href="#[1c]">&gt;&gt;</a>&nbsp;&nbsp;&nbsp;ALL_Config
</UL>

<P><STRONG><a name="[6e]"></a>IIC_GPIO_Idle_Config</STRONG> (Thumb, 56 bytes, Stack size 24 bytes, iic.o(i.IIC_GPIO_Idle_Config))
<BR><BR>[Stack]<UL><LI>Max Depth = 40<LI>Call Chain = IIC_GPIO_Idle_Config &rArr; HAL_GPIO_Init
</UL>
<BR>[Calls]<UL><LI><a href="#[6d]">&gt;&gt;</a>&nbsp;&nbsp;&nbsp;HAL_GPIO_Init
<LI><a href="#[25]">&gt;&gt;</a>&nbsp;&nbsp;&nbsp;__aeabi_memclr4
</UL>
<BR>[Called By]<UL><LI><a href="#[6f]">&gt;&gt;</a>&nbsp;&nbsp;&nbsp;Low_Power_Task
</UL>

<P><STRONG><a name="[e]"></a>LPTIM1_IRQHandler</STRONG> (Thumb, 20 bytes, Stack size 8 bytes, py32f002b_it.o(i.LPTIM1_IRQHandler))
<BR><BR>[Stack]<UL><LI>Max Depth = 16<LI>Call Chain = LPTIM1_IRQHandler &rArr; HAL_LPTIM_IRQHandler
</UL>
<BR>[Calls]<UL><LI><a href="#[4f]">&gt;&gt;</a>&nbsp;&nbsp;&nbsp;HAL_LPTIM_IRQHandler
</UL>
<BR>[Address Reference Count : 1]<UL><LI> startup_py32f002bxx.o(RESET)
</UL>
<P><STRONG><a name="[6f]"></a>Low_Power_Task</STRONG> (Thumb, 56 bytes, Stack size 8 bytes, lowpower.o(i.Low_Power_Task))
<BR><BR>[Stack]<UL><LI>Max Depth = 48<LI>Call Chain = Low_Power_Task &rArr; IIC_GPIO_Idle_Config &rArr; HAL_GPIO_Init
</UL>
<BR>[Calls]<UL><LI><a href="#[70]">&gt;&gt;</a>&nbsp;&nbsp;&nbsp;HAL_SuspendTick
<LI><a href="#[72]">&gt;&gt;</a>&nbsp;&nbsp;&nbsp;HAL_ResumeTick
<LI><a href="#[71]">&gt;&gt;</a>&nbsp;&nbsp;&nbsp;HAL_PWR_EnterSTOPMode
<LI><a href="#[6e]">&gt;&gt;</a>&nbsp;&nbsp;&nbsp;IIC_GPIO_Idle_Config
<LI><a href="#[6c]">&gt;&gt;</a>&nbsp;&nbsp;&nbsp;IIC_DISENABLE
</UL>
<BR>[Called By]<UL><LI><a href="#[79]">&gt;&gt;</a>&nbsp;&nbsp;&nbsp;Task
</UL>

<P><STRONG><a name="[23]"></a>Lptim_Config</STRONG> (Thumb, 78 bytes, Stack size 24 bytes, lptim.o(i.Lptim_Config))
<BR><BR>[Stack]<UL><LI>Max Depth = 48<LI>Call Chain = Lptim_Config &rArr; HAL_NVIC_SetPriority &rArr; NVIC_SetPriority
</UL>
<BR>[Calls]<UL><LI><a href="#[73]">&gt;&gt;</a>&nbsp;&nbsp;&nbsp;HAL_RCCEx_PeriphCLKConfig
<LI><a href="#[4e]">&gt;&gt;</a>&nbsp;&nbsp;&nbsp;HAL_NVIC_SetPriority
<LI><a href="#[74]">&gt;&gt;</a>&nbsp;&nbsp;&nbsp;HAL_NVIC_EnableIRQ
<LI><a href="#[75]">&gt;&gt;</a>&nbsp;&nbsp;&nbsp;HAL_LPTIM_SetContinue_Start_IT
<LI><a href="#[52]">&gt;&gt;</a>&nbsp;&nbsp;&nbsp;HAL_LPTIM_Init
</UL>
<BR>[Called By]<UL><LI><a href="#[1c]">&gt;&gt;</a>&nbsp;&nbsp;&nbsp;ALL_Config
</UL>

<P><STRONG><a name="[1]"></a>NMI_Handler</STRONG> (Thumb, 2 bytes, Stack size 0 bytes, py32f002b_it.o(i.NMI_Handler))
<BR>[Address Reference Count : 1]<UL><LI> startup_py32f002bxx.o(RESET)
</UL>
<P><STRONG><a name="[4]"></a>PendSV_Handler</STRONG> (Thumb, 2 bytes, Stack size 0 bytes, py32f002b_it.o(i.PendSV_Handler))
<BR>[Address Reference Count : 1]<UL><LI> startup_py32f002bxx.o(RESET)
</UL>
<P><STRONG><a name="[48]"></a>RX_Handler</STRONG> (Thumb, 166 bytes, Stack size 16 bytes, iic.o(i.RX_Handler))
<BR><BR>[Stack]<UL><LI>Max Depth = 32<LI>Call Chain = RX_Handler &rArr; HAL_I2C_Slave_Seq_Transmit_IT
</UL>
<BR>[Calls]<UL><LI><a href="#[76]">&gt;&gt;</a>&nbsp;&nbsp;&nbsp;HAL_I2C_Slave_Seq_Transmit_IT
</UL>
<BR>[Called By]<UL><LI><a href="#[47]">&gt;&gt;</a>&nbsp;&nbsp;&nbsp;HAL_I2C_SlaveRxCpltCallback
</UL>

<P><STRONG><a name="[3]"></a>SVC_Handler</STRONG> (Thumb, 2 bytes, Stack size 0 bytes, py32f002b_it.o(i.SVC_Handler))
<BR>[Address Reference Count : 1]<UL><LI> startup_py32f002bxx.o(RESET)
</UL>
<P><STRONG><a name="[5]"></a>SysTick_Handler</STRONG> (Thumb, 8 bytes, Stack size 8 bytes, py32f002b_it.o(i.SysTick_Handler))
<BR><BR>[Stack]<UL><LI>Max Depth = 8<LI>Call Chain = SysTick_Handler
</UL>
<BR>[Calls]<UL><LI><a href="#[77]">&gt;&gt;</a>&nbsp;&nbsp;&nbsp;HAL_IncTick
</UL>
<BR>[Address Reference Count : 1]<UL><LI> startup_py32f002bxx.o(RESET)
</UL>
<P><STRONG><a name="[14]"></a>SystemInit</STRONG> (Thumb, 60 bytes, Stack size 8 bytes, system_py32f002b.o(i.SystemInit))
<BR><BR>[Stack]<UL><LI>Max Depth = 16<LI>Call Chain = SystemInit &rArr; DelayTime
</UL>
<BR>[Calls]<UL><LI><a href="#[78]">&gt;&gt;</a>&nbsp;&nbsp;&nbsp;DelayTime
</UL>
<BR>[Address Reference Count : 1]<UL><LI> startup_py32f002bxx.o(.text)
</UL>
<P><STRONG><a name="[f]"></a>TIM14_IRQHandler</STRONG> (Thumb, 20 bytes, Stack size 8 bytes, py32f002b_it.o(i.TIM14_IRQHandler))
<BR><BR>[Stack]<UL><LI>Max Depth = 16<LI>Call Chain = TIM14_IRQHandler &rArr; HAL_TIM_IRQHandler
</UL>
<BR>[Calls]<UL><LI><a href="#[5b]">&gt;&gt;</a>&nbsp;&nbsp;&nbsp;HAL_TIM_IRQHandler
</UL>
<BR>[Address Reference Count : 1]<UL><LI> startup_py32f002bxx.o(RESET)
</UL>
<P><STRONG><a name="[c]"></a>TIM1_BRK_UP_TRG_COM_IRQHandler</STRONG> (Thumb, 20 bytes, Stack size 8 bytes, py32f002b_it.o(i.TIM1_BRK_UP_TRG_COM_IRQHandler))
<BR><BR>[Stack]<UL><LI>Max Depth = 16<LI>Call Chain = TIM1_BRK_UP_TRG_COM_IRQHandler &rArr; HAL_TIM_IRQHandler
</UL>
<BR>[Calls]<UL><LI><a href="#[5b]">&gt;&gt;</a>&nbsp;&nbsp;&nbsp;HAL_TIM_IRQHandler
</UL>
<BR>[Address Reference Count : 1]<UL><LI> startup_py32f002bxx.o(RESET)
</UL>
<P><STRONG><a name="[5a]"></a>TIM_Base_SetConfig</STRONG> (Thumb, 86 bytes, Stack size 8 bytes, py32f002b_hal_tim.o(i.TIM_Base_SetConfig))
<BR><BR>[Stack]<UL><LI>Max Depth = 8<LI>Call Chain = TIM_Base_SetConfig
</UL>
<BR>[Called By]<UL><LI><a href="#[58]">&gt;&gt;</a>&nbsp;&nbsp;&nbsp;HAL_TIM_Base_Init
</UL>

<P><STRONG><a name="[79]"></a>Task</STRONG> (Thumb, 64 bytes, Stack size 0 bytes, task.o(i.Task))
<BR><BR>[Stack]<UL><LI>Max Depth = 48<LI>Call Chain = Task &rArr; Low_Power_Task &rArr; IIC_GPIO_Idle_Config &rArr; HAL_GPIO_Init
</UL>
<BR>[Calls]<UL><LI><a href="#[7b]">&gt;&gt;</a>&nbsp;&nbsp;&nbsp;Time_test_task
<LI><a href="#[7a]">&gt;&gt;</a>&nbsp;&nbsp;&nbsp;Time_test_gpio
<LI><a href="#[6f]">&gt;&gt;</a>&nbsp;&nbsp;&nbsp;Low_Power_Task
<LI><a href="#[1f]">&gt;&gt;</a>&nbsp;&nbsp;&nbsp;IIC_GPIO_Config
<LI><a href="#[20]">&gt;&gt;</a>&nbsp;&nbsp;&nbsp;IIC_Config
</UL>
<BR>[Called By]<UL><LI><a href="#[13]">&gt;&gt;</a>&nbsp;&nbsp;&nbsp;main
</UL>

<P><STRONG><a name="[22]"></a>Tim14_Config</STRONG> (Thumb, 58 bytes, Stack size 8 bytes, tim.o(i.Tim14_Config))
<BR><BR>[Stack]<UL><LI>Max Depth = 24<LI>Call Chain = Tim14_Config &rArr; HAL_TIM_Base_Init &rArr; TIM_Base_SetConfig
</UL>
<BR>[Calls]<UL><LI><a href="#[7e]">&gt;&gt;</a>&nbsp;&nbsp;&nbsp;HAL_TIM_Base_Start_IT
<LI><a href="#[58]">&gt;&gt;</a>&nbsp;&nbsp;&nbsp;HAL_TIM_Base_Init
<LI><a href="#[7d]">&gt;&gt;</a>&nbsp;&nbsp;&nbsp;NVIC_SetPriority
<LI><a href="#[7c]">&gt;&gt;</a>&nbsp;&nbsp;&nbsp;NVIC_EnableIRQ
</UL>
<BR>[Called By]<UL><LI><a href="#[1c]">&gt;&gt;</a>&nbsp;&nbsp;&nbsp;ALL_Config
</UL>

<P><STRONG><a name="[21]"></a>Tim1_Config</STRONG> (Thumb, 58 bytes, Stack size 8 bytes, tim.o(i.Tim1_Config))
<BR><BR>[Stack]<UL><LI>Max Depth = 24<LI>Call Chain = Tim1_Config &rArr; HAL_TIM_Base_Init &rArr; TIM_Base_SetConfig
</UL>
<BR>[Calls]<UL><LI><a href="#[7e]">&gt;&gt;</a>&nbsp;&nbsp;&nbsp;HAL_TIM_Base_Start_IT
<LI><a href="#[58]">&gt;&gt;</a>&nbsp;&nbsp;&nbsp;HAL_TIM_Base_Init
<LI><a href="#[7d]">&gt;&gt;</a>&nbsp;&nbsp;&nbsp;NVIC_SetPriority
<LI><a href="#[7c]">&gt;&gt;</a>&nbsp;&nbsp;&nbsp;NVIC_EnableIRQ
</UL>
<BR>[Called By]<UL><LI><a href="#[1c]">&gt;&gt;</a>&nbsp;&nbsp;&nbsp;ALL_Config
</UL>

<P><STRONG><a name="[7a]"></a>Time_test_gpio</STRONG> (Thumb, 38 bytes, Stack size 24 bytes, task.o(i.Time_test_gpio))
<BR><BR>[Stack]<UL><LI>Max Depth = 40<LI>Call Chain = Time_test_gpio &rArr; HAL_GPIO_Init
</UL>
<BR>[Calls]<UL><LI><a href="#[6d]">&gt;&gt;</a>&nbsp;&nbsp;&nbsp;HAL_GPIO_Init
<LI><a href="#[25]">&gt;&gt;</a>&nbsp;&nbsp;&nbsp;__aeabi_memclr4
</UL>
<BR>[Called By]<UL><LI><a href="#[79]">&gt;&gt;</a>&nbsp;&nbsp;&nbsp;Task
</UL>

<P><STRONG><a name="[7b]"></a>Time_test_task</STRONG> (Thumb, 28 bytes, Stack size 0 bytes, task.o(i.Time_test_task))
<BR><BR>[Called By]<UL><LI><a href="#[79]">&gt;&gt;</a>&nbsp;&nbsp;&nbsp;Task
</UL>

<P><STRONG><a name="[24]"></a>Wdt_Config</STRONG> (Thumb, 26 bytes, Stack size 8 bytes, wdt.o(i.Wdt_Config))
<BR><BR>[Stack]<UL><LI>Max Depth = 24<LI>Call Chain = Wdt_Config &rArr; HAL_IWDG_Init
</UL>
<BR>[Calls]<UL><LI><a href="#[49]">&gt;&gt;</a>&nbsp;&nbsp;&nbsp;HAL_IWDG_Init
</UL>
<BR>[Called By]<UL><LI><a href="#[1c]">&gt;&gt;</a>&nbsp;&nbsp;&nbsp;ALL_Config
</UL>

<P><STRONG><a name="[8e]"></a>__scatterload_copy</STRONG> (Thumb, 14 bytes, Stack size unknown bytes, handlers.o(i.__scatterload_copy), UNUSED)

<P><STRONG><a name="[8f]"></a>__scatterload_null</STRONG> (Thumb, 2 bytes, Stack size unknown bytes, handlers.o(i.__scatterload_null), UNUSED)

<P><STRONG><a name="[90]"></a>__scatterload_zeroinit</STRONG> (Thumb, 14 bytes, Stack size unknown bytes, handlers.o(i.__scatterload_zeroinit), UNUSED)

<P><STRONG><a name="[13]"></a>main</STRONG> (Thumb, 14 bytes, Stack size 8 bytes, main.o(i.main))
<BR><BR>[Stack]<UL><LI>Max Depth = 148<LI>Call Chain = main &rArr; ALL_Config &rArr; APP_SystemClockConfig &rArr; HAL_RCC_OscConfig &rArr; HAL_RCC_GetSysClockFreq &rArr; __aeabi_uidivmod
</UL>
<BR>[Calls]<UL><LI><a href="#[79]">&gt;&gt;</a>&nbsp;&nbsp;&nbsp;Task
<LI><a href="#[1c]">&gt;&gt;</a>&nbsp;&nbsp;&nbsp;ALL_Config
</UL>
<BR>[Address Reference Count : 1]<UL><LI> entry9a.o(.ARM.Collect$$$$0000000B)
</UL><P>
<H3>
Local Symbols
</H3>
<P><STRONG><a name="[78]"></a>DelayTime</STRONG> (Thumb, 24 bytes, Stack size 8 bytes, system_py32f002b.o(i.DelayTime))
<BR><BR>[Stack]<UL><LI>Max Depth = 8<LI>Call Chain = DelayTime
</UL>
<BR>[Called By]<UL><LI><a href="#[14]">&gt;&gt;</a>&nbsp;&nbsp;&nbsp;SystemInit
</UL>

<P><STRONG><a name="[6b]"></a>NVIC_EnableIRQ</STRONG> (Thumb, 14 bytes, Stack size 0 bytes, iic.o(i.NVIC_EnableIRQ))
<BR><BR>[Called By]<UL><LI><a href="#[20]">&gt;&gt;</a>&nbsp;&nbsp;&nbsp;IIC_Config
</UL>

<P><STRONG><a name="[6a]"></a>NVIC_SetPriority</STRONG> (Thumb, 110 bytes, Stack size 8 bytes, iic.o(i.NVIC_SetPriority))
<BR><BR>[Stack]<UL><LI>Max Depth = 8<LI>Call Chain = NVIC_SetPriority
</UL>
<BR>[Called By]<UL><LI><a href="#[20]">&gt;&gt;</a>&nbsp;&nbsp;&nbsp;IIC_Config
</UL>

<P><STRONG><a name="[1e]"></a>APP_SystemClockConfig</STRONG> (Thumb, 98 bytes, Stack size 56 bytes, config.o(i.APP_SystemClockConfig))
<BR><BR>[Stack]<UL><LI>Max Depth = 132<LI>Call Chain = APP_SystemClockConfig &rArr; HAL_RCC_OscConfig &rArr; HAL_RCC_GetSysClockFreq &rArr; __aeabi_uidivmod
</UL>
<BR>[Calls]<UL><LI><a href="#[26]">&gt;&gt;</a>&nbsp;&nbsp;&nbsp;HAL_RCC_OscConfig
<LI><a href="#[28]">&gt;&gt;</a>&nbsp;&nbsp;&nbsp;HAL_RCC_ClockConfig
<LI><a href="#[27]">&gt;&gt;</a>&nbsp;&nbsp;&nbsp;APP_ErrorHandler
<LI><a href="#[25]">&gt;&gt;</a>&nbsp;&nbsp;&nbsp;__aeabi_memclr4
</UL>
<BR>[Called By]<UL><LI><a href="#[1c]">&gt;&gt;</a>&nbsp;&nbsp;&nbsp;ALL_Config
</UL>

<P><STRONG><a name="[7c]"></a>NVIC_EnableIRQ</STRONG> (Thumb, 14 bytes, Stack size 0 bytes, tim.o(i.NVIC_EnableIRQ))
<BR><BR>[Called By]<UL><LI><a href="#[21]">&gt;&gt;</a>&nbsp;&nbsp;&nbsp;Tim1_Config
<LI><a href="#[22]">&gt;&gt;</a>&nbsp;&nbsp;&nbsp;Tim14_Config
</UL>

<P><STRONG><a name="[7d]"></a>NVIC_SetPriority</STRONG> (Thumb, 110 bytes, Stack size 8 bytes, tim.o(i.NVIC_SetPriority))
<BR><BR>[Stack]<UL><LI>Max Depth = 8<LI>Call Chain = NVIC_SetPriority
</UL>
<BR>[Called By]<UL><LI><a href="#[21]">&gt;&gt;</a>&nbsp;&nbsp;&nbsp;Tim1_Config
<LI><a href="#[22]">&gt;&gt;</a>&nbsp;&nbsp;&nbsp;Tim14_Config
</UL>

<P><STRONG><a name="[54]"></a>NVIC_SetPriority</STRONG> (Thumb, 110 bytes, Stack size 8 bytes, py32f002b_hal_cortex.o(i.NVIC_SetPriority))
<BR><BR>[Stack]<UL><LI>Max Depth = 8<LI>Call Chain = NVIC_SetPriority
</UL>
<BR>[Called By]<UL><LI><a href="#[4e]">&gt;&gt;</a>&nbsp;&nbsp;&nbsp;HAL_NVIC_SetPriority
<LI><a href="#[4d]">&gt;&gt;</a>&nbsp;&nbsp;&nbsp;HAL_SYSTICK_Config
</UL>

<P><STRONG><a name="[33]"></a>I2C_ConvertOtherXferOptions</STRONG> (Thumb, 32 bytes, Stack size 0 bytes, py32f002b_hal_i2c.o(i.I2C_ConvertOtherXferOptions))
<BR><BR>[Called By]<UL><LI><a href="#[32]">&gt;&gt;</a>&nbsp;&nbsp;&nbsp;HAL_I2C_EV_IRQHandler
</UL>

<P><STRONG><a name="[31]"></a>I2C_ITError</STRONG> (Thumb, 234 bytes, Stack size 16 bytes, py32f002b_hal_i2c.o(i.I2C_ITError))
<BR><BR>[Stack]<UL><LI>Max Depth = 24<LI>Call Chain = I2C_ITError &rArr; HAL_I2C_ListenCpltCallback
</UL>
<BR>[Calls]<UL><LI><a href="#[45]">&gt;&gt;</a>&nbsp;&nbsp;&nbsp;HAL_I2C_ListenCpltCallback
<LI><a href="#[64]">&gt;&gt;</a>&nbsp;&nbsp;&nbsp;HAL_I2C_ErrorCallback
<LI><a href="#[63]">&gt;&gt;</a>&nbsp;&nbsp;&nbsp;HAL_I2C_AbortCpltCallback
</UL>
<BR>[Called By]<UL><LI><a href="#[2f]">&gt;&gt;</a>&nbsp;&nbsp;&nbsp;HAL_I2C_ER_IRQHandler
<LI><a href="#[3c]">&gt;&gt;</a>&nbsp;&nbsp;&nbsp;I2C_Slave_STOPF
</UL>

<P><STRONG><a name="[3a]"></a>I2C_MasterReceive_BTF</STRONG> (Thumb, 310 bytes, Stack size 16 bytes, py32f002b_hal_i2c.o(i.I2C_MasterReceive_BTF))
<BR><BR>[Stack]<UL><LI>Max Depth = 16<LI>Call Chain = I2C_MasterReceive_BTF
</UL>
<BR>[Calls]<UL><LI><a href="#[65]">&gt;&gt;</a>&nbsp;&nbsp;&nbsp;HAL_I2C_MemRxCpltCallback
<LI><a href="#[66]">&gt;&gt;</a>&nbsp;&nbsp;&nbsp;HAL_I2C_MasterRxCpltCallback
</UL>
<BR>[Called By]<UL><LI><a href="#[32]">&gt;&gt;</a>&nbsp;&nbsp;&nbsp;HAL_I2C_EV_IRQHandler
</UL>

<P><STRONG><a name="[39]"></a>I2C_MasterReceive_RXNE</STRONG> (Thumb, 174 bytes, Stack size 16 bytes, py32f002b_hal_i2c.o(i.I2C_MasterReceive_RXNE))
<BR><BR>[Stack]<UL><LI>Max Depth = 16<LI>Call Chain = I2C_MasterReceive_RXNE
</UL>
<BR>[Calls]<UL><LI><a href="#[65]">&gt;&gt;</a>&nbsp;&nbsp;&nbsp;HAL_I2C_MemRxCpltCallback
<LI><a href="#[66]">&gt;&gt;</a>&nbsp;&nbsp;&nbsp;HAL_I2C_MasterRxCpltCallback
</UL>
<BR>[Called By]<UL><LI><a href="#[32]">&gt;&gt;</a>&nbsp;&nbsp;&nbsp;HAL_I2C_EV_IRQHandler
</UL>

<P><STRONG><a name="[38]"></a>I2C_MasterTransmit_BTF</STRONG> (Thumb, 168 bytes, Stack size 16 bytes, py32f002b_hal_i2c.o(i.I2C_MasterTransmit_BTF))
<BR><BR>[Stack]<UL><LI>Max Depth = 16<LI>Call Chain = I2C_MasterTransmit_BTF
</UL>
<BR>[Calls]<UL><LI><a href="#[68]">&gt;&gt;</a>&nbsp;&nbsp;&nbsp;HAL_I2C_MemTxCpltCallback
<LI><a href="#[67]">&gt;&gt;</a>&nbsp;&nbsp;&nbsp;HAL_I2C_MasterTxCpltCallback
</UL>
<BR>[Called By]<UL><LI><a href="#[32]">&gt;&gt;</a>&nbsp;&nbsp;&nbsp;HAL_I2C_EV_IRQHandler
</UL>

<P><STRONG><a name="[37]"></a>I2C_MasterTransmit_TXE</STRONG> (Thumb, 346 bytes, Stack size 24 bytes, py32f002b_hal_i2c.o(i.I2C_MasterTransmit_TXE))
<BR><BR>[Stack]<UL><LI>Max Depth = 24<LI>Call Chain = I2C_MasterTransmit_TXE
</UL>
<BR>[Calls]<UL><LI><a href="#[68]">&gt;&gt;</a>&nbsp;&nbsp;&nbsp;HAL_I2C_MemTxCpltCallback
<LI><a href="#[67]">&gt;&gt;</a>&nbsp;&nbsp;&nbsp;HAL_I2C_MasterTxCpltCallback
</UL>
<BR>[Called By]<UL><LI><a href="#[32]">&gt;&gt;</a>&nbsp;&nbsp;&nbsp;HAL_I2C_EV_IRQHandler
</UL>

<P><STRONG><a name="[35]"></a>I2C_Master_ADD10</STRONG> (Thumb, 10 bytes, Stack size 0 bytes, py32f002b_hal_i2c.o(i.I2C_Master_ADD10))
<BR><BR>[Called By]<UL><LI><a href="#[32]">&gt;&gt;</a>&nbsp;&nbsp;&nbsp;HAL_I2C_EV_IRQHandler
</UL>

<P><STRONG><a name="[36]"></a>I2C_Master_ADDR</STRONG> (Thumb, 462 bytes, Stack size 16 bytes, py32f002b_hal_i2c.o(i.I2C_Master_ADDR))
<BR><BR>[Stack]<UL><LI>Max Depth = 16<LI>Call Chain = I2C_Master_ADDR
</UL>
<BR>[Called By]<UL><LI><a href="#[32]">&gt;&gt;</a>&nbsp;&nbsp;&nbsp;HAL_I2C_EV_IRQHandler
</UL>

<P><STRONG><a name="[34]"></a>I2C_Master_SB</STRONG> (Thumb, 74 bytes, Stack size 0 bytes, py32f002b_hal_i2c.o(i.I2C_Master_SB))
<BR><BR>[Called By]<UL><LI><a href="#[32]">&gt;&gt;</a>&nbsp;&nbsp;&nbsp;HAL_I2C_EV_IRQHandler
</UL>

<P><STRONG><a name="[40]"></a>I2C_SlaveReceive_BTF</STRONG> (Thumb, 28 bytes, Stack size 0 bytes, py32f002b_hal_i2c.o(i.I2C_SlaveReceive_BTF))
<BR><BR>[Called By]<UL><LI><a href="#[32]">&gt;&gt;</a>&nbsp;&nbsp;&nbsp;HAL_I2C_EV_IRQHandler
</UL>

<P><STRONG><a name="[3f]"></a>I2C_SlaveReceive_RXNE</STRONG> (Thumb, 76 bytes, Stack size 16 bytes, py32f002b_hal_i2c.o(i.I2C_SlaveReceive_RXNE))
<BR><BR>[Stack]<UL><LI>Max Depth = 56<LI>Call Chain = I2C_SlaveReceive_RXNE &rArr; HAL_I2C_SlaveRxCpltCallback &rArr; RX_Handler &rArr; HAL_I2C_Slave_Seq_Transmit_IT
</UL>
<BR>[Calls]<UL><LI><a href="#[47]">&gt;&gt;</a>&nbsp;&nbsp;&nbsp;HAL_I2C_SlaveRxCpltCallback
</UL>
<BR>[Called By]<UL><LI><a href="#[32]">&gt;&gt;</a>&nbsp;&nbsp;&nbsp;HAL_I2C_EV_IRQHandler
</UL>

<P><STRONG><a name="[3e]"></a>I2C_SlaveTransmit_BTF</STRONG> (Thumb, 28 bytes, Stack size 0 bytes, py32f002b_hal_i2c.o(i.I2C_SlaveTransmit_BTF))
<BR><BR>[Called By]<UL><LI><a href="#[32]">&gt;&gt;</a>&nbsp;&nbsp;&nbsp;HAL_I2C_EV_IRQHandler
</UL>

<P><STRONG><a name="[3d]"></a>I2C_SlaveTransmit_TXE</STRONG> (Thumb, 76 bytes, Stack size 16 bytes, py32f002b_hal_i2c.o(i.I2C_SlaveTransmit_TXE))
<BR><BR>[Stack]<UL><LI>Max Depth = 16<LI>Call Chain = I2C_SlaveTransmit_TXE
</UL>
<BR>[Calls]<UL><LI><a href="#[69]">&gt;&gt;</a>&nbsp;&nbsp;&nbsp;HAL_I2C_SlaveTxCpltCallback
</UL>
<BR>[Called By]<UL><LI><a href="#[32]">&gt;&gt;</a>&nbsp;&nbsp;&nbsp;HAL_I2C_EV_IRQHandler
</UL>

<P><STRONG><a name="[3b]"></a>I2C_Slave_ADDR</STRONG> (Thumb, 90 bytes, Stack size 24 bytes, py32f002b_hal_i2c.o(i.I2C_Slave_ADDR))
<BR><BR>[Stack]<UL><LI>Max Depth = 56<LI>Call Chain = I2C_Slave_ADDR &rArr; HAL_I2C_AddrCallback &rArr; HAL_I2C_Slave_Seq_Receive_IT
</UL>
<BR>[Calls]<UL><LI><a href="#[2b]">&gt;&gt;</a>&nbsp;&nbsp;&nbsp;HAL_I2C_AddrCallback
</UL>
<BR>[Called By]<UL><LI><a href="#[32]">&gt;&gt;</a>&nbsp;&nbsp;&nbsp;HAL_I2C_EV_IRQHandler
</UL>

<P><STRONG><a name="[30]"></a>I2C_Slave_AF</STRONG> (Thumb, 158 bytes, Stack size 16 bytes, py32f002b_hal_i2c.o(i.I2C_Slave_AF))
<BR><BR>[Stack]<UL><LI>Max Depth = 24<LI>Call Chain = I2C_Slave_AF &rArr; HAL_I2C_ListenCpltCallback
</UL>
<BR>[Calls]<UL><LI><a href="#[45]">&gt;&gt;</a>&nbsp;&nbsp;&nbsp;HAL_I2C_ListenCpltCallback
<LI><a href="#[69]">&gt;&gt;</a>&nbsp;&nbsp;&nbsp;HAL_I2C_SlaveTxCpltCallback
</UL>
<BR>[Called By]<UL><LI><a href="#[2f]">&gt;&gt;</a>&nbsp;&nbsp;&nbsp;HAL_I2C_ER_IRQHandler
</UL>

<P><STRONG><a name="[3c]"></a>I2C_Slave_STOPF</STRONG> (Thumb, 316 bytes, Stack size 32 bytes, py32f002b_hal_i2c.o(i.I2C_Slave_STOPF))
<BR><BR>[Stack]<UL><LI>Max Depth = 72<LI>Call Chain = I2C_Slave_STOPF &rArr; HAL_I2C_SlaveRxCpltCallback &rArr; RX_Handler &rArr; HAL_I2C_Slave_Seq_Transmit_IT
</UL>
<BR>[Calls]<UL><LI><a href="#[47]">&gt;&gt;</a>&nbsp;&nbsp;&nbsp;HAL_I2C_SlaveRxCpltCallback
<LI><a href="#[45]">&gt;&gt;</a>&nbsp;&nbsp;&nbsp;HAL_I2C_ListenCpltCallback
<LI><a href="#[31]">&gt;&gt;</a>&nbsp;&nbsp;&nbsp;I2C_ITError
</UL>
<BR>[Called By]<UL><LI><a href="#[32]">&gt;&gt;</a>&nbsp;&nbsp;&nbsp;HAL_I2C_EV_IRQHandler
</UL>
<P>
<H3>
Undefined Global Symbols
</H3><HR></body></html>
