Component: ARM Compiler 5.06 update 6 (build 750) Tool: armlink [4d35ed]

==============================================================================

Section Cross References

    startup_py32f002bxx.o(RESET) refers to startup_py32f002bxx.o(STACK) for __initial_sp
    startup_py32f002bxx.o(RESET) refers to startup_py32f002bxx.o(.text) for Reset_Handler
    startup_py32f002bxx.o(RESET) refers to py32f002b_it.o(i.NMI_Handler) for NMI_Handler
    startup_py32f002bxx.o(RESET) refers to py32f002b_it.o(i.HardFault_Handler) for HardFault_Handler
    startup_py32f002bxx.o(RESET) refers to py32f002b_it.o(i.SVC_Handler) for SVC_Handler
    startup_py32f002bxx.o(RESET) refers to py32f002b_it.o(i.PendSV_Handler) for PendSV_Handler
    startup_py32f002bxx.o(RESET) refers to py32f002b_it.o(i.SysTick_Handler) for SysTick_Handler
    startup_py32f002bxx.o(RESET) refers to py32f002b_it.o(i.EXTI2_3_IRQHandler) for EXTI2_3_IRQHandler
    startup_py32f002bxx.o(RESET) refers to py32f002b_it.o(i.TIM1_BRK_UP_TRG_COM_IRQHandler) for TIM1_BRK_UP_TRG_COM_IRQHandler
    startup_py32f002bxx.o(RESET) refers to py32f002b_it.o(i.LPTIM1_IRQHandler) for LPTIM1_IRQHandler
    startup_py32f002bxx.o(RESET) refers to py32f002b_it.o(i.TIM14_IRQHandler) for TIM14_IRQHandler
    startup_py32f002bxx.o(RESET) refers to py32f002b_it.o(i.I2C1_IRQHandler) for I2C1_IRQHandler
    startup_py32f002bxx.o(.text) refers to system_py32f002b.o(i.SystemInit) for SystemInit
    startup_py32f002bxx.o(.text) refers to entry.o(.ARM.Collect$$$$00000000) for __main
    system_py32f002b.o(i.SystemCoreClockUpdate) refers to uidiv.o(.text) for __aeabi_uidivmod
    system_py32f002b.o(i.SystemCoreClockUpdate) refers to system_py32f002b.o(.data) for SystemCoreClock
    system_py32f002b.o(i.SystemCoreClockUpdate) refers to system_py32f002b.o(.constdata) for HSIFreqTable
    system_py32f002b.o(i.SystemInit) refers to system_py32f002b.o(i.DelayTime) for DelayTime
    main.o(i.main) refers to config.o(i.ALL_Config) for ALL_Config
    main.o(i.main) refers to task.o(i.Task) for Task
    py32f002b_it.o(i.EXTI2_3_IRQHandler) refers to py32f002b_hal_gpio.o(i.HAL_GPIO_EXTI_IRQHandler) for HAL_GPIO_EXTI_IRQHandler
    py32f002b_it.o(i.I2C1_IRQHandler) refers to py32f002b_hal_i2c.o(i.HAL_I2C_EV_IRQHandler) for HAL_I2C_EV_IRQHandler
    py32f002b_it.o(i.I2C1_IRQHandler) refers to py32f002b_hal_i2c.o(i.HAL_I2C_ER_IRQHandler) for HAL_I2C_ER_IRQHandler
    py32f002b_it.o(i.I2C1_IRQHandler) refers to iic.o(.bss) for I2cHandle
    py32f002b_it.o(i.LPTIM1_IRQHandler) refers to py32f002b_hal_lptim.o(i.HAL_LPTIM_IRQHandler) for HAL_LPTIM_IRQHandler
    py32f002b_it.o(i.LPTIM1_IRQHandler) refers to task.o(.data) for Lptimes
    py32f002b_it.o(i.LPTIM1_IRQHandler) refers to lptim.o(.bss) for LPTIMConf
    py32f002b_it.o(i.SysTick_Handler) refers to py32f002b_hal.o(i.HAL_IncTick) for HAL_IncTick
    py32f002b_it.o(i.TIM14_IRQHandler) refers to py32f002b_hal_tim.o(i.HAL_TIM_IRQHandler) for HAL_TIM_IRQHandler
    py32f002b_it.o(i.TIM14_IRQHandler) refers to task.o(.data) for Us_Times
    py32f002b_it.o(i.TIM14_IRQHandler) refers to tim.o(.bss) for Tim14_Handle
    py32f002b_it.o(i.TIM1_BRK_UP_TRG_COM_IRQHandler) refers to py32f002b_hal_tim.o(i.HAL_TIM_IRQHandler) for HAL_TIM_IRQHandler
    py32f002b_it.o(i.TIM1_BRK_UP_TRG_COM_IRQHandler) refers to task.o(.data) for Ms_Times
    py32f002b_it.o(i.TIM1_BRK_UP_TRG_COM_IRQHandler) refers to tim.o(.bss) for Tim1_Handle
    iic.o(i.HAL_I2C_AddrCallback) refers to py32f002b_hal_i2c.o(i.HAL_I2C_Slave_Seq_Receive_IT) for HAL_I2C_Slave_Seq_Receive_IT
    iic.o(i.HAL_I2C_AddrCallback) refers to iic.o(.data) for reg_adr
    iic.o(i.HAL_I2C_AddrCallback) refers to iic.o(.bss) for I2cHandle
    iic.o(i.HAL_I2C_ErrorCallback) refers to task.o(.data) for I2C_Noack
    iic.o(i.HAL_I2C_ListenCpltCallback) refers to py32f002b_hal_i2c.o(i.HAL_I2C_EnableListen_IT) for HAL_I2C_EnableListen_IT
    iic.o(i.HAL_I2C_ListenCpltCallback) refers to iic.o(.bss) for I2cHandle
    iic.o(i.HAL_I2C_SlaveRxCpltCallback) refers to iic.o(i.RX_Handler) for RX_Handler
    iic.o(i.IIC_Config) refers to py32f002b_hal_i2c.o(i.HAL_I2C_Init) for HAL_I2C_Init
    iic.o(i.IIC_Config) refers to py32f002b_hal_i2c.o(i.HAL_I2C_EnableListen_IT) for HAL_I2C_EnableListen_IT
    iic.o(i.IIC_Config) refers to py32f002b_hal_i2c.o(i.HAL_I2C_Slave_Seq_Receive_IT) for HAL_I2C_Slave_Seq_Receive_IT
    iic.o(i.IIC_Config) refers to iic.o(i.NVIC_SetPriority) for NVIC_SetPriority
    iic.o(i.IIC_Config) refers to iic.o(i.NVIC_EnableIRQ) for NVIC_EnableIRQ
    iic.o(i.IIC_Config) refers to iic.o(.bss) for I2cHandle
    iic.o(i.IIC_Config) refers to iic.o(.data) for reg_adr
    iic.o(i.IIC_DISENABLE) refers to py32f002b_hal_i2c.o(i.HAL_I2C_DeInit) for HAL_I2C_DeInit
    iic.o(i.IIC_DISENABLE) refers to iic.o(.bss) for I2cHandle
    iic.o(i.IIC_GPIO_Config) refers to memseta.o(.text) for __aeabi_memclr4
    iic.o(i.IIC_GPIO_Config) refers to py32f002b_hal_gpio.o(i.HAL_GPIO_Init) for HAL_GPIO_Init
[...]
    py32f002b_hal_tim_ex.o(i.HAL_TIMEx_HallSensor_Start_IT) refers to py32f002b_hal_tim.o(i.TIM_CCxChannelCmd) for TIM_CCxChannelCmd
    py32f002b_hal_tim_ex.o(i.HAL_TIMEx_HallSensor_Stop) refers to py32f002b_hal_tim.o(i.TIM_CCxChannelCmd) for TIM_CCxChannelCmd
    py32f002b_hal_tim_ex.o(i.HAL_TIMEx_HallSensor_Stop_IT) refers to py32f002b_hal_tim.o(i.TIM_CCxChannelCmd) for TIM_CCxChannelCmd
    py32f002b_hal_tim_ex.o(i.HAL_TIMEx_OCN_Start) refers to py32f002b_hal_tim_ex.o(i.TIM_CCxNChannelCmd) for TIM_CCxNChannelCmd
    py32f002b_hal_tim_ex.o(i.HAL_TIMEx_OCN_Start_IT) refers to py32f002b_hal_tim_ex.o(i.TIM_CCxNChannelCmd) for TIM_CCxNChannelCmd
    py32f002b_hal_tim_ex.o(i.HAL_TIMEx_OCN_Stop) refers to py32f002b_hal_tim_ex.o(i.TIM_CCxNChannelCmd) for TIM_CCxNChannelCmd
    py32f002b_hal_tim_ex.o(i.HAL_TIMEx_OCN_Stop_IT) refers to py32f002b_hal_tim_ex.o(i.TIM_CCxNChannelCmd) for TIM_CCxNChannelCmd
    py32f002b_hal_tim_ex.o(i.HAL_TIMEx_OnePulseN_Start) refers to py32f002b_hal_tim_ex.o(i.TIM_CCxNChannelCmd) for TIM_CCxNChannelCmd
    py32f002b_hal_tim_ex.o(i.HAL_TIMEx_OnePulseN_Start_IT) refers to py32f002b_hal_tim_ex.o(i.TIM_CCxNChannelCmd) for TIM_CCxNChannelCmd
    py32f002b_hal_tim_ex.o(i.HAL_TIMEx_OnePulseN_Stop) refers to py32f002b_hal_tim_ex.o(i.TIM_CCxNChannelCmd) for TIM_CCxNChannelCmd
    py32f002b_hal_tim_ex.o(i.HAL_TIMEx_OnePulseN_Stop_IT) refers to py32f002b_hal_tim_ex.o(i.TIM_CCxNChannelCmd) for TIM_CCxNChannelCmd
    py32f002b_hal_tim_ex.o(i.HAL_TIMEx_PWMN_Start) refers to py32f002b_hal_tim_ex.o(i.TIM_CCxNChannelCmd) for TIM_CCxNChannelCmd
    py32f002b_hal_tim_ex.o(i.HAL_TIMEx_PWMN_Start_IT) refers to py32f002b_hal_tim_ex.o(i.TIM_CCxNChannelCmd) for TIM_CCxNChannelCmd
    py32f002b_hal_tim_ex.o(i.HAL_TIMEx_PWMN_Stop) refers to py32f002b_hal_tim_ex.o(i.TIM_CCxNChannelCmd) for TIM_CCxNChannelCmd
    py32f002b_hal_tim_ex.o(i.HAL_TIMEx_PWMN_Stop_IT) refers to py32f002b_hal_tim_ex.o(i.TIM_CCxNChannelCmd) for TIM_CCxNChannelCmd
    py32f002b_ll_utils.o(i.LL_Init1msTick) refers to uidiv.o(.text) for __aeabi_uidivmod
    py32f002b_ll_utils.o(i.LL_SetSystemCoreClock) refers to system_py32f002b.o(.data) for SystemCoreClock
    entry.o(.ARM.Collect$$$$00000000) refers (Special) to entry10a.o(.ARM.Collect$$$$0000000D) for __rt_final_cpp
    entry.o(.ARM.Collect$$$$00000000) refers (Special) to entry11a.o(.ARM.Collect$$$$0000000F) for __rt_final_exit
    entry.o(.ARM.Collect$$$$00000000) refers (Special) to entry7b.o(.ARM.Collect$$$$00000008) for _main_clock
    entry.o(.ARM.Collect$$$$00000000) refers (Special) to entry8b.o(.ARM.Collect$$$$0000000A) for _main_cpp_init
    entry.o(.ARM.Collect$$$$00000000) refers (Special) to entry9a.o(.ARM.Collect$$$$0000000B) for _main_init
    entry.o(.ARM.Collect$$$$00000000) refers (Special) to entry5.o(.ARM.Collect$$$$00000004) for _main_scatterload
    entry.o(.ARM.Collect$$$$00000000) refers (Special) to entry2.o(.ARM.Collect$$$$00000001) for _main_stk
    entry2.o(.ARM.Collect$$$$00000001) refers to entry2.o(.ARM.Collect$$$$00002712) for __lit__00000000
    entry2.o(.ARM.Collect$$$$00002712) refers to startup_py32f002bxx.o(STACK) for __initial_sp
    entry2.o(__vectab_stack_and_reset_area) refers to startup_py32f002bxx.o(STACK) for __initial_sp
    entry2.o(__vectab_stack_and_reset_area) refers to entry.o(.ARM.Collect$$$$00000000) for __main
    entry5.o(.ARM.Collect$$$$00000004) refers to init.o(.text) for __scatterload
    entry9a.o(.ARM.Collect$$$$0000000B) refers to main.o(i.main) for main
    entry9b.o(.ARM.Collect$$$$0000000C) refers to main.o(i.main) for main
    init.o(.text) refers to entry5.o(.ARM.Collect$$$$00000004) for __main_after_scatterload


==============================================================================

Removing Unused input sections from the image.

    Removing startup_py32f002bxx.o(HEAP), (0 bytes).
    Removing system_py32f002b.o(.rev16_text), (4 bytes).
    Removing system_py32f002b.o(.revsh_text), (4 bytes).
    Removing system_py32f002b.o(i.SystemCoreClockUpdate), (156 bytes).
    Removing main.o(.rev16_text), (4 bytes).
    Removing main.o(.revsh_text), (4 bytes).
    Removing py32f002b_hal_msp.o(.rev16_text), (4 bytes).
    Removing py32f002b_hal_msp.o(.revsh_text), (4 bytes).
    Removing py32f002b_it.o(.rev16_text), (4 bytes).
    Removing py32f002b_it.o(.revsh_text), (4 bytes).
    Removing iic.o(.rev16_text), (4 bytes).
    Removing iic.o(.revsh_text), (4 bytes).
    Removing lowpower.o(.rev16_text), (4 bytes).
    Removing lowpower.o(.revsh_text), (4 bytes).
    Removing lptim.o(.rev16_text), (4 bytes).
    Removing lptim.o(.revsh_text), (4 bytes).
    Removing wdt.o(.rev16_text), (4 bytes).
    Removing wdt.o(.revsh_text), (4 bytes).
    Removing wdt.o(i.Feed), (16 bytes).
    Removing config.o(.rev16_text), (4 bytes).
    Removing config.o(.revsh_text), (4 bytes).
    Removing task.o(.rev16_text), (4 bytes).
    Removing task.o(.revsh_text), (4 bytes).
    Removing task.o(i.Get_Lptim_Value), (12 bytes).
    Removing task.o(i.Get_Tim14_Value), (12 bytes).
    Removing task.o(i.Get_Tim1_Value), (12 bytes).
    Removing task.o(i.Lowpower_Feed), (28 bytes).
    Removing tim.o(.rev16_text), (4 bytes).
    Removing tim.o(.revsh_text), (4 bytes).
    Removing py32f002b_hal.o(.rev16_text), (4 bytes).
    Removing py32f002b_hal.o(.revsh_text), (4 bytes).
    Removing py32f002b_hal.o(i.HAL_DBGMCU_DisableDBGMCUStopMode), (20 bytes).
    Removing py32f002b_hal.o(i.HAL_DBGMCU_EnableDBGMCUStopMode), (20 bytes).
    Removing py32f002b_hal.o(i.HAL_DeInit), (52 bytes).
    Removing py32f002b_hal.o(i.HAL_Delay), (44 bytes).
    Removing py32f002b_hal.o(i.HAL_GetDEVID), (16 bytes).
    Removing py32f002b_hal.o(i.HAL_GetHalVersion), (6 bytes).
    Removing py32f002b_hal.o(i.HAL_GetREVID), (12 bytes).
    Removing py32f002b_hal.o(i.HAL_GetTickFreq), (12 bytes).
    Removing py32f002b_hal.o(i.HAL_GetTickPrio), (12 bytes).
    Removing py32f002b_hal.o(i.HAL_GetUIDw0), (12 bytes).
    Removing py32f002b_hal.o(i.HAL_GetUIDw1), (12 bytes).
    Removing py32f002b_hal.o(i.HAL_GetUIDw2), (12 bytes).
    Removing py32f002b_hal.o(i.HAL_MspDeInit), (2 bytes).
    Removing py32f002b_hal.o(i.HAL_MspInit), (2 bytes).
    Removing py32f002b_hal.o(i.HAL_SYSCFG_DisableGPIONoiseFilter), (72 bytes).
    Removing py32f002b_hal.o(i.HAL_SYSCFG_DisableI2CFastModePlus), (16 bytes).
    Removing py32f002b_hal.o(i.HAL_SYSCFG_EnableGPIONoiseFilter), (72 bytes).
    Removing py32f002b_hal.o(i.HAL_SYSCFG_EnableI2CFastModePlus), (16 bytes).
    Removing py32f002b_hal.o(i.HAL_SYSCFG_GetRemapMemory), (16 bytes).
    Removing py32f002b_hal.o(i.HAL_SYSCFG_GetTIM1CH1Source), (16 bytes).
    Removing py32f002b_hal.o(i.HAL_SYSCFG_SetRemapMemory), (20 bytes).
    Removing py32f002b_hal.o(i.HAL_SYSCFG_SetTIM1CH1Source), (20 bytes).
    Removing py32f002b_hal.o(i.HAL_SYSCFG_TIM1ETRSource), (24 bytes).
    Removing py32f002b_hal.o(i.HAL_SetTickFreq), (44 bytes).
    Removing py32f002b_hal_rcc.o(.rev16_text), (4 bytes).
    Removing py32f002b_hal_rcc.o(.revsh_text), (4 bytes).
    Removing py32f002b_hal_rcc.o(i.HAL_RCC_CSSCallback), (2 bytes).
    Removing py32f002b_hal_rcc.o(i.HAL_RCC_DeInit), (212 bytes).
    Removing py32f002b_hal_rcc.o(i.HAL_RCC_DisableLSECSS), (20 bytes).
    Removing py32f002b_hal_rcc.o(i.HAL_RCC_EnableLSECSS), (20 bytes).
    Removing py32f002b_hal_rcc.o(i.HAL_RCC_GetClockConfig), (60 bytes).
    Removing py32f002b_hal_rcc.o(i.HAL_RCC_GetOscConfig), (172 bytes).
    Removing py32f002b_hal_rcc.o(i.HAL_RCC_LSECSSCallback), (2 bytes).
    Removing py32f002b_hal_rcc.o(i.HAL_RCC_MCOConfig), (160 bytes).
    Removing py32f002b_hal_rcc.o(i.HAL_RCC_NMI_IRQHandler), (32 bytes).
    Removing py32f002b_hal_rcc_ex.o(.rev16_text), (4 bytes).
    Removing py32f002b_hal_rcc_ex.o(.revsh_text), (4 bytes).
    Removing py32f002b_hal_rcc_ex.o(i.HAL_RCCEx_DisableLSCO), (2 bytes).
    Removing py32f002b_hal_rcc_ex.o(i.HAL_RCCEx_EnableLSCO), (24 bytes).
    Removing py32f002b_hal_rcc_ex.o(i.HAL_RCCEx_GetPeriphCLKConfig), (68 bytes).
    Removing py32f002b_hal_rcc_ex.o(i.HAL_RCCEx_GetPeriphCLKFreq), (284 bytes).
    Removing py32f002b_hal_gpio.o(.rev16_text), (4 bytes).
    Removing py32f002b_hal_gpio.o(.revsh_text), (4 bytes).
    Removing py32f002b_hal_gpio.o(i.HAL_GPIO_DeInit), (244 bytes).
    Removing py32f002b_hal_gpio.o(i.HAL_GPIO_LockPin), (50 bytes).
    Removing py32f002b_hal_gpio.o(i.HAL_GPIO_ReadPin), (18 bytes).
    Removing py32f002b_hal_gpio.o(i.HAL_GPIO_TogglePin), (16 bytes).
    Removing py32f002b_hal_gpio.o(i.HAL_GPIO_WritePin), (12 bytes).
    Removing py32f002b_hal_pwr.o(.rev16_text), (4 bytes).
    Removing py32f002b_hal_pwr.o(.revsh_text), (4 bytes).
    Removing py32f002b_hal_pwr.o(i.HAL_PWR_ConfigBIAS), (60 bytes).
    Removing py32f002b_hal_pwr.o(i.HAL_PWR_ConfigStopMode), (40 bytes).
    Removing py32f002b_hal_pwr.o(i.HAL_PWR_DeInit), (32 bytes).
    Removing py32f002b_hal_pwr.o(i.HAL_PWR_DisableSEVOnPend), (20 bytes).
    Removing py32f002b_hal_pwr.o(i.HAL_PWR_DisableSleepOnExit), (20 bytes).
    Removing py32f002b_hal_pwr.o(i.HAL_PWR_EnableSEVOnPend), (20 bytes).
    Removing py32f002b_hal_pwr.o(i.HAL_PWR_EnableSleepOnExit), (20 bytes).
    Removing py32f002b_hal_pwr.o(i.HAL_PWR_EnterSLEEPMode), (32 bytes).
    Removing py32f002b_hal_cortex.o(.rev16_text), (4 bytes).
    Removing py32f002b_hal_cortex.o(.revsh_text), (4 bytes).
    Removing py32f002b_hal_cortex.o(i.HAL_NVIC_ClearPendingIRQ), (24 bytes).
    Removing py32f002b_hal_cortex.o(i.HAL_NVIC_DisableIRQ), (24 bytes).
    Removing py32f002b_hal_cortex.o(i.HAL_NVIC_GetPendingIRQ), (40 bytes).
    Removing py32f002b_hal_cortex.o(i.HAL_NVIC_GetPriority), (72 bytes).
    Removing py32f002b_hal_cortex.o(i.HAL_NVIC_SetPendingIRQ), (24 bytes).
    Removing py32f002b_hal_cortex.o(i.HAL_NVIC_SystemReset), (56 bytes).
    Removing py32f002b_hal_cortex.o(i.HAL_SYSTICK_CLKSourceConfig), (36 bytes).
    Removing py32f002b_hal_cortex.o(i.HAL_SYSTICK_Callback), (2 bytes).
    Removing py32f002b_hal_cortex.o(i.HAL_SYSTICK_IRQHandler), (8 bytes).
    Removing py32f002b_hal_adc.o(.rev16_text), (4 bytes).
    Removing py32f002b_hal_adc.o(.revsh_text), (4 bytes).
    Removing py32f002b_hal_comp.o(.rev16_text), (4 bytes).
    Removing py32f002b_hal_comp.o(.revsh_text), (4 bytes).
    Removing py32f002b_hal_crc.o(.rev16_text), (4 bytes).
    Removing py32f002b_hal_crc.o(.revsh_text), (4 bytes).
    Removing py32f002b_hal_exti.o(.rev16_text), (4 bytes).
    Removing py32f002b_hal_exti.o(.revsh_text), (4 bytes).
    Removing py32f002b_hal_exti.o(i.HAL_EXTI_ClearConfigLine), (128 bytes).
    Removing py32f002b_hal_exti.o(i.HAL_EXTI_ClearPending), (24 bytes).
    Removing py32f002b_hal_exti.o(i.HAL_EXTI_GenerateSWI), (24 bytes).
    Removing py32f002b_hal_exti.o(i.HAL_EXTI_GetConfigLine), (184 bytes).
    Removing py32f002b_hal_exti.o(i.HAL_EXTI_GetHandle), (16 bytes).
    Removing py32f002b_hal_exti.o(i.HAL_EXTI_GetPending), (36 bytes).
    Removing py32f002b_hal_exti.o(i.HAL_EXTI_IRQHandler), (48 bytes).
    Removing py32f002b_hal_exti.o(i.HAL_EXTI_RegisterCallback), (22 bytes).
    Removing py32f002b_hal_exti.o(i.HAL_EXTI_SetConfigLine), (252 bytes).
    Removing py32f002b_hal_flash.o(.rev16_text), (4 bytes).
    Removing py32f002b_hal_flash.o(.revsh_text), (4 bytes).
    Removing py32f002b_hal_flash.o(i.FLASH_MassErase), (40 bytes).
    Removing py32f002b_hal_flash.o(i.FLASH_OB_OptrConfig), (36 bytes).
    Removing py32f002b_hal_flash.o(i.FLASH_PageErase), (32 bytes).
    Removing py32f002b_hal_flash.o(i.FLASH_Program_Page), (84 bytes).
    Removing py32f002b_hal_flash.o(i.FLASH_SectorErase), (24 bytes).
    Removing py32f002b_hal_flash.o(i.FLASH_WaitForLastOperation), (60 bytes).
    Removing py32f002b_hal_flash.o(i.HAL_FLASH_EndOfOperationCallback), (2 bytes).
    Removing py32f002b_hal_flash.o(i.HAL_FLASH_Erase), (604 bytes).
    Removing py32f002b_hal_flash.o(i.HAL_FLASH_Erase_IT), (492 bytes).
    Removing py32f002b_hal_flash.o(i.HAL_FLASH_GetError), (12 bytes).
    Removing py32f002b_hal_flash.o(i.HAL_FLASH_IRQHandler), (296 bytes).
    Removing py32f002b_hal_flash.o(i.HAL_FLASH_Lock), (36 bytes).
    Removing py32f002b_hal_flash.o(i.HAL_FLASH_OBBOOTGetConfig), (28 bytes).
    Removing py32f002b_hal_flash.o(i.HAL_FLASH_OBBOOTProgram), (456 bytes).
    Removing py32f002b_hal_flash.o(i.HAL_FLASH_OBGetConfig), (64 bytes).
    Removing py32f002b_hal_flash.o(i.HAL_FLASH_OBProgram), (492 bytes).
    Removing py32f002b_hal_flash.o(i.HAL_FLASH_OB_Launch), (24 bytes).
    Removing py32f002b_hal_flash.o(i.HAL_FLASH_OB_Lock), (36 bytes).
    Removing py32f002b_hal_flash.o(i.HAL_FLASH_OB_Unlock), (52 bytes).
    Removing py32f002b_hal_flash.o(i.HAL_FLASH_OperationErrorCallback), (2 bytes).
    Removing py32f002b_hal_flash.o(i.HAL_FLASH_PageProgram), (18 bytes).
    Removing py32f002b_hal_flash.o(i.HAL_FLASH_PageProgram_IT), (18 bytes).
    Removing py32f002b_hal_flash.o(i.HAL_FLASH_Program), (456 bytes).
    Removing py32f002b_hal_flash.o(i.HAL_FLASH_Program_IT), (436 bytes).
    Removing py32f002b_hal_flash.o(i.HAL_FLASH_Unlock), (52 bytes).
    Removing py32f002b_hal_flash.o(.bss), (24 bytes).
    Removing py32f002b_hal_flash.o(.constdata), (32 bytes).
    Removing py32f002b_hal_i2c.o(.rev16_text), (4 bytes).
    Removing py32f002b_hal_i2c.o(.revsh_text), (4 bytes).
    Removing py32f002b_hal_i2c.o(i.HAL_I2C_AddrCallback), (2 bytes).
    Removing py32f002b_hal_i2c.o(i.HAL_I2C_DisableListen_IT), (74 bytes).
    Removing py32f002b_hal_i2c.o(i.HAL_I2C_ErrorCallback), (2 bytes).
    Removing py32f002b_hal_i2c.o(i.HAL_I2C_GetError), (6 bytes).
    Removing py32f002b_hal_i2c.o(i.HAL_I2C_GetMode), (8 bytes).
    Removing py32f002b_hal_i2c.o(i.HAL_I2C_GetState), (8 bytes).
    Removing py32f002b_hal_i2c.o(i.HAL_I2C_IRQHandler), (920 bytes).
    Removing py32f002b_hal_i2c.o(i.HAL_I2C_IsDeviceReady), (464 bytes).
    Removing py32f002b_hal_i2c.o(i.HAL_I2C_ListenCpltCallback), (2 bytes).
    Removing py32f002b_hal_i2c.o(i.HAL_I2C_Master_Abort_IT), (116 bytes).
    Removing py32f002b_hal_i2c.o(i.HAL_I2C_Master_Receive), (808 bytes).
    Removing py32f002b_hal_i2c.o(i.HAL_I2C_Master_Receive_IT), (268 bytes).
    Removing py32f002b_hal_i2c.o(i.HAL_I2C_Master_Seq_Receive_IT), (392 bytes).
    Removing py32f002b_hal_i2c.o(i.HAL_I2C_Master_Seq_Transmit_IT), (300 bytes).
    Removing py32f002b_hal_i2c.o(i.HAL_I2C_Master_Transmit), (384 bytes).
    Removing py32f002b_hal_i2c.o(i.HAL_I2C_Master_Transmit_IT), (252 bytes).
    Removing py32f002b_hal_i2c.o(i.HAL_I2C_Mem_Read), (816 bytes).
    Removing py32f002b_hal_i2c.o(i.HAL_I2C_Mem_Read_IT), (284 bytes).
    Removing py32f002b_hal_i2c.o(i.HAL_I2C_Mem_Write), (372 bytes).
    Removing py32f002b_hal_i2c.o(i.HAL_I2C_Mem_Write_IT), (264 bytes).
    Removing py32f002b_hal_i2c.o(i.HAL_I2C_SlaveRxCpltCallback), (2 bytes).
    Removing py32f002b_hal_i2c.o(i.HAL_I2C_Slave_Receive), (404 bytes).
    Removing py32f002b_hal_i2c.o(i.HAL_I2C_Slave_Receive_IT), (156 bytes).
    Removing py32f002b_hal_i2c.o(i.HAL_I2C_Slave_Transmit), (380 bytes).
    Removing py32f002b_hal_i2c.o(i.HAL_I2C_Slave_Transmit_IT), (156 bytes).
    Removing py32f002b_hal_i2c.o(i.I2C_IsAcknowledgeFailed), (66 bytes).
    Removing py32f002b_hal_i2c.o(i.I2C_MasterRequestRead), (144 bytes).
    Removing py32f002b_hal_i2c.o(i.I2C_MasterRequestWrite), (128 bytes).
    Removing py32f002b_hal_i2c.o(i.I2C_RequestMemoryRead), (340 bytes).
    Removing py32f002b_hal_i2c.o(i.I2C_RequestMemoryWrite), (244 bytes).
    Removing py32f002b_hal_i2c.o(i.I2C_WaitOnBTFFlagUntilTimeout), (100 bytes).
    Removing py32f002b_hal_i2c.o(i.I2C_WaitOnFlagUntilTimeout), (130 bytes).
    Removing py32f002b_hal_i2c.o(i.I2C_WaitOnMasterAddressFlagUntilTimeout), (204 bytes).
    Removing py32f002b_hal_i2c.o(i.I2C_WaitOnRXNEFlagUntilTimeout), (132 bytes).
    Removing py32f002b_hal_i2c.o(i.I2C_WaitOnSTOPFlagUntilTimeout), (94 bytes).
    Removing py32f002b_hal_i2c.o(i.I2C_WaitOnTXEFlagUntilTimeout), (100 bytes).
    Removing py32f002b_hal_iwdg.o(.rev16_text), (4 bytes).
    Removing py32f002b_hal_iwdg.o(.revsh_text), (4 bytes).
    Removing py32f002b_hal_iwdg.o(i.HAL_IWDG_Refresh), (16 bytes).
    Removing py32f002b_hal_lptim.o(.rev16_text), (4 bytes).
    Removing py32f002b_hal_lptim.o(.revsh_text), (4 bytes).
    Removing py32f002b_hal_lptim.o(i.HAL_LPTIM_DeInit), (48 bytes).
    Removing py32f002b_hal_lptim.o(i.HAL_LPTIM_GetState), (6 bytes).
    Removing py32f002b_hal_lptim.o(i.HAL_LPTIM_MspDeInit), (2 bytes).
    Removing py32f002b_hal_lptim.o(i.HAL_LPTIM_ReadAutoReload), (8 bytes).
    Removing py32f002b_hal_lptim.o(i.HAL_LPTIM_ReadCounter), (8 bytes).
    Removing py32f002b_hal_lptim.o(i.HAL_LPTIM_ResetCounter), (34 bytes).
    Removing py32f002b_hal_lptim.o(i.HAL_LPTIM_SetContinue_Start), (42 bytes).
    Removing py32f002b_hal_lptim.o(i.HAL_LPTIM_SetContinue_Stop), (26 bytes).
    Removing py32f002b_hal_lptim.o(i.HAL_LPTIM_SetContinue_Stop_IT), (38 bytes).
    Removing py32f002b_hal_lptim.o(i.HAL_LPTIM_SetOnce_Start), (42 bytes).
    Removing py32f002b_hal_lptim.o(i.HAL_LPTIM_SetOnce_Start_IT), (54 bytes).
    Removing py32f002b_hal_lptim.o(i.HAL_LPTIM_SetOnce_Stop), (26 bytes).
    Removing py32f002b_hal_lptim.o(i.HAL_LPTIM_SetOnce_Stop_IT), (38 bytes).
    Removing py32f002b_hal_spi.o(.rev16_text), (4 bytes).
    Removing py32f002b_hal_spi.o(.revsh_text), (4 bytes).
    Removing py32f002b_hal_tim.o(.rev16_text), (4 bytes).
    Removing py32f002b_hal_tim.o(.revsh_text), (4 bytes).
    Removing py32f002b_hal_tim.o(i.HAL_TIM_Base_DeInit), (72 bytes).
    Removing py32f002b_hal_tim.o(i.HAL_TIM_Base_GetState), (6 bytes).
    Removing py32f002b_hal_tim.o(i.HAL_TIM_Base_MspDeInit), (2 bytes).
    Removing py32f002b_hal_tim.o(i.HAL_TIM_Base_Start), (38 bytes).
    Removing py32f002b_hal_tim.o(i.HAL_TIM_Base_Stop), (60 bytes).
    Removing py32f002b_hal_tim.o(i.HAL_TIM_Base_Stop_IT), (64 bytes).
    Removing py32f002b_hal_tim.o(i.HAL_TIM_ConfigClockSource), (262 bytes).
    Removing py32f002b_hal_tim.o(i.HAL_TIM_ConfigOCrefClear), (312 bytes).
    Removing py32f002b_hal_tim.o(i.HAL_TIM_ConfigTI1Input), (32 bytes).
    Removing py32f002b_hal_tim.o(i.HAL_TIM_Encoder_DeInit), (72 bytes).
    Removing py32f002b_hal_tim.o(i.HAL_TIM_Encoder_GetState), (6 bytes).
    Removing py32f002b_hal_tim.o(i.HAL_TIM_Encoder_Init), (184 bytes).
    Removing py32f002b_hal_tim.o(i.HAL_TIM_Encoder_MspDeInit), (2 bytes).
    Removing py32f002b_hal_tim.o(i.HAL_TIM_Encoder_MspInit), (2 bytes).
    Removing py32f002b_hal_tim.o(i.HAL_TIM_Encoder_Start), (80 bytes).
    Removing py32f002b_hal_tim.o(i.HAL_TIM_Encoder_Start_IT), (128 bytes).
    Removing py32f002b_hal_tim.o(i.HAL_TIM_Encoder_Stop), (112 bytes).
    Removing py32f002b_hal_tim.o(i.HAL_TIM_Encoder_Stop_IT), (160 bytes).
    Removing py32f002b_hal_tim.o(i.HAL_TIM_ErrorCallback), (2 bytes).
    Removing py32f002b_hal_tim.o(i.HAL_TIM_GenerateEvent), (44 bytes).
    Removing py32f002b_hal_tim.o(i.HAL_TIM_IC_CaptureHalfCpltCallback), (2 bytes).
    Removing py32f002b_hal_tim.o(i.HAL_TIM_IC_ConfigChannel), (216 bytes).
    Removing py32f002b_hal_tim.o(i.HAL_TIM_IC_DeInit), (72 bytes).
    Removing py32f002b_hal_tim.o(i.HAL_TIM_IC_GetState), (6 bytes).
    Removing py32f002b_hal_tim.o(i.HAL_TIM_IC_Init), (46 bytes).
    Removing py32f002b_hal_tim.o(i.HAL_TIM_IC_MspDeInit), (2 bytes).
    Removing py32f002b_hal_tim.o(i.HAL_TIM_IC_MspInit), (2 bytes).
    Removing py32f002b_hal_tim.o(i.HAL_TIM_IC_Start), (44 bytes).
    Removing py32f002b_hal_tim.o(i.HAL_TIM_IC_Start_IT), (122 bytes).
    Removing py32f002b_hal_tim.o(i.HAL_TIM_IC_Stop), (64 bytes).
    Removing py32f002b_hal_tim.o(i.HAL_TIM_IC_Stop_IT), (144 bytes).
    Removing py32f002b_hal_tim.o(i.HAL_TIM_OC_ConfigChannel), (108 bytes).
    Removing py32f002b_hal_tim.o(i.HAL_TIM_OC_DeInit), (72 bytes).
    Removing py32f002b_hal_tim.o(i.HAL_TIM_OC_GetState), (6 bytes).
    Removing py32f002b_hal_tim.o(i.HAL_TIM_OC_Init), (46 bytes).
    Removing py32f002b_hal_tim.o(i.HAL_TIM_OC_MspDeInit), (2 bytes).
    Removing py32f002b_hal_tim.o(i.HAL_TIM_OC_MspInit), (2 bytes).
    Removing py32f002b_hal_tim.o(i.HAL_TIM_OC_Start), (92 bytes).
    Removing py32f002b_hal_tim.o(i.HAL_TIM_OC_Start_IT), (172 bytes).
    Removing py32f002b_hal_tim.o(i.HAL_TIM_OC_Stop), (140 bytes).
    Removing py32f002b_hal_tim.o(i.HAL_TIM_OC_Stop_IT), (220 bytes).
    Removing py32f002b_hal_tim.o(i.HAL_TIM_OnePulse_ConfigChannel), (286 bytes).
    Removing py32f002b_hal_tim.o(i.HAL_TIM_OnePulse_DeInit), (72 bytes).
    Removing py32f002b_hal_tim.o(i.HAL_TIM_OnePulse_GetState), (6 bytes).
    Removing py32f002b_hal_tim.o(i.HAL_TIM_OnePulse_Init), (70 bytes).
    Removing py32f002b_hal_tim.o(i.HAL_TIM_OnePulse_MspDeInit), (2 bytes).
    Removing py32f002b_hal_tim.o(i.HAL_TIM_OnePulse_MspInit), (2 bytes).
    Removing py32f002b_hal_tim.o(i.HAL_TIM_OnePulse_Start), (80 bytes).
    Removing py32f002b_hal_tim.o(i.HAL_TIM_OnePulse_Start_IT), (104 bytes).
    Removing py32f002b_hal_tim.o(i.HAL_TIM_OnePulse_Stop), (152 bytes).
    Removing py32f002b_hal_tim.o(i.HAL_TIM_OnePulse_Stop_IT), (176 bytes).
    Removing py32f002b_hal_tim.o(i.HAL_TIM_PWM_ConfigChannel), (264 bytes).
    Removing py32f002b_hal_tim.o(i.HAL_TIM_PWM_DeInit), (72 bytes).
    Removing py32f002b_hal_tim.o(i.HAL_TIM_PWM_GetState), (6 bytes).
    Removing py32f002b_hal_tim.o(i.HAL_TIM_PWM_Init), (46 bytes).
    Removing py32f002b_hal_tim.o(i.HAL_TIM_PWM_MspDeInit), (2 bytes).
    Removing py32f002b_hal_tim.o(i.HAL_TIM_PWM_MspInit), (2 bytes).
    Removing py32f002b_hal_tim.o(i.HAL_TIM_PWM_PulseFinishedHalfCpltCallback), (2 bytes).
    Removing py32f002b_hal_tim.o(i.HAL_TIM_PWM_Start), (92 bytes).
    Removing py32f002b_hal_tim.o(i.HAL_TIM_PWM_Start_IT), (172 bytes).
    Removing py32f002b_hal_tim.o(i.HAL_TIM_PWM_Stop), (144 bytes).
    Removing py32f002b_hal_tim.o(i.HAL_TIM_PWM_Stop_IT), (220 bytes).
    Removing py32f002b_hal_tim.o(i.HAL_TIM_PeriodElapsedHalfCpltCallback), (2 bytes).
    Removing py32f002b_hal_tim.o(i.HAL_TIM_ReadCapturedValue), (52 bytes).
    Removing py32f002b_hal_tim.o(i.HAL_TIM_SlaveConfigSynchro), (84 bytes).
    Removing py32f002b_hal_tim.o(i.HAL_TIM_SlaveConfigSynchro_IT), (84 bytes).
    Removing py32f002b_hal_tim.o(i.HAL_TIM_TriggerHalfCpltCallback), (2 bytes).
    Removing py32f002b_hal_tim.o(i.TIM_CCxChannelCmd), (34 bytes).
    Removing py32f002b_hal_tim.o(i.TIM_ETR_SetConfig), (28 bytes).
    Removing py32f002b_hal_tim.o(i.TIM_ITRx_SetConfig), (24 bytes).
    Removing py32f002b_hal_tim.o(i.TIM_OC1_SetConfig), (140 bytes).
    Removing py32f002b_hal_tim.o(i.TIM_OC2_SetConfig), (156 bytes).
    Removing py32f002b_hal_tim.o(i.TIM_OC3_SetConfig), (152 bytes).
    Removing py32f002b_hal_tim.o(i.TIM_OC4_SetConfig), (108 bytes).
    Removing py32f002b_hal_tim.o(i.TIM_SlaveTimer_SetConfig), (176 bytes).
    Removing py32f002b_hal_tim.o(i.TIM_TI1_ConfigInputStage), (50 bytes).
    Removing py32f002b_hal_tim.o(i.TIM_TI1_SetConfig), (88 bytes).
    Removing py32f002b_hal_tim.o(i.TIM_TI2_ConfigInputStage), (50 bytes).
    Removing py32f002b_hal_tim.o(i.TIM_TI2_SetConfig), (72 bytes).
    Removing py32f002b_hal_tim.o(i.TIM_TI3_SetConfig), (70 bytes).
    Removing py32f002b_hal_tim.o(i.TIM_TI4_SetConfig), (78 bytes).
    Removing py32f002b_hal_tim_ex.o(.rev16_text), (4 bytes).
    Removing py32f002b_hal_tim_ex.o(.revsh_text), (4 bytes).
    Removing py32f002b_hal_tim_ex.o(i.HAL_TIMEx_CommutHalfCpltCallback), (2 bytes).
    Removing py32f002b_hal_tim_ex.o(i.HAL_TIMEx_ConfigBreakDeadTime), (134 bytes).
    Removing py32f002b_hal_tim_ex.o(i.HAL_TIMEx_ConfigCommutEvent), (118 bytes).
    Removing py32f002b_hal_tim_ex.o(i.HAL_TIMEx_ConfigCommutEvent_IT), (118 bytes).
    Removing py32f002b_hal_tim_ex.o(i.HAL_TIMEx_HallSensor_DeInit), (72 bytes).
    Removing py32f002b_hal_tim_ex.o(i.HAL_TIMEx_HallSensor_GetState), (6 bytes).
    Removing py32f002b_hal_tim_ex.o(i.HAL_TIMEx_HallSensor_Init), (202 bytes).
    Removing py32f002b_hal_tim_ex.o(i.HAL_TIMEx_HallSensor_MspDeInit), (2 bytes).
    Removing py32f002b_hal_tim_ex.o(i.HAL_TIMEx_HallSensor_MspInit), (2 bytes).
    Removing py32f002b_hal_tim_ex.o(i.HAL_TIMEx_HallSensor_Start), (42 bytes).
    Removing py32f002b_hal_tim_ex.o(i.HAL_TIMEx_HallSensor_Start_IT), (54 bytes).
    Removing py32f002b_hal_tim_ex.o(i.HAL_TIMEx_HallSensor_Stop), (64 bytes).
    Removing py32f002b_hal_tim_ex.o(i.HAL_TIMEx_HallSensor_Stop_IT), (76 bytes).
    Removing py32f002b_hal_tim_ex.o(i.HAL_TIMEx_MasterConfigSynchronization), (96 bytes).
    Removing py32f002b_hal_tim_ex.o(i.HAL_TIMEx_OCN_Start), (58 bytes).
    Removing py32f002b_hal_tim_ex.o(i.HAL_TIMEx_OCN_Start_IT), (130 bytes).
    Removing py32f002b_hal_tim_ex.o(i.HAL_TIMEx_OCN_Stop), (108 bytes).
    Removing py32f002b_hal_tim_ex.o(i.HAL_TIMEx_OCN_Stop_IT), (196 bytes).
    Removing py32f002b_hal_tim_ex.o(i.HAL_TIMEx_OnePulseN_Start), (34 bytes).
    Removing py32f002b_hal_tim_ex.o(i.HAL_TIMEx_OnePulseN_Start_IT), (58 bytes).
    Removing py32f002b_hal_tim_ex.o(i.HAL_TIMEx_OnePulseN_Stop), (108 bytes).
    Removing py32f002b_hal_tim_ex.o(i.HAL_TIMEx_OnePulseN_Stop_IT), (132 bytes).
    Removing py32f002b_hal_tim_ex.o(i.HAL_TIMEx_PWMN_Start), (58 bytes).
    Removing py32f002b_hal_tim_ex.o(i.HAL_TIMEx_PWMN_Start_IT), (130 bytes).
    Removing py32f002b_hal_tim_ex.o(i.HAL_TIMEx_PWMN_Stop), (108 bytes).
    Removing py32f002b_hal_tim_ex.o(i.HAL_TIMEx_PWMN_Stop_IT), (196 bytes).
    Removing py32f002b_hal_tim_ex.o(i.HAL_TIMEx_RemapConfig), (36 bytes).
    Removing py32f002b_hal_tim_ex.o(i.TIM_CCxNChannelCmd), (34 bytes).
    Removing py32f002b_hal_uart.o(.rev16_text), (4 bytes).
    Removing py32f002b_hal_uart.o(.revsh_text), (4 bytes).
    Removing py32f002b_hal_usart.o(.rev16_text), (4 bytes).
    Removing py32f002b_hal_usart.o(.revsh_text), (4 bytes).
    Removing py32f002b_ll_utils.o(.rev16_text), (4 bytes).
    Removing py32f002b_ll_utils.o(.revsh_text), (4 bytes).
    Removing py32f002b_ll_utils.o(i.LL_Init1msTick), (40 bytes).
    Removing py32f002b_ll_utils.o(i.LL_SetFlashLatency), (100 bytes).
    Removing py32f002b_ll_utils.o(i.LL_SetSystemCoreClock), (12 bytes).
    Removing py32f002b_ll_utils.o(i.LL_mDelay), (52 bytes).
    Removing py32f002b_ll_utils.o(.data), (32 bytes).
    Removing py32f002b_hal_tim.o(i.__ARM_common_switch8), (28 bytes).

329 unused section(s) (total 25794 bytes) removed from the image.

==============================================================================

Image Symbol Table

    Local Symbols

    Symbol Name                              Value     Ov Type        Size  Object(Section)

    ../clib/../cmprslib/zerorunl2.c          0x00000000   Number         0  __dczerorl2.o ABSOLUTE
    ../clib/microlib/division.c              0x00000000   Number         0  uidiv.o ABSOLUTE
    ../clib/microlib/init/entry.s            0x00000000   Number         0  entry7a.o ABSOLUTE
    ../clib/microlib/init/entry.s            0x00000000   Number         0  entry9b.o ABSOLUTE
    ../clib/microlib/init/entry.s            0x00000000   Number         0  entry5.o ABSOLUTE
    ../clib/microlib/init/entry.s            0x00000000   Number         0  entry9a.o ABSOLUTE
    ../clib/microlib/init/entry.s            0x00000000   Number         0  entry8b.o ABSOLUTE
    ../clib/microlib/init/entry.s            0x00000000   Number         0  entry.o ABSOLUTE
    ../clib/microlib/init/entry.s            0x00000000   Number         0  entry2.o ABSOLUTE
    ../clib/microlib/init/entry.s            0x00000000   Number         0  entry8a.o ABSOLUTE
    ../clib/microlib/init/entry.s            0x00000000   Number         0  entry7b.o ABSOLUTE
    ../clib/microlib/init/entry.s            0x00000000   Number         0  entry11b.o ABSOLUTE
    ../clib/microlib/init/entry.s            0x00000000   Number         0  entry11a.o ABSOLUTE
    ../clib/microlib/init/entry.s            0x00000000   Number         0  entry10b.o ABSOLUTE
    ../clib/microlib/init/entry.s            0x00000000   Number         0  entry10a.o ABSOLUTE
    ../clib/microlib/string/memcpy.c         0x00000000   Number         0  memcpyb.o ABSOLUTE
    ../clib/microlib/string/memcpy.c         0x00000000   Number         0  memcpya.o ABSOLUTE
    ../clib/microlib/string/memset.c         0x00000000   Number         0  memseta.o ABSOLUTE
    ..\..\..\Drivers\PY32F002B_HAL_Driver\Src\py32f002b_hal.c 0x00000000   Number         0  py32f002b_hal.o ABSOLUTE
    ..\..\..\Drivers\PY32F002B_HAL_Driver\Src\py32f002b_hal_adc.c 0x00000000   Number         0  py32f002b_hal_adc.o ABSOLUTE
    ..\..\..\Drivers\PY32F002B_HAL_Driver\Src\py32f002b_hal_comp.c 0x00000000   Number         0  py32f002b_hal_comp.o ABSOLUTE
    ..\..\..\Drivers\PY32F002B_HAL_Driver\Src\py32f002b_hal_cortex.c 0x00000000   Number         0  py32f002b_hal_cortex.o ABSOLUTE
    ..\..\..\Drivers\PY32F002B_HAL_Driver\Src\py32f002b_hal_crc.c 0x00000000   Number         0  py32f002b_hal_crc.o ABSOLUTE
    ..\..\..\Drivers\PY32F002B_HAL_Driver\Src\py32f002b_hal_exti.c 0x00000000   Number         0  py32f002b_hal_exti.o ABSOLUTE
    ..\..\..\Drivers\PY32F002B_HAL_Driver\Src\py32f002b_hal_flash.c 0x00000000   Number         0  py32f002b_hal_flash.o ABSOLUTE
    ..\..\..\Drivers\PY32F002B_HAL_Driver\Src\py32f002b_hal_gpio.c 0x00000000   Number         0  py32f002b_hal_gpio.o ABSOLUTE
    ..\..\..\Drivers\PY32F002B_HAL_Driver\Src\py32f002b_hal_i2c.c 0x00000000   Number         0  py32f002b_hal_i2c.o ABSOLUTE
    ..\..\..\Drivers\PY32F002B_HAL_Driver\Src\py32f002b_hal_iwdg.c 0x00000000   Number         0  py32f002b_hal_iwdg.o ABSOLUTE
    ..\..\..\Drivers\PY32F002B_HAL_Driver\Src\py32f002b_hal_lptim.c 0x00000000   Number         0  py32f002b_hal_lptim.o ABSOLUTE
    ..\..\..\Drivers\PY32F002B_HAL_Driver\Src\py32f002b_hal_pwr.c 0x00000000   Number         0  py32f002b_hal_pwr.o ABSOLUTE
    ..\..\..\Drivers\PY32F002B_HAL_Driver\Src\py32f002b_hal_rcc.c 0x00000000   Number         0  py32f002b_hal_rcc.o ABSOLUTE
    ..\..\..\Drivers\PY32F002B_HAL_Driver\Src\py32f002b_hal_rcc_ex.c 0x00000000   Number         0  py32f002b_hal_rcc_ex.o ABSOLUTE
    ..\..\..\Drivers\PY32F002B_HAL_Driver\Src\py32f002b_hal_spi.c 0x00000000   Number         0  py32f002b_hal_spi.o ABSOLUTE
    ..\..\..\Drivers\PY32F002B_HAL_Driver\Src\py32f002b_hal_tim.c 0x00000000   Number         0  py32f002b_hal_tim.o ABSOLUTE
    ..\..\..\Drivers\PY32F002B_HAL_Driver\Src\py32f002b_hal_tim_ex.c 0x00000000   Number         0  py32f002b_hal_tim_ex.o ABSOLUTE
    ..\..\..\Drivers\PY32F002B_HAL_Driver\Src\py32f002b_hal_uart.c 0x00000000   Number         0  py32f002b_hal_uart.o ABSOLUTE
    ..\..\..\Drivers\PY32F002B_HAL_Driver\Src\py32f002b_hal_usart.c 0x00000000   Number         0  py32f002b_hal_usart.o ABSOLUTE
    ..\..\..\Drivers\PY32F002B_HAL_Driver\Src\py32f002b_ll_adc.c 0x00000000   Number         0  py32f002b_ll_adc.o ABSOLUTE
    ..\..\..\Drivers\PY32F002B_HAL_Driver\Src\py32f002b_ll_comp.c 0x00000000   Number         0  py32f002b_ll_comp.o ABSOLUTE
    ..\..\..\Drivers\PY32F002B_HAL_Driver\Src\py32f002b_ll_crc.c 0x00000000   Number         0  py32f002b_ll_crc.o ABSOLUTE
    ..\..\..\Drivers\PY32F002B_HAL_Driver\Src\py32f002b_ll_exti.c 0x00000000   Number         0  py32f002b_ll_exti.o ABSOLUTE
    ..\..\..\Drivers\PY32F002B_HAL_Driver\Src\py32f002b_ll_gpio.c 0x00000000   Number         0  py32f002b_ll_gpio.o ABSOLUTE
    ..\..\..\Drivers\PY32F002B_HAL_Driver\Src\py32f002b_ll_i2c.c 0x00000000   Number         0  py32f002b_ll_i2c.o ABSOLUTE
    ..\..\..\Drivers\PY32F002B_HAL_Driver\Src\py32f002b_ll_lptim.c 0x00000000   Number         0  py32f002b_ll_lptim.o ABSOLUTE
    ..\..\..\Drivers\PY32F002B_HAL_Driver\Src\py32f002b_ll_pwr.c 0x00000000   Number         0  py32f002b_ll_pwr.o ABSOLUTE
    ..\..\..\Drivers\PY32F002B_HAL_Driver\Src\py32f002b_ll_rcc.c 0x00000000   Number         0  py32f002b_ll_rcc.o ABSOLUTE
    ..\..\..\Drivers\PY32F002B_HAL_Driver\Src\py32f002b_ll_spi.c 0x00000000   Number         0  py32f002b_ll_spi.o ABSOLUTE
    ..\..\..\Drivers\PY32F002B_HAL_Driver\Src\py32f002b_ll_tim.c 0x00000000   Number         0  py32f002b_ll_tim.o ABSOLUTE
    ..\..\..\Drivers\PY32F002B_HAL_Driver\Src\py32f002b_ll_usart.c 0x00000000   Number         0  py32f002b_ll_usart.o ABSOLUTE
    ..\..\..\Drivers\PY32F002B_HAL_Driver\Src\py32f002b_ll_utils.c 0x00000000   Number         0  py32f002b_ll_utils.o ABSOLUTE
    ..\Src\Config.c                          0x00000000   Number         0  config.o ABSOLUTE
    ..\Src\IIC.c                             0x00000000   Number         0  iic.o ABSOLUTE
    ..\Src\LowPower.c                        0x00000000   Number         0  lowpower.o ABSOLUTE
    ..\Src\Lptim.c                           0x00000000   Number         0  lptim.o ABSOLUTE
    ..\Src\Task.c                            0x00000000   Number         0  task.o ABSOLUTE
    ..\Src\Wdt.c                             0x00000000   Number         0  wdt.o ABSOLUTE
    ..\Src\main.c                            0x00000000   Number         0  main.o ABSOLUTE
    ..\Src\py32f002b_hal_msp.c               0x00000000   Number         0  py32f002b_hal_msp.o ABSOLUTE
    ..\Src\py32f002b_it.c                    0x00000000   Number         0  py32f002b_it.o ABSOLUTE
    ..\Src\system_py32f002b.c                0x00000000   Number         0  system_py32f002b.o ABSOLUTE
    ..\\..\\..\\Drivers\\PY32F002B_HAL_Driver\\Src\\py32f002b_hal.c 0x00000000   Number         0  py32f002b_hal.o ABSOLUTE
    ..\\..\\..\\Drivers\\PY32F002B_HAL_Driver\\Src\\py32f002b_hal_adc.c 0x00000000   Number         0  py32f002b_hal_adc.o ABSOLUTE
    ..\\..\\..\\Drivers\\PY32F002B_HAL_Driver\\Src\\py32f002b_hal_comp.c 0x00000000   Number         0  py32f002b_hal_comp.o ABSOLUTE
    ..\\..\\..\\Drivers\\PY32F002B_HAL_Driver\\Src\\py32f002b_hal_cortex.c 0x00000000   Number         0  py32f002b_hal_cortex.o ABSOLUTE
    ..\\..\\..\\Drivers\\PY32F002B_HAL_Driver\\Src\\py32f002b_hal_crc.c 0x00000000   Number         0  py32f002b_hal_crc.o ABSOLUTE
    ..\\..\\..\\Drivers\\PY32F002B_HAL_Driver\\Src\\py32f002b_hal_exti.c 0x00000000   Number         0  py32f002b_hal_exti.o ABSOLUTE
    ..\\..\\..\\Drivers\\PY32F002B_HAL_Driver\\Src\\py32f002b_hal_flash.c 0x00000000   Number         0  py32f002b_hal_flash.o ABSOLUTE
    ..\\..\\..\\Drivers\\PY32F002B_HAL_Driver\\Src\\py32f002b_hal_gpio.c 0x00000000   Number         0  py32f002b_hal_gpio.o ABSOLUTE
    ..\\..\\..\\Drivers\\PY32F002B_HAL_Driver\\Src\\py32f002b_hal_i2c.c 0x00000000   Number         0  py32f002b_hal_i2c.o ABSOLUTE
    ..\\..\\..\\Drivers\\PY32F002B_HAL_Driver\\Src\\py32f002b_hal_iwdg.c 0x00000000   Number         0  py32f002b_hal_iwdg.o ABSOLUTE
    ..\\..\\..\\Drivers\\PY32F002B_HAL_Driver\\Src\\py32f002b_hal_lptim.c 0x00000000   Number         0  py32f002b_hal_lptim.o ABSOLUTE
    ..\\..\\..\\Drivers\\PY32F002B_HAL_Driver\\Src\\py32f002b_hal_pwr.c 0x00000000   Number         0  py32f002b_hal_pwr.o ABSOLUTE
    ..\\..\\..\\Drivers\\PY32F002B_HAL_Driver\\Src\\py32f002b_hal_rcc.c 0x00000000   Number         0  py32f002b_hal_rcc.o ABSOLUTE
    ..\\..\\..\\Drivers\\PY32F002B_HAL_Driver\\Src\\py32f002b_hal_rcc_ex.c 0x00000000   Number         0  py32f002b_hal_rcc_ex.o ABSOLUTE
    ..\\..\\..\\Drivers\\PY32F002B_HAL_Driver\\Src\\py32f002b_hal_spi.c 0x00000000   Number         0  py32f002b_hal_spi.o ABSOLUTE
    ..\\..\\..\\Drivers\\PY32F002B_HAL_Driver\\Src\\py32f002b_hal_tim.c 0x00000000   Number         0  py32f002b_hal_tim.o ABSOLUTE
    ..\\..\\..\\Drivers\\PY32F002B_HAL_Driver\\Src\\py32f002b_hal_tim_ex.c 0x00000000   Number         0  py32f002b_hal_tim_ex.o ABSOLUTE
    ..\\..\\..\\Drivers\\PY32F002B_HAL_Driver\\Src\\py32f002b_hal_uart.c 0x00000000   Number         0  py32f002b_hal_uart.o ABSOLUTE
    ..\\..\\..\\Drivers\\PY32F002B_HAL_Driver\\Src\\py32f002b_hal_usart.c 0x00000000   Number         0  py32f002b_hal_usart.o ABSOLUTE
    ..\\..\\..\\Drivers\\PY32F002B_HAL_Driver\\Src\\py32f002b_ll_utils.c 0x00000000   Number         0  py32f002b_ll_utils.o ABSOLUTE
    ..\\Src\\Config.c                        0x00000000   Number         0  config.o ABSOLUTE
    ..\\Src\\IIC.c                           0x00000000   Number         0  iic.o ABSOLUTE
    ..\\Src\\LowPower.c                      0x00000000   Number         0  lowpower.o ABSOLUTE
    ..\\Src\\Lptim.c                         0x00000000   Number         0  lptim.o ABSOLUTE
    ..\\Src\\Task.c                          0x00000000   Number         0  task.o ABSOLUTE
    ..\\Src\\Wdt.c                           0x00000000   Number         0  wdt.o ABSOLUTE
    ..\\Src\\main.c                          0x00000000   Number         0  main.o ABSOLUTE
    ..\\Src\\py32f002b_hal_msp.c             0x00000000   Number         0  py32f002b_hal_msp.o ABSOLUTE
    ..\\Src\\py32f002b_it.c                  0x00000000   Number         0  py32f002b_it.o ABSOLUTE
    ..\\Src\\system_py32f002b.c              0x00000000   Number         0  system_py32f002b.o ABSOLUTE
    Tim.c                                    0x00000000   Number         0  tim.o ABSOLUTE
    Tim.c                                    0x00000000   Number         0  tim.o ABSOLUTE
    dc.s                                     0x00000000   Number         0  dc.o ABSOLUTE
    handlers.s                               0x00000000   Number         0  handlers.o ABSOLUTE
    init.s                                   0x00000000   Number         0  init.o ABSOLUTE
    startup_py32f002bxx.s                    0x00000000   Number         0  startup_py32f002bxx.o ABSOLUTE
    RESET                                    0x08000000   Section      192  startup_py32f002bxx.o(RESET)
    .ARM.Collect$$$$00000000                 0x080000c0   Section        0  entry.o(.ARM.Collect$$$$00000000)
    .ARM.Collect$$$$00000001                 0x080000c0   Section        4  entry2.o(.ARM.Collect$$$$00000001)
    .ARM.Collect$$$$00000004                 0x080000c4   Section        4  entry5.o(.ARM.Collect$$$$00000004)
    .ARM.Collect$$$$00000008                 0x080000c8   Section        0  entry7b.o(.ARM.Collect$$$$00000008)
    .ARM.Collect$$$$0000000A                 0x080000c8   Section        0  entry8b.o(.ARM.Collect$$$$0000000A)
    .ARM.Collect$$$$0000000B                 0x080000c8   Section        8  entry9a.o(.ARM.Collect$$$$0000000B)
    .ARM.Collect$$$$0000000D                 0x080000d0   Section        0  entry10a.o(.ARM.Collect$$$$0000000D)
    .ARM.Collect$$$$0000000F                 0x080000d0   Section        0  entry11a.o(.ARM.Collect$$$$0000000F)
    .ARM.Collect$$$$00002712                 0x080000d0   Section        4  entry2.o(.ARM.Collect$$$$00002712)
    __lit__00000000                          0x080000d0   Data           4  entry2.o(.ARM.Collect$$$$00002712)
    .text                                    0x080000d4   Section       28  startup_py32f002bxx.o(.text)
    .text                                    0x080000f0   Section        0  uidiv.o(.text)
    .text                                    0x0800011c   Section        0  memcpya.o(.text)
    .text                                    0x08000140   Section        0  memseta.o(.text)
    .text                                    0x08000164   Section       36  init.o(.text)
    .text                                    0x08000188   Section        0  __dczerorl2.o(.text)
    i.ALL_Config                             0x080001de   Section        0  config.o(i.ALL_Config)
    i.APP_ErrorHandler                       0x08000202   Section        0  main.o(i.APP_ErrorHandler)
    i.APP_SystemClockConfig                  0x08000208   Section        0  config.o(i.APP_SystemClockConfig)
    APP_SystemClockConfig                    0x08000209   Thumb Code    98  config.o(i.APP_SystemClockConfig)
    i.DelayTime                              0x08000270   Section        0  system_py32f002b.o(i.DelayTime)
    DelayTime                                0x08000271   Thumb Code    24  system_py32f002b.o(i.DelayTime)
    i.EXTI2_3_IRQHandler                     0x0800028c   Section        0  py32f002b_it.o(i.EXTI2_3_IRQHandler)
    i.HAL_GPIO_EXTI_Callback                 0x08000296   Section        0  py32f002b_hal_gpio.o(i.HAL_GPIO_EXTI_Callback)
    i.HAL_GPIO_EXTI_IRQHandler               0x08000298   Section        0  py32f002b_hal_gpio.o(i.HAL_GPIO_EXTI_IRQHandler)
    i.HAL_GPIO_Init                          0x080002b8   Section        0  py32f002b_hal_gpio.o(i.HAL_GPIO_Init)
    i.HAL_GetTick                            0x0800046c   Section        0  py32f002b_hal.o(i.HAL_GetTick)
    i.HAL_I2C_AbortCpltCallback              0x08000478   Section        0  py32f002b_hal_i2c.o(i.HAL_I2C_AbortCpltCallback)
    i.HAL_I2C_AddrCallback                   0x0800047c   Section        0  iic.o(i.HAL_I2C_AddrCallback)
    i.HAL_I2C_DeInit                         0x080004ac   Section        0  py32f002b_hal_i2c.o(i.HAL_I2C_DeInit)
    i.HAL_I2C_ER_IRQHandler                  0x080004f0   Section        0  py32f002b_hal_i2c.o(i.HAL_I2C_ER_IRQHandler)
    i.HAL_I2C_EV_IRQHandler                  0x08000610   Section        0  py32f002b_hal_i2c.o(i.HAL_I2C_EV_IRQHandler)
    i.HAL_I2C_EnableListen_IT                0x08000850   Section        0  py32f002b_hal_i2c.o(i.HAL_I2C_EnableListen_IT)
    i.HAL_I2C_ErrorCallback                  0x0800089c   Section        0  iic.o(i.HAL_I2C_ErrorCallback)
    i.HAL_I2C_Init                           0x080008c8   Section        0  py32f002b_hal_i2c.o(i.HAL_I2C_Init)
    i.HAL_I2C_ListenCpltCallback             0x08000a7c   Section        0  iic.o(i.HAL_I2C_ListenCpltCallback)
    i.HAL_I2C_MasterRxCpltCallback           0x08000a98   Section        0  py32f002b_hal_i2c.o(i.HAL_I2C_MasterRxCpltCallback)
    i.HAL_I2C_MasterTxCpltCallback           0x08000a9a   Section        0  py32f002b_hal_i2c.o(i.HAL_I2C_MasterTxCpltCallback)
    i.HAL_I2C_MemRxCpltCallback              0x08000a9c   Section        0  py32f002b_hal_i2c.o(i.HAL_I2C_MemRxCpltCallback)
    i.HAL_I2C_MemTxCpltCallback              0x08000a9e   Section        0  py32f002b_hal_i2c.o(i.HAL_I2C_MemTxCpltCallback)
    i.HAL_I2C_MspDeInit                      0x08000aa0   Section        0  py32f002b_hal_i2c.o(i.HAL_I2C_MspDeInit)
    i.HAL_I2C_MspInit                        0x08000aa2   Section        0  py32f002b_hal_i2c.o(i.HAL_I2C_MspInit)
    i.HAL_I2C_SlaveRxCpltCallback            0x08000aa4   Section        0  iic.o(i.HAL_I2C_SlaveRxCpltCallback)
    i.HAL_I2C_SlaveTxCpltCallback            0x08000abc   Section        0  py32f002b_hal_i2c.o(i.HAL_I2C_SlaveTxCpltCallback)
    i.HAL_I2C_Slave_Seq_Receive_IT           0x08000abe   Section        0  py32f002b_hal_i2c.o(i.HAL_I2C_Slave_Seq_Receive_IT)
    i.HAL_I2C_Slave_Seq_Transmit_IT          0x08000b62   Section        0  py32f002b_hal_i2c.o(i.HAL_I2C_Slave_Seq_Transmit_IT)
    i.HAL_IWDG_Init                          0x08000c04   Section        0  py32f002b_hal_iwdg.o(i.HAL_IWDG_Init)
    i.HAL_IncTick                            0x08000c5c   Section        0  py32f002b_hal.o(i.HAL_IncTick)
    i.HAL_Init                               0x08000c74   Section        0  py32f002b_hal.o(i.HAL_Init)
    i.HAL_InitTick                           0x08000c90   Section        0  py32f002b_hal.o(i.HAL_InitTick)
    i.HAL_LPTIM_AutoReloadMatchCallback      0x08000cf0   Section        0  py32f002b_hal_lptim.o(i.HAL_LPTIM_AutoReloadMatchCallback)
    i.HAL_LPTIM_AutoReloadUpdateCompletedCallback 0x08000cf2   Section        0  py32f002b_hal_lptim.o(i.HAL_LPTIM_AutoReloadUpdateCompletedCallback)
    i.HAL_LPTIM_IRQHandler                   0x08000cf4   Section        0  py32f002b_hal_lptim.o(i.HAL_LPTIM_IRQHandler)
    i.HAL_LPTIM_Init                         0x08000d48   Section        0  py32f002b_hal_lptim.o(i.HAL_LPTIM_Init)
    i.HAL_LPTIM_MspInit                      0x08000d88   Section        0  py32f002b_hal_lptim.o(i.HAL_LPTIM_MspInit)
    i.HAL_LPTIM_SetContinue_Start_IT         0x08000d8a   Section        0  py32f002b_hal_lptim.o(i.HAL_LPTIM_SetContinue_Start_IT)
    i.HAL_MspInit                            0x08000dc0   Section        0  py32f002b_hal_msp.o(i.HAL_MspInit)
    i.HAL_NVIC_EnableIRQ                     0x08000ea0   Section        0  py32f002b_hal_cortex.o(i.HAL_NVIC_EnableIRQ)
    i.HAL_NVIC_SetPriority                   0x08000eb8   Section        0  py32f002b_hal_cortex.o(i.HAL_NVIC_SetPriority)
    i.HAL_PWR_EnterSTOPMode                  0x08000ecc   Section        0  py32f002b_hal_pwr.o(i.HAL_PWR_EnterSTOPMode)
    i.HAL_RCCEx_PeriphCLKConfig              0x08000f0c   Section        0  py32f002b_hal_rcc_ex.o(i.HAL_RCCEx_PeriphCLKConfig)
    i.HAL_RCC_ClockConfig                    0x08000fc8   Section        0  py32f002b_hal_rcc.o(i.HAL_RCC_ClockConfig)
    i.HAL_RCC_GetHCLKFreq                    0x08001184   Section        0  py32f002b_hal_rcc.o(i.HAL_RCC_GetHCLKFreq)
    i.HAL_RCC_GetPCLK1Freq                   0x08001190   Section        0  py32f002b_hal_rcc.o(i.HAL_RCC_GetPCLK1Freq)
    i.HAL_RCC_GetSysClockFreq                0x080011b8   Section        0  py32f002b_hal_rcc.o(i.HAL_RCC_GetSysClockFreq)
    i.HAL_RCC_OscConfig                      0x08001244   Section        0  py32f002b_hal_rcc.o(i.HAL_RCC_OscConfig)
    i.HAL_ResumeTick                         0x0800167c   Section        0  py32f002b_hal.o(i.HAL_ResumeTick)
    i.HAL_SYSTICK_Config                     0x08001690   Section        0  py32f002b_hal_cortex.o(i.HAL_SYSTICK_Config)
    i.HAL_SuspendTick                        0x080016c8   Section        0  py32f002b_hal.o(i.HAL_SuspendTick)
    i.HAL_TIMEx_BreakCallback                0x080016dc   Section        0  py32f002b_hal_tim_ex.o(i.HAL_TIMEx_BreakCallback)
    i.HAL_TIMEx_CommutCallback               0x080016de   Section        0  py32f002b_hal_tim_ex.o(i.HAL_TIMEx_CommutCallback)
    i.HAL_TIM_Base_Init                      0x080016e0   Section        0  py32f002b_hal_tim.o(i.HAL_TIM_Base_Init)
    i.HAL_TIM_Base_MspInit                   0x0800170e   Section        0  py32f002b_hal_tim.o(i.HAL_TIM_Base_MspInit)
    i.HAL_TIM_Base_Start_IT                  0x08001710   Section        0  py32f002b_hal_tim.o(i.HAL_TIM_Base_Start_IT)
    i.HAL_TIM_IC_CaptureCallback             0x0800173a   Section        0  py32f002b_hal_tim.o(i.HAL_TIM_IC_CaptureCallback)
    i.HAL_TIM_IRQHandler                     0x0800173c   Section        0  py32f002b_hal_tim.o(i.HAL_TIM_IRQHandler)
    i.HAL_TIM_OC_DelayElapsedCallback        0x08001904   Section        0  py32f002b_hal_tim.o(i.HAL_TIM_OC_DelayElapsedCallback)
    i.HAL_TIM_PWM_PulseFinishedCallback      0x08001906   Section        0  py32f002b_hal_tim.o(i.HAL_TIM_PWM_PulseFinishedCallback)
    i.HAL_TIM_PeriodElapsedCallback          0x08001908   Section        0  py32f002b_hal_tim.o(i.HAL_TIM_PeriodElapsedCallback)
    i.HAL_TIM_TriggerCallback                0x0800190a   Section        0  py32f002b_hal_tim.o(i.HAL_TIM_TriggerCallback)
    i.HardFault_Handler                      0x0800190c   Section        0  py32f002b_it.o(i.HardFault_Handler)
    i.I2C1_IRQHandler                        0x08001910   Section        0  py32f002b_it.o(i.I2C1_IRQHandler)
    i.I2C_ConvertOtherXferOptions            0x08001924   Section        0  py32f002b_hal_i2c.o(i.I2C_ConvertOtherXferOptions)
    I2C_ConvertOtherXferOptions              0x08001925   Thumb Code    32  py32f002b_hal_i2c.o(i.I2C_ConvertOtherXferOptions)
    i.I2C_ITError                            0x08001944   Section        0  py32f002b_hal_i2c.o(i.I2C_ITError)
    I2C_ITError                              0x08001945   Thumb Code   234  py32f002b_hal_i2c.o(i.I2C_ITError)
    i.I2C_MasterReceive_BTF                  0x08001a34   Section        0  py32f002b_hal_i2c.o(i.I2C_MasterReceive_BTF)
    I2C_MasterReceive_BTF                    0x08001a35   Thumb Code   310  py32f002b_hal_i2c.o(i.I2C_MasterReceive_BTF)
    i.I2C_MasterReceive_RXNE                 0x08001b6a   Section        0  py32f002b_hal_i2c.o(i.I2C_MasterReceive_RXNE)
    I2C_MasterReceive_RXNE                   0x08001b6b   Thumb Code   174  py32f002b_hal_i2c.o(i.I2C_MasterReceive_RXNE)
    i.I2C_MasterTransmit_BTF                 0x08001c18   Section        0  py32f002b_hal_i2c.o(i.I2C_MasterTransmit_BTF)
    I2C_MasterTransmit_BTF                   0x08001c19   Thumb Code   168  py32f002b_hal_i2c.o(i.I2C_MasterTransmit_BTF)
    i.I2C_MasterTransmit_TXE                 0x08001cc4   Section        0  py32f002b_hal_i2c.o(i.I2C_MasterTransmit_TXE)
    I2C_MasterTransmit_TXE                   0x08001cc5   Thumb Code   346  py32f002b_hal_i2c.o(i.I2C_MasterTransmit_TXE)
    i.I2C_Master_ADD10                       0x08001e24   Section        0  py32f002b_hal_i2c.o(i.I2C_Master_ADD10)
    I2C_Master_ADD10                         0x08001e25   Thumb Code    10  py32f002b_hal_i2c.o(i.I2C_Master_ADD10)
    i.I2C_Master_ADDR                        0x08001e30   Section        0  py32f002b_hal_i2c.o(i.I2C_Master_ADDR)
    I2C_Master_ADDR                          0x08001e31   Thumb Code   462  py32f002b_hal_i2c.o(i.I2C_Master_ADDR)
    i.I2C_Master_SB                          0x08002004   Section        0  py32f002b_hal_i2c.o(i.I2C_Master_SB)
    I2C_Master_SB                            0x08002005   Thumb Code    74  py32f002b_hal_i2c.o(i.I2C_Master_SB)
    i.I2C_SlaveReceive_BTF                   0x0800204e   Section        0  py32f002b_hal_i2c.o(i.I2C_SlaveReceive_BTF)
    I2C_SlaveReceive_BTF                     0x0800204f   Thumb Code    28  py32f002b_hal_i2c.o(i.I2C_SlaveReceive_BTF)
    i.I2C_SlaveReceive_RXNE                  0x0800206a   Section        0  py32f002b_hal_i2c.o(i.I2C_SlaveReceive_RXNE)
    I2C_SlaveReceive_RXNE                    0x0800206b   Thumb Code    76  py32f002b_hal_i2c.o(i.I2C_SlaveReceive_RXNE)
    i.I2C_SlaveTransmit_BTF                  0x080020b6   Section        0  py32f002b_hal_i2c.o(i.I2C_SlaveTransmit_BTF)
    I2C_SlaveTransmit_BTF                    0x080020b7   Thumb Code    28  py32f002b_hal_i2c.o(i.I2C_SlaveTransmit_BTF)
    i.I2C_SlaveTransmit_TXE                  0x080020d2   Section        0  py32f002b_hal_i2c.o(i.I2C_SlaveTransmit_TXE)
    I2C_SlaveTransmit_TXE                    0x080020d3   Thumb Code    76  py32f002b_hal_i2c.o(i.I2C_SlaveTransmit_TXE)
    i.I2C_Slave_ADDR                         0x0800211e   Section        0  py32f002b_hal_i2c.o(i.I2C_Slave_ADDR)
    I2C_Slave_ADDR                           0x0800211f   Thumb Code    90  py32f002b_hal_i2c.o(i.I2C_Slave_ADDR)
    i.I2C_Slave_AF                           0x08002178   Section        0  py32f002b_hal_i2c.o(i.I2C_Slave_AF)
    I2C_Slave_AF                             0x08002179   Thumb Code   158  py32f002b_hal_i2c.o(i.I2C_Slave_AF)
    i.I2C_Slave_STOPF                        0x08002220   Section        0  py32f002b_hal_i2c.o(i.I2C_Slave_STOPF)
    I2C_Slave_STOPF                          0x08002221   Thumb Code   316  py32f002b_hal_i2c.o(i.I2C_Slave_STOPF)
    i.IIC_Config                             0x08002360   Section        0  iic.o(i.IIC_Config)
    i.IIC_DISENABLE                          0x080023d4   Section        0  iic.o(i.IIC_DISENABLE)
    i.IIC_GPIO_Config                        0x080023f4   Section        0  iic.o(i.IIC_GPIO_Config)
    i.IIC_GPIO_Idle_Config                   0x08002464   Section        0  iic.o(i.IIC_GPIO_Idle_Config)
    i.LPTIM1_IRQHandler                      0x080024a4   Section        0  py32f002b_it.o(i.LPTIM1_IRQHandler)
    i.Low_Power_Task                         0x080024c0   Section        0  lowpower.o(i.Low_Power_Task)
    i.Lptim_Config                           0x080024fc   Section        0  lptim.o(i.Lptim_Config)
    i.NMI_Handler                            0x08002554   Section        0  py32f002b_it.o(i.NMI_Handler)
    i.NVIC_EnableIRQ                         0x08002558   Section        0  iic.o(i.NVIC_EnableIRQ)
    NVIC_EnableIRQ                           0x08002559   Thumb Code    14  iic.o(i.NVIC_EnableIRQ)
    i.NVIC_EnableIRQ                         0x0800256c   Section        0  tim.o(i.NVIC_EnableIRQ)
    NVIC_EnableIRQ                           0x0800256d   Thumb Code    14  tim.o(i.NVIC_EnableIRQ)
    i.NVIC_SetPriority                       0x08002580   Section        0  iic.o(i.NVIC_SetPriority)
    NVIC_SetPriority                         0x08002581   Thumb Code   110  iic.o(i.NVIC_SetPriority)
    i.NVIC_SetPriority                       0x080025f8   Section        0  tim.o(i.NVIC_SetPriority)
    NVIC_SetPriority                         0x080025f9   Thumb Code   110  tim.o(i.NVIC_SetPriority)
    i.NVIC_SetPriority                       0x08002670   Section        0  py32f002b_hal_cortex.o(i.NVIC_SetPriority)
    NVIC_SetPriority                         0x08002671   Thumb Code   110  py32f002b_hal_cortex.o(i.NVIC_SetPriority)
    i.PendSV_Handler                         0x080026e8   Section        0  py32f002b_it.o(i.PendSV_Handler)
    i.RX_Handler                             0x080026ec   Section        0  iic.o(i.RX_Handler)
    i.SVC_Handler                            0x080027a8   Section        0  py32f002b_it.o(i.SVC_Handler)
    i.SysTick_Handler                        0x080027aa   Section        0  py32f002b_it.o(i.SysTick_Handler)
    i.SystemInit                             0x080027b4   Section        0  system_py32f002b.o(i.SystemInit)
    i.TIM14_IRQHandler                       0x08002800   Section        0  py32f002b_it.o(i.TIM14_IRQHandler)
    i.TIM1_BRK_UP_TRG_COM_IRQHandler         0x0800281c   Section        0  py32f002b_it.o(i.TIM1_BRK_UP_TRG_COM_IRQHandler)
    i.TIM_Base_SetConfig                     0x08002838   Section        0  py32f002b_hal_tim.o(i.TIM_Base_SetConfig)
    i.Task                                   0x08002898   Section        0  task.o(i.Task)
    i.Tim14_Config                           0x080028e0   Section        0  tim.o(i.Tim14_Config)
    i.Tim1_Config                            0x08002924   Section        0  tim.o(i.Tim1_Config)
    i.Time_test_gpio                         0x0800296c   Section        0  task.o(i.Time_test_gpio)
    i.Time_test_task                         0x08002998   Section        0  task.o(i.Time_test_task)
    i.Wdt_Config                             0x080029b8   Section        0  wdt.o(i.Wdt_Config)
    i.__scatterload_copy                     0x080029dc   Section       14  handlers.o(i.__scatterload_copy)
    i.__scatterload_null                     0x080029ea   Section        2  handlers.o(i.__scatterload_null)
    i.__scatterload_zeroinit                 0x080029ec   Section       14  handlers.o(i.__scatterload_zeroinit)
    i.main                                   0x080029fa   Section        0  main.o(i.main)
    .constdata                               0x08002a08   Section      128  system_py32f002b.o(.constdata)
    .constdata                               0x08002a88   Section       86  iic.o(.constdata)
    reg00                                    0x08002a88   Data           1  iic.o(.constdata)
    reg03                                    0x08002a89   Data           1  iic.o(.constdata)
    reg05                                    0x08002a8a   Data           1  iic.o(.constdata)
    reg06                                    0x08002a8b   Data           1  iic.o(.constdata)
    reg08                                    0x08002a8c   Data           1  iic.o(.constdata)
    reg0b                                    0x08002a8d   Data           1  iic.o(.constdata)
    manufacturerAccess                       0x08002a8e   Data          80  iic.o(.constdata)
    .constdata                               0x08002ae0   Section       32  py32f002b_hal_rcc.o(.constdata)
    .data                                    0x20000000   Section        4  system_py32f002b.o(.data)
    .data                                    0x20000004   Section      692  iic.o(.data)
    iic_slave                                0x20000008   Data         688  iic.o(.data)
    .data                                    0x200002b8   Section       15  task.o(.data)
    .data                                    0x200002c8   Section       12  py32f002b_hal.o(.data)
    .bss                                     0x200002d4   Section       64  iic.o(.bss)
    .bss                                     0x20000314   Section       16  lptim.o(.bss)
    .bss                                     0x20000324   Section       12  wdt.o(.bss)
    .bss                                     0x20000330   Section       64  tim.o(.bss)
    STACK                                    0x20000370   Section     1024  startup_py32f002bxx.o(STACK)

    Global Symbols

    Symbol Name                              Value     Ov Type        Size  Object(Section)

    BuildAttributes$$THM_ISAv3M$S$PE$A:L22$X:L11$S22$IEEE1$IW$USESV6$~STKCKD$USESV7$~SHL$OSPACE$EBA8$MICROLIB$REQ8$PRES8$EABIv2 0x00000000   Number         0  anon$$obj.o ABSOLUTE
    __ARM_use_no_argv                        0x00000000   Number         0  main.o ABSOLUTE
    __cpp_initialize__aeabi_                  - Undefined Weak Reference
    __cxa_finalize                            - Undefined Weak Reference
    _clock_init                               - Undefined Weak Reference
    _microlib_exit                            - Undefined Weak Reference
    __Vectors_Size                           0x000000c0   Number         0  startup_py32f002bxx.o ABSOLUTE
    __Vectors                                0x08000000   Data           4  startup_py32f002bxx.o(RESET)
    __Vectors_End                            0x080000c0   Data           0  startup_py32f002bxx.o(RESET)
    __main                                   0x080000c1   Thumb Code     0  entry.o(.ARM.Collect$$$$00000000)
    _main_stk                                0x080000c1   Thumb Code     0  entry2.o(.ARM.Collect$$$$00000001)
    _main_scatterload                        0x080000c5   Thumb Code     0  entry5.o(.ARM.Collect$$$$00000004)
    __main_after_scatterload                 0x080000c9   Thumb Code     0  entry5.o(.ARM.Collect$$$$00000004)
    _main_clock                              0x080000c9   Thumb Code     0  entry7b.o(.ARM.Collect$$$$00000008)
    _main_cpp_init                           0x080000c9   Thumb Code     0  entry8b.o(.ARM.Collect$$$$0000000A)
    _main_init                               0x080000c9   Thumb Code     0  entry9a.o(.ARM.Collect$$$$0000000B)
    __rt_final_cpp                           0x080000d1   Thumb Code     0  entry10a.o(.ARM.Collect$$$$0000000D)
    __rt_final_exit                          0x080000d1   Thumb Code     0  entry11a.o(.ARM.Collect$$$$0000000F)
    Reset_Handler                            0x080000d5   Thumb Code     8  startup_py32f002bxx.o(.text)
    ADC_COMP_IRQHandler                      0x080000e7   Thumb Code     0  startup_py32f002bxx.o(.text)
    EXTI0_1_IRQHandler                       0x080000e7   Thumb Code     0  startup_py32f002bxx.o(.text)
    EXTI4_15_IRQHandler                      0x080000e7   Thumb Code     0  startup_py32f002bxx.o(.text)
    FLASH_IRQHandler                         0x080000e7   Thumb Code     0  startup_py32f002bxx.o(.text)
    RCC_IRQHandler                           0x080000e7   Thumb Code     0  startup_py32f002bxx.o(.text)
    SPI1_IRQHandler                          0x080000e7   Thumb Code     0  startup_py32f002bxx.o(.text)
    TIM1_CC_IRQHandler                       0x080000e7   Thumb Code     0  startup_py32f002bxx.o(.text)
    USART1_IRQHandler                        0x080000e7   Thumb Code     0  startup_py32f002bxx.o(.text)
    __aeabi_uidiv                            0x080000f1   Thumb Code     0  uidiv.o(.text)
    __aeabi_uidivmod                         0x080000f1   Thumb Code    44  uidiv.o(.text)
    __aeabi_memcpy                           0x0800011d   Thumb Code    36  memcpya.o(.text)
    __aeabi_memcpy4                          0x0800011d   Thumb Code     0  memcpya.o(.text)
    __aeabi_memcpy8                          0x0800011d   Thumb Code     0  memcpya.o(.text)
    __aeabi_memset                           0x08000141   Thumb Code    14  memseta.o(.text)
    __aeabi_memset4                          0x08000141   Thumb Code     0  memseta.o(.text)
    __aeabi_memset8                          0x08000141   Thumb Code     0  memseta.o(.text)
    __aeabi_memclr                           0x0800014f   Thumb Code     4  memseta.o(.text)
    __aeabi_memclr4                          0x0800014f   Thumb Code     0  memseta.o(.text)
    __aeabi_memclr8                          0x0800014f   Thumb Code     0  memseta.o(.text)
    _memset$wrapper                          0x08000153   Thumb Code    18  memseta.o(.text)
    __scatterload                            0x08000165   Thumb Code    28  init.o(.text)
    __scatterload_rt2                        0x08000165   Thumb Code     0  init.o(.text)
    __decompress                             0x08000189   Thumb Code     0  __dczerorl2.o(.text)
    __decompress1                            0x08000189   Thumb Code    86  __dczerorl2.o(.text)
    ALL_Config                               0x080001df   Thumb Code    36  config.o(i.ALL_Config)
    APP_ErrorHandler                         0x08000203   Thumb Code     4  main.o(i.APP_ErrorHandler)
    EXTI2_3_IRQHandler                       0x0800028d   Thumb Code    10  py32f002b_it.o(i.EXTI2_3_IRQHandler)
    HAL_GPIO_EXTI_Callback                   0x08000297   Thumb Code     2  py32f002b_hal_gpio.o(i.HAL_GPIO_EXTI_Callback)
    HAL_GPIO_EXTI_IRQHandler                 0x08000299   Thumb Code    26  py32f002b_hal_gpio.o(i.HAL_GPIO_EXTI_IRQHandler)
    HAL_GPIO_Init                            0x080002b9   Thumb Code   428  py32f002b_hal_gpio.o(i.HAL_GPIO_Init)
    HAL_GetTick                              0x0800046d   Thumb Code     6  py32f002b_hal.o(i.HAL_GetTick)
    HAL_I2C_AbortCpltCallback                0x08000479   Thumb Code     2  py32f002b_hal_i2c.o(i.HAL_I2C_AbortCpltCallback)
    HAL_I2C_AddrCallback                     0x0800047d   Thumb Code    34  iic.o(i.HAL_I2C_AddrCallback)
    HAL_I2C_DeInit                           0x080004ad   Thumb Code    66  py32f002b_hal_i2c.o(i.HAL_I2C_DeInit)
    HAL_I2C_ER_IRQHandler                    0x080004f1   Thumb Code   274  py32f002b_hal_i2c.o(i.HAL_I2C_ER_IRQHandler)
    HAL_I2C_EV_IRQHandler                    0x08000611   Thumb Code   576  py32f002b_hal_i2c.o(i.HAL_I2C_EV_IRQHandler)
    HAL_I2C_EnableListen_IT                  0x08000851   Thumb Code    76  py32f002b_hal_i2c.o(i.HAL_I2C_EnableListen_IT)
    HAL_I2C_ErrorCallback                    0x0800089d   Thumb Code    32  iic.o(i.HAL_I2C_ErrorCallback)
    HAL_I2C_Init                             0x080008c9   Thumb Code   414  py32f002b_hal_i2c.o(i.HAL_I2C_Init)
    HAL_I2C_ListenCpltCallback               0x08000a7d   Thumb Code    20  iic.o(i.HAL_I2C_ListenCpltCallback)
    HAL_I2C_MasterRxCpltCallback             0x08000a99   Thumb Code     2  py32f002b_hal_i2c.o(i.HAL_I2C_MasterRxCpltCallback)
    HAL_I2C_MasterTxCpltCallback             0x08000a9b   Thumb Code     2  py32f002b_hal_i2c.o(i.HAL_I2C_MasterTxCpltCallback)
    HAL_I2C_MemRxCpltCallback                0x08000a9d   Thumb Code     2  py32f002b_hal_i2c.o(i.HAL_I2C_MemRxCpltCallback)
    HAL_I2C_MemTxCpltCallback                0x08000a9f   Thumb Code     2  py32f002b_hal_i2c.o(i.HAL_I2C_MemTxCpltCallback)
    HAL_I2C_MspDeInit                        0x08000aa1   Thumb Code     2  py32f002b_hal_i2c.o(i.HAL_I2C_MspDeInit)
    HAL_I2C_MspInit                          0x08000aa3   Thumb Code     2  py32f002b_hal_i2c.o(i.HAL_I2C_MspInit)
    HAL_I2C_SlaveRxCpltCallback              0x08000aa5   Thumb Code    18  iic.o(i.HAL_I2C_SlaveRxCpltCallback)
    HAL_I2C_SlaveTxCpltCallback              0x08000abd   Thumb Code     2  py32f002b_hal_i2c.o(i.HAL_I2C_SlaveTxCpltCallback)
    HAL_I2C_Slave_Seq_Receive_IT             0x08000abf   Thumb Code   164  py32f002b_hal_i2c.o(i.HAL_I2C_Slave_Seq_Receive_IT)
    HAL_I2C_Slave_Seq_Transmit_IT            0x08000b63   Thumb Code   162  py32f002b_hal_i2c.o(i.HAL_I2C_Slave_Seq_Transmit_IT)
    HAL_IWDG_Init                            0x08000c05   Thumb Code    76  py32f002b_hal_iwdg.o(i.HAL_IWDG_Init)
    HAL_IncTick                              0x08000c5d   Thumb Code    16  py32f002b_hal.o(i.HAL_IncTick)
    HAL_Init                                 0x08000c75   Thumb Code    26  py32f002b_hal.o(i.HAL_Init)
    HAL_InitTick                             0x08000c91   Thumb Code    82  py32f002b_hal.o(i.HAL_InitTick)
    HAL_LPTIM_AutoReloadMatchCallback        0x08000cf1   Thumb Code     2  py32f002b_hal_lptim.o(i.HAL_LPTIM_AutoReloadMatchCallback)
    HAL_LPTIM_AutoReloadUpdateCompletedCallback 0x08000cf3   Thumb Code     2  py32f002b_hal_lptim.o(i.HAL_LPTIM_AutoReloadUpdateCompletedCallback)
    HAL_LPTIM_IRQHandler                     0x08000cf5   Thumb Code    82  py32f002b_hal_lptim.o(i.HAL_LPTIM_IRQHandler)
    HAL_LPTIM_Init                           0x08000d49   Thumb Code    58  py32f002b_hal_lptim.o(i.HAL_LPTIM_Init)
    HAL_LPTIM_MspInit                        0x08000d89   Thumb Code     2  py32f002b_hal_lptim.o(i.HAL_LPTIM_MspInit)
    HAL_LPTIM_SetContinue_Start_IT           0x08000d8b   Thumb Code    54  py32f002b_hal_lptim.o(i.HAL_LPTIM_SetContinue_Start_IT)
    HAL_MspInit                              0x08000dc1   Thumb Code   220  py32f002b_hal_msp.o(i.HAL_MspInit)
    HAL_NVIC_EnableIRQ                       0x08000ea1   Thumb Code    18  py32f002b_hal_cortex.o(i.HAL_NVIC_EnableIRQ)
    HAL_NVIC_SetPriority                     0x08000eb9   Thumb Code    18  py32f002b_hal_cortex.o(i.HAL_NVIC_SetPriority)
    HAL_PWR_EnterSTOPMode                    0x08000ecd   Thumb Code    56  py32f002b_hal_pwr.o(i.HAL_PWR_EnterSTOPMode)
    HAL_RCCEx_PeriphCLKConfig                0x08000f0d   Thumb Code   182  py32f002b_hal_rcc_ex.o(i.HAL_RCCEx_PeriphCLKConfig)
    HAL_RCC_ClockConfig                      0x08000fc9   Thumb Code   418  py32f002b_hal_rcc.o(i.HAL_RCC_ClockConfig)
    HAL_RCC_GetHCLKFreq                      0x08001185   Thumb Code     6  py32f002b_hal_rcc.o(i.HAL_RCC_GetHCLKFreq)
    HAL_RCC_GetPCLK1Freq                     0x08001191   Thumb Code    32  py32f002b_hal_rcc.o(i.HAL_RCC_GetPCLK1Freq)
    HAL_RCC_GetSysClockFreq                  0x080011b9   Thumb Code   126  py32f002b_hal_rcc.o(i.HAL_RCC_GetSysClockFreq)
    HAL_RCC_OscConfig                        0x08001245   Thumb Code  1076  py32f002b_hal_rcc.o(i.HAL_RCC_OscConfig)
    HAL_ResumeTick                           0x0800167d   Thumb Code    14  py32f002b_hal.o(i.HAL_ResumeTick)
    HAL_SYSTICK_Config                       0x08001691   Thumb Code    46  py32f002b_hal_cortex.o(i.HAL_SYSTICK_Config)
    HAL_SuspendTick                          0x080016c9   Thumb Code    14  py32f002b_hal.o(i.HAL_SuspendTick)
    HAL_TIMEx_BreakCallback                  0x080016dd   Thumb Code     2  py32f002b_hal_tim_ex.o(i.HAL_TIMEx_BreakCallback)
    HAL_TIMEx_CommutCallback                 0x080016df   Thumb Code     2  py32f002b_hal_tim_ex.o(i.HAL_TIMEx_CommutCallback)
    HAL_TIM_Base_Init                        0x080016e1   Thumb Code    46  py32f002b_hal_tim.o(i.HAL_TIM_Base_Init)
    HAL_TIM_Base_MspInit                     0x0800170f   Thumb Code     2  py32f002b_hal_tim.o(i.HAL_TIM_Base_MspInit)
    HAL_TIM_Base_Start_IT                    0x08001711   Thumb Code    42  py32f002b_hal_tim.o(i.HAL_TIM_Base_Start_IT)
    HAL_TIM_IC_CaptureCallback               0x0800173b   Thumb Code     2  py32f002b_hal_tim.o(i.HAL_TIM_IC_CaptureCallback)
    HAL_TIM_IRQHandler                       0x0800173d   Thumb Code   456  py32f002b_hal_tim.o(i.HAL_TIM_IRQHandler)
    HAL_TIM_OC_DelayElapsedCallback          0x08001905   Thumb Code     2  py32f002b_hal_tim.o(i.HAL_TIM_OC_DelayElapsedCallback)
    HAL_TIM_PWM_PulseFinishedCallback        0x08001907   Thumb Code     2  py32f002b_hal_tim.o(i.HAL_TIM_PWM_PulseFinishedCallback)
    HAL_TIM_PeriodElapsedCallback            0x08001909   Thumb Code     2  py32f002b_hal_tim.o(i.HAL_TIM_PeriodElapsedCallback)
    HAL_TIM_TriggerCallback                  0x0800190b   Thumb Code     2  py32f002b_hal_tim.o(i.HAL_TIM_TriggerCallback)
    HardFault_Handler                        0x0800190d   Thumb Code     4  py32f002b_it.o(i.HardFault_Handler)
    I2C1_IRQHandler                          0x08001911   Thumb Code    16  py32f002b_it.o(i.I2C1_IRQHandler)
    IIC_Config                               0x08002361   Thumb Code   100  iic.o(i.IIC_Config)
    IIC_DISENABLE                            0x080023d5   Thumb Code    24  iic.o(i.IIC_DISENABLE)
    IIC_GPIO_Config                          0x080023f5   Thumb Code   104  iic.o(i.IIC_GPIO_Config)
    IIC_GPIO_Idle_Config                     0x08002465   Thumb Code    56  iic.o(i.IIC_GPIO_Idle_Config)
    LPTIM1_IRQHandler                        0x080024a5   Thumb Code    20  py32f002b_it.o(i.LPTIM1_IRQHandler)
    Low_Power_Task                           0x080024c1   Thumb Code    56  lowpower.o(i.Low_Power_Task)
    Lptim_Config                             0x080024fd   Thumb Code    78  lptim.o(i.Lptim_Config)
    NMI_Handler                              0x08002555   Thumb Code     2  py32f002b_it.o(i.NMI_Handler)
    PendSV_Handler                           0x080026e9   Thumb Code     2  py32f002b_it.o(i.PendSV_Handler)
    RX_Handler                               0x080026ed   Thumb Code   166  iic.o(i.RX_Handler)
    SVC_Handler                              0x080027a9   Thumb Code     2  py32f002b_it.o(i.SVC_Handler)
    SysTick_Handler                          0x080027ab   Thumb Code     8  py32f002b_it.o(i.SysTick_Handler)
    SystemInit                               0x080027b5   Thumb Code    60  system_py32f002b.o(i.SystemInit)
    TIM14_IRQHandler                         0x08002801   Thumb Code    20  py32f002b_it.o(i.TIM14_IRQHandler)
    TIM1_BRK_UP_TRG_COM_IRQHandler           0x0800281d   Thumb Code    20  py32f002b_it.o(i.TIM1_BRK_UP_TRG_COM_IRQHandler)
    TIM_Base_SetConfig                       0x08002839   Thumb Code    86  py32f002b_hal_tim.o(i.TIM_Base_SetConfig)
    Task                                     0x08002899   Thumb Code    64  task.o(i.Task)
    Tim14_Config                             0x080028e1   Thumb Code    58  tim.o(i.Tim14_Config)
    Tim1_Config                              0x08002925   Thumb Code    58  tim.o(i.Tim1_Config)
    Time_test_gpio                           0x0800296d   Thumb Code    38  task.o(i.Time_test_gpio)
    Time_test_task                           0x08002999   Thumb Code    28  task.o(i.Time_test_task)
    Wdt_Config                               0x080029b9   Thumb Code    26  wdt.o(i.Wdt_Config)
    __scatterload_copy                       0x080029dd   Thumb Code    14  handlers.o(i.__scatterload_copy)
    __scatterload_null                       0x080029eb   Thumb Code     2  handlers.o(i.__scatterload_null)
    __scatterload_zeroinit                   0x080029ed   Thumb Code    14  handlers.o(i.__scatterload_zeroinit)
    main                                     0x080029fb   Thumb Code    14  main.o(i.main)
    AHBPrescTable                            0x08002a08   Data          64  system_py32f002b.o(.constdata)
    APBPrescTable                            0x08002a48   Data          32  system_py32f002b.o(.constdata)
    HSIFreqTable                             0x08002a68   Data          32  system_py32f002b.o(.constdata)
    Region$$Table$$Base                      0x08002b00   Number         0  anon$$obj.o(Region$$Table)
    Region$$Table$$Limit                     0x08002b20   Number         0  anon$$obj.o(Region$$Table)
    SystemCoreClock                          0x20000000   Data           4  system_py32f002b.o(.data)
    reg_adr                                  0x20000004   Data           1  iic.o(.data)
    Lptimes                                  0x200002b8   Data           4  task.o(.data)
    Ms_Times                                 0x200002bc   Data           4  task.o(.data)
    Us_Times                                 0x200002c0   Data           4  task.o(.data)
    IIC_Restart                              0x200002c4   Data           1  task.o(.data)
    I2C_Noack                                0x200002c5   Data           1  task.o(.data)
    Stop_sta                                 0x200002c6   Data           1  task.o(.data)
    uwTick                                   0x200002c8   Data           4  py32f002b_hal.o(.data)
    uwTickPrio                               0x200002cc   Data           4  py32f002b_hal.o(.data)
    uwTickFreq                               0x200002d0   Data           4  py32f002b_hal.o(.data)
    I2cHandle                                0x200002d4   Data          64  iic.o(.bss)
    LPTIMConf                                0x20000314   Data          16  lptim.o(.bss)
    IwdgHandle                               0x20000324   Data          12  wdt.o(.bss)
    Tim1_Handle                              0x20000330   Data          32  tim.o(.bss)
    Tim14_Handle                             0x20000350   Data          32  tim.o(.bss)
    __initial_sp                             0x20000770   Data           0  startup_py32f002bxx.o(STACK)



==============================================================================

Memory Map of the image

  Image Entry point : 0x080000c1

  Load Region LR_IROM1 (Base: 0x08000000, Size: 0x00002df4, Max: 0x00006000, ABSOLUTE, COMPRESSED[0x00002d30])

    Execution Region ER_IROM1 (Exec base: 0x08000000, Load base: 0x08000000, Size: 0x00002b20, Max: 0x00006000, ABSOLUTE)

    Exec Addr    Load Addr    Size         Type   Attr      Idx    E Section Name        Object

    0x08000000   0x08000000   0x000000c0   Data   RO            3    RESET               startup_py32f002bxx.o
    0x080000c0   0x080000c0   0x00000000   Code   RO         2823  * .ARM.Collect$$$$00000000  mc_p.l(entry.o)
    0x080000c0   0x080000c0   0x00000004   Code   RO         2834    .ARM.Collect$$$$00000001  mc_p.l(entry2.o)
    0x080000c4   0x080000c4   0x00000004   Code   RO         2837    .ARM.Collect$$$$00000004  mc_p.l(entry5.o)
    0x080000c8   0x080000c8   0x00000000   Code   RO         2839    .ARM.Collect$$$$00000008  mc_p.l(entry7b.o)
    0x080000c8   0x080000c8   0x00000000   Code   RO         2841    .ARM.Collect$$$$0000000A  mc_p.l(entry8b.o)
    0x080000c8   0x080000c8   0x00000008   Code   RO         2842    .ARM.Collect$$$$0000000B  mc_p.l(entry9a.o)
    0x080000d0   0x080000d0   0x00000000   Code   RO         2844    .ARM.Collect$$$$0000000D  mc_p.l(entry10a.o)
    0x080000d0   0x080000d0   0x00000000   Code   RO         2846    .ARM.Collect$$$$0000000F  mc_p.l(entry11a.o)
    0x080000d0   0x080000d0   0x00000004   Code   RO         2835    .ARM.Collect$$$$00002712  mc_p.l(entry2.o)
    0x080000d4   0x080000d4   0x0000001c   Code   RO            4    .text               startup_py32f002bxx.o
    0x080000f0   0x080000f0   0x0000002c   Code   RO         2826    .text               mc_p.l(uidiv.o)
    0x0800011c   0x0800011c   0x00000024   Code   RO         2828    .text               mc_p.l(memcpya.o)
    0x08000140   0x08000140   0x00000024   Code   RO         2830    .text               mc_p.l(memseta.o)
    0x08000164   0x08000164   0x00000024   Code   RO         2848    .text               mc_p.l(init.o)
    0x08000188   0x08000188   0x00000056   Code   RO         2858    .text               mc_p.l(__dczerorl2.o)
    0x080001de   0x080001de   0x00000024   Code   RO          440    i.ALL_Config        config.o
    0x08000202   0x08000202   0x00000004   Code   RO          126    i.APP_ErrorHandler  main.o
    0x08000206   0x08000206   0x00000002   PAD
    0x08000208   0x08000208   0x00000068   Code   RO          441    i.APP_SystemClockConfig  config.o
    0x08000270   0x08000270   0x0000001c   Code   RO           12    i.DelayTime         system_py32f002b.o
    0x0800028c   0x0800028c   0x0000000a   Code   RO          200    i.EXTI2_3_IRQHandler  py32f002b_it.o
    0x08000296   0x08000296   0x00000002   Code   RO          907    i.HAL_GPIO_EXTI_Callback  py32f002b_hal_gpio.o
    0x08000298   0x08000298   0x00000020   Code   RO          908    i.HAL_GPIO_EXTI_IRQHandler  py32f002b_hal_gpio.o
    0x080002b8   0x080002b8   0x000001b4   Code   RO          909    i.HAL_GPIO_Init     py32f002b_hal_gpio.o
    0x0800046c   0x0800046c   0x0000000c   Code   RO          570    i.HAL_GetTick       py32f002b_hal.o
    0x08000478   0x08000478   0x00000002   Code   RO         1409    i.HAL_I2C_AbortCpltCallback  py32f002b_hal_i2c.o
    0x0800047a   0x0800047a   0x00000002   PAD
    0x0800047c   0x0800047c   0x00000030   Code   RO          281    i.HAL_I2C_AddrCallback  iic.o
    0x080004ac   0x080004ac   0x00000042   Code   RO         1411    i.HAL_I2C_DeInit    py32f002b_hal_i2c.o
    0x080004ee   0x080004ee   0x00000002   PAD
    0x080004f0   0x080004f0   0x00000120   Code   RO         1413    i.HAL_I2C_ER_IRQHandler  py32f002b_hal_i2c.o
    0x08000610   0x08000610   0x00000240   Code   RO         1414    i.HAL_I2C_EV_IRQHandler  py32f002b_hal_i2c.o
    0x08000850   0x08000850   0x0000004c   Code   RO         1415    i.HAL_I2C_EnableListen_IT  py32f002b_hal_i2c.o
    0x0800089c   0x0800089c   0x0000002c   Code   RO          282    i.HAL_I2C_ErrorCallback  iic.o
    0x080008c8   0x080008c8   0x000001b4   Code   RO         1421    i.HAL_I2C_Init      py32f002b_hal_i2c.o
    0x08000a7c   0x08000a7c   0x0000001c   Code   RO          283    i.HAL_I2C_ListenCpltCallback  iic.o
    0x08000a98   0x08000a98   0x00000002   Code   RO         1424    i.HAL_I2C_MasterRxCpltCallback  py32f002b_hal_i2c.o
    0x08000a9a   0x08000a9a   0x00000002   Code   RO         1425    i.HAL_I2C_MasterTxCpltCallback  py32f002b_hal_i2c.o
    0x08000a9c   0x08000a9c   0x00000002   Code   RO         1433    i.HAL_I2C_MemRxCpltCallback  py32f002b_hal_i2c.o
    0x08000a9e   0x08000a9e   0x00000002   Code   RO         1434    i.HAL_I2C_MemTxCpltCallback  py32f002b_hal_i2c.o
    0x08000aa0   0x08000aa0   0x00000002   Code   RO         1439    i.HAL_I2C_MspDeInit  py32f002b_hal_i2c.o
    0x08000aa2   0x08000aa2   0x00000002   Code   RO         1440    i.HAL_I2C_MspInit   py32f002b_hal_i2c.o
    0x08000aa4   0x08000aa4   0x00000018   Code   RO          284    i.HAL_I2C_SlaveRxCpltCallback  iic.o
    0x08000abc   0x08000abc   0x00000002   Code   RO         1442    i.HAL_I2C_SlaveTxCpltCallback  py32f002b_hal_i2c.o
    0x08000abe   0x08000abe   0x000000a4   Code   RO         1445    i.HAL_I2C_Slave_Seq_Receive_IT  py32f002b_hal_i2c.o
    0x08000b62   0x08000b62   0x000000a2   Code   RO         1446    i.HAL_I2C_Slave_Seq_Transmit_IT  py32f002b_hal_i2c.o
    0x08000c04   0x08000c04   0x00000058   Code   RO         1798    i.HAL_IWDG_Init     py32f002b_hal_iwdg.o
    0x08000c5c   0x08000c5c   0x00000018   Code   RO          576    i.HAL_IncTick       py32f002b_hal.o
    0x08000c74   0x08000c74   0x0000001a   Code   RO          577    i.HAL_Init          py32f002b_hal.o
    0x08000c8e   0x08000c8e   0x00000002   PAD
    0x08000c90   0x08000c90   0x00000060   Code   RO          578    i.HAL_InitTick      py32f002b_hal.o
    0x08000cf0   0x08000cf0   0x00000002   Code   RO         1824    i.HAL_LPTIM_AutoReloadMatchCallback  py32f002b_hal_lptim.o
    0x08000cf2   0x08000cf2   0x00000002   Code   RO         1825    i.HAL_LPTIM_AutoReloadUpdateCompletedCallback  py32f002b_hal_lptim.o
    0x08000cf4   0x08000cf4   0x00000052   Code   RO         1828    i.HAL_LPTIM_IRQHandler  py32f002b_hal_lptim.o
    0x08000d46   0x08000d46   0x00000002   PAD
    0x08000d48   0x08000d48   0x00000040   Code   RO         1829    i.HAL_LPTIM_Init    py32f002b_hal_lptim.o
    0x08000d88   0x08000d88   0x00000002   Code   RO         1831    i.HAL_LPTIM_MspInit  py32f002b_hal_lptim.o
    0x08000d8a   0x08000d8a   0x00000036   Code   RO         1836    i.HAL_LPTIM_SetContinue_Start_IT  py32f002b_hal_lptim.o
    0x08000dc0   0x08000dc0   0x000000e0   Code   RO          180    i.HAL_MspInit       py32f002b_hal_msp.o
    0x08000ea0   0x08000ea0   0x00000018   Code   RO         1038    i.HAL_NVIC_EnableIRQ  py32f002b_hal_cortex.o
    0x08000eb8   0x08000eb8   0x00000012   Code   RO         1042    i.HAL_NVIC_SetPriority  py32f002b_hal_cortex.o
    0x08000eca   0x08000eca   0x00000002   PAD
    0x08000ecc   0x08000ecc   0x00000040   Code   RO          976    i.HAL_PWR_EnterSTOPMode  py32f002b_hal_pwr.o
    0x08000f0c   0x08000f0c   0x000000bc   Code   RO          866    i.HAL_RCCEx_PeriphCLKConfig  py32f002b_hal_rcc_ex.o
    0x08000fc8   0x08000fc8   0x000001bc   Code   RO          764    i.HAL_RCC_ClockConfig  py32f002b_hal_rcc.o
    0x08001184   0x08001184   0x0000000c   Code   RO          769    i.HAL_RCC_GetHCLKFreq  py32f002b_hal_rcc.o
    0x08001190   0x08001190   0x00000028   Code   RO          771    i.HAL_RCC_GetPCLK1Freq  py32f002b_hal_rcc.o
    0x080011b8   0x080011b8   0x0000008c   Code   RO          772    i.HAL_RCC_GetSysClockFreq  py32f002b_hal_rcc.o
    0x08001244   0x08001244   0x00000438   Code   RO          776    i.HAL_RCC_OscConfig  py32f002b_hal_rcc.o
    0x0800167c   0x0800167c   0x00000014   Code   RO          581    i.HAL_ResumeTick    py32f002b_hal.o
    0x08001690   0x08001690   0x00000038   Code   RO         1046    i.HAL_SYSTICK_Config  py32f002b_hal_cortex.o
    0x080016c8   0x080016c8   0x00000014   Code   RO          592    i.HAL_SuspendTick   py32f002b_hal.o
    0x080016dc   0x080016dc   0x00000002   Code   RO         2518    i.HAL_TIMEx_BreakCallback  py32f002b_hal_tim_ex.o
    0x080016de   0x080016de   0x00000002   Code   RO         2519    i.HAL_TIMEx_CommutCallback  py32f002b_hal_tim_ex.o
    0x080016e0   0x080016e0   0x0000002e   Code   RO         1968    i.HAL_TIM_Base_Init  py32f002b_hal_tim.o
    0x0800170e   0x0800170e   0x00000002   Code   RO         1970    i.HAL_TIM_Base_MspInit  py32f002b_hal_tim.o
    0x08001710   0x08001710   0x0000002a   Code   RO         1972    i.HAL_TIM_Base_Start_IT  py32f002b_hal_tim.o
    0x0800173a   0x0800173a   0x00000002   Code   RO         1989    i.HAL_TIM_IC_CaptureCallback  py32f002b_hal_tim.o
    0x0800173c   0x0800173c   0x000001c8   Code   RO         2001    i.HAL_TIM_IRQHandler  py32f002b_hal_tim.o
    0x08001904   0x08001904   0x00000002   Code   RO         2004    i.HAL_TIM_OC_DelayElapsedCallback  py32f002b_hal_tim.o
    0x08001906   0x08001906   0x00000002   Code   RO         2029    i.HAL_TIM_PWM_PulseFinishedCallback  py32f002b_hal_tim.o
    0x08001908   0x08001908   0x00000002   Code   RO         2035    i.HAL_TIM_PeriodElapsedCallback  py32f002b_hal_tim.o
    0x0800190a   0x0800190a   0x00000002   Code   RO         2040    i.HAL_TIM_TriggerCallback  py32f002b_hal_tim.o
    0x0800190c   0x0800190c   0x00000004   Code   RO          201    i.HardFault_Handler  py32f002b_it.o
    0x08001910   0x08001910   0x00000014   Code   RO          202    i.I2C1_IRQHandler   py32f002b_it.o
    0x08001924   0x08001924   0x00000020   Code   RO         1449    i.I2C_ConvertOtherXferOptions  py32f002b_hal_i2c.o
    0x08001944   0x08001944   0x000000f0   Code   RO         1450    i.I2C_ITError       py32f002b_hal_i2c.o
    0x08001a34   0x08001a34   0x00000136   Code   RO         1452    i.I2C_MasterReceive_BTF  py32f002b_hal_i2c.o
    0x08001b6a   0x08001b6a   0x000000ae   Code   RO         1453    i.I2C_MasterReceive_RXNE  py32f002b_hal_i2c.o
    0x08001c18   0x08001c18   0x000000ac   Code   RO         1456    i.I2C_MasterTransmit_BTF  py32f002b_hal_i2c.o
    0x08001cc4   0x08001cc4   0x00000160   Code   RO         1457    i.I2C_MasterTransmit_TXE  py32f002b_hal_i2c.o
    0x08001e24   0x08001e24   0x0000000a   Code   RO         1458    i.I2C_Master_ADD10  py32f002b_hal_i2c.o
    0x08001e2e   0x08001e2e   0x00000002   PAD
    0x08001e30   0x08001e30   0x000001d4   Code   RO         1459    i.I2C_Master_ADDR   py32f002b_hal_i2c.o
    0x08002004   0x08002004   0x0000004a   Code   RO         1460    i.I2C_Master_SB     py32f002b_hal_i2c.o
    0x0800204e   0x0800204e   0x0000001c   Code   RO         1463    i.I2C_SlaveReceive_BTF  py32f002b_hal_i2c.o
    0x0800206a   0x0800206a   0x0000004c   Code   RO         1464    i.I2C_SlaveReceive_RXNE  py32f002b_hal_i2c.o
    0x080020b6   0x080020b6   0x0000001c   Code   RO         1465    i.I2C_SlaveTransmit_BTF  py32f002b_hal_i2c.o
    0x080020d2   0x080020d2   0x0000004c   Code   RO         1466    i.I2C_SlaveTransmit_TXE  py32f002b_hal_i2c.o
    0x0800211e   0x0800211e   0x0000005a   Code   RO         1467    i.I2C_Slave_ADDR    py32f002b_hal_i2c.o
    0x08002178   0x08002178   0x000000a8   Code   RO         1468    i.I2C_Slave_AF      py32f002b_hal_i2c.o
    0x08002220   0x08002220   0x00000140   Code   RO         1469    i.I2C_Slave_STOPF   py32f002b_hal_i2c.o
    0x08002360   0x08002360   0x00000074   Code   RO          285    i.IIC_Config        iic.o
    0x080023d4   0x080023d4   0x00000020   Code   RO          286    i.IIC_DISENABLE     iic.o
    0x080023f4   0x080023f4   0x00000070   Code   RO          287    i.IIC_GPIO_Config   iic.o
    0x08002464   0x08002464   0x00000040   Code   RO          288    i.IIC_GPIO_Idle_Config  iic.o
    0x080024a4   0x080024a4   0x0000001c   Code   RO          203    i.LPTIM1_IRQHandler  py32f002b_it.o
    0x080024c0   0x080024c0   0x0000003c   Code   RO          368    i.Low_Power_Task    lowpower.o
    0x080024fc   0x080024fc   0x00000058   Code   RO          388    i.Lptim_Config      lptim.o
    0x08002554   0x08002554   0x00000002   Code   RO          204    i.NMI_Handler       py32f002b_it.o
    0x08002556   0x08002556   0x00000002   PAD
    0x08002558   0x08002558   0x00000014   Code   RO          289    i.NVIC_EnableIRQ    iic.o
    0x0800256c   0x0800256c   0x00000014   Code   RO          524    i.NVIC_EnableIRQ    tim.o
    0x08002580   0x08002580   0x00000078   Code   RO          290    i.NVIC_SetPriority  iic.o
    0x080025f8   0x080025f8   0x00000078   Code   RO          525    i.NVIC_SetPriority  tim.o
    0x08002670   0x08002670   0x00000078   Code   RO         1048    i.NVIC_SetPriority  py32f002b_hal_cortex.o
    0x080026e8   0x080026e8   0x00000002   Code   RO          205    i.PendSV_Handler    py32f002b_it.o
    0x080026ea   0x080026ea   0x00000002   PAD
    0x080026ec   0x080026ec   0x000000bc   Code   RO          291    i.RX_Handler        iic.o
    0x080027a8   0x080027a8   0x00000002   Code   RO          206    i.SVC_Handler       py32f002b_it.o
    0x080027aa   0x080027aa   0x00000008   Code   RO          207    i.SysTick_Handler   py32f002b_it.o
    0x080027b2   0x080027b2   0x00000002   PAD
    0x080027b4   0x080027b4   0x0000004c   Code   RO           14    i.SystemInit        system_py32f002b.o
    0x08002800   0x08002800   0x0000001c   Code   RO          208    i.TIM14_IRQHandler  py32f002b_it.o
    0x0800281c   0x0800281c   0x0000001c   Code   RO          209    i.TIM1_BRK_UP_TRG_COM_IRQHandler  py32f002b_it.o
    0x08002838   0x08002838   0x00000060   Code   RO         2042    i.TIM_Base_SetConfig  py32f002b_hal_tim.o
    0x08002898   0x08002898   0x00000048   Code   RO          469    i.Task              task.o
    0x080028e0   0x080028e0   0x00000044   Code   RO          526    i.Tim14_Config      tim.o
    0x08002924   0x08002924   0x00000048   Code   RO          527    i.Tim1_Config       tim.o
    0x0800296c   0x0800296c   0x0000002c   Code   RO          470    i.Time_test_gpio    task.o
    0x08002998   0x08002998   0x00000020   Code   RO          471    i.Time_test_task    task.o
    0x080029b8   0x080029b8   0x00000024   Code   RO          412    i.Wdt_Config        wdt.o
    0x080029dc   0x080029dc   0x0000000e   Code   RO         2852    i.__scatterload_copy  mc_p.l(handlers.o)
    0x080029ea   0x080029ea   0x00000002   Code   RO         2853    i.__scatterload_null  mc_p.l(handlers.o)
    0x080029ec   0x080029ec   0x0000000e   Code   RO         2854    i.__scatterload_zeroinit  mc_p.l(handlers.o)
    0x080029fa   0x080029fa   0x0000000e   Code   RO          127    i.main              main.o
    0x08002a08   0x08002a08   0x00000080   Data   RO           15    .constdata          system_py32f002b.o
    0x08002a88   0x08002a88   0x00000056   Data   RO          293    .constdata          iic.o
    0x08002ade   0x08002ade   0x00000002   PAD
    0x08002ae0   0x08002ae0   0x00000020   Data   RO          777    .constdata          py32f002b_hal_rcc.o
    0x08002b00   0x08002b00   0x00000020   Data   RO         2850    Region$$Table       anon$$obj.o


    Execution Region RW_IRAM1 (Exec base: 0x20000000, Load base: 0x08002b20, Size: 0x00000770, Max: 0x00000c00, ABSOLUTE, COMPRESSED[0x00000210])

    Exec Addr    Load Addr    Size         Type   Attr      Idx    E Section Name        Object

    0x20000000   COMPRESSED   0x00000004   Data   RW           16    .data               system_py32f002b.o
    0x20000004   COMPRESSED   0x000002b4   Data   RW          294    .data               iic.o
    0x200002b8   COMPRESSED   0x0000000f   Data   RW          472    .data               task.o
    0x200002c7   COMPRESSED   0x00000001   PAD
    0x200002c8   COMPRESSED   0x0000000c   Data   RW          593    .data               py32f002b_hal.o
    0x200002d4        -       0x00000040   Zero   RW          292    .bss                iic.o
    0x20000314        -       0x00000010   Zero   RW          389    .bss                lptim.o
    0x20000324        -       0x0000000c   Zero   RW          413    .bss                wdt.o
    0x20000330        -       0x00000040   Zero   RW          528    .bss                tim.o
    0x20000370        -       0x00000400   Zero   RW            1    STACK               startup_py32f002bxx.o


==============================================================================

Image component sizes


      Code (inc. data)   RO Data    RW Data    ZI Data      Debug   Object Name

       140          6          0          0          0       1061   config.o
       796        118         86        692         64      13445   iic.o
        60          4          0          0          0        497   lowpower.o
        88         10          0          0         16        779   lptim.o
        18          0          0          0          0       1578   main.o
       198         40          0         12          0       4524   py32f002b_hal.o
       218         26          0          0          0       9377   py32f002b_hal_cortex.o
       470         14          0          0          0       2900   py32f002b_hal_gpio.o
      4402         72          0          0          0      24479   py32f002b_hal_i2c.o
        88         12          0          0          0       1216   py32f002b_hal_iwdg.o
       206          6          0          0          0       4355   py32f002b_hal_lptim.o
       224          4          0          0          0       1058   py32f002b_hal_msp.o
        64          8          0          0          0        652   py32f002b_hal_pwr.o
      1716         94         32          0          0       4893   py32f002b_hal_rcc.o
       188          6          0          0          0       1488   py32f002b_hal_rcc_ex.o
       652         10          0          0          0       6990   py32f002b_hal_tim.o
         4          0          0          0          0       1637   py32f002b_hal_tim_ex.o
       132         28          0          0          0       4706   py32f002b_it.o
        28          8        192          0       1024        664   startup_py32f002bxx.o
       104         20        128          4          0     194252   system_py32f002b.o
       148         18          0         15          0       1892   task.o
       280         40          0          0         64       2200   tim.o
        36         10          0          0         12        714   wdt.o

    ----------------------------------------------------------------------
     10280        554        472        724       1180     285357   Object Totals
         0          0         32          0          0          0   (incl. Generated)
        20          0          2          1          0          0   (incl. Padding)

    ----------------------------------------------------------------------

      Code (inc. data)   RO Data    RW Data    ZI Data      Debug   Library Member Name

        86          0          0          0          0          0   __dczerorl2.o
         0          0          0          0          0          0   entry.o
         0          0          0          0          0          0   entry10a.o
         0          0          0          0          0          0   entry11a.o
         8          4          0          0          0          0   entry2.o
         4          0          0          0          0          0   entry5.o
         0          0          0          0          0          0   entry7b.o
         0          0          0          0          0          0   entry8b.o
         8          4          0          0          0          0   entry9a.o
        30          0          0          0          0          0   handlers.o
        36          8          0          0          0         68   init.o
        36          0          0          0          0         60   memcpya.o
        36          0          0          0          0        100   memseta.o
        44          0          0          0          0         72   uidiv.o

    ----------------------------------------------------------------------
       288         16          0          0          0        300   Library Totals
         0          0          0          0          0          0   (incl. Padding)

    ----------------------------------------------------------------------

      Code (inc. data)   RO Data    RW Data    ZI Data      Debug   Library Name

       288         16          0          0          0        300   mc_p.l

    ----------------------------------------------------------------------
       288         16          0          0          0        300   Library Totals

    ----------------------------------------------------------------------

==============================================================================


      Code (inc. data)   RO Data    RW Data    ZI Data      Debug   

     10568        570        472        724       1180     281305   Grand Totals
     10568        570        472        528       1180     281305   ELF Image Totals (compressed)
     10568        570        472        528          0          0   ROM Totals

==============================================================================

    Total RO  Size (Code + RO Data)                11040 (  10.78kB)
    Total RW  Size (RW Data + ZI Data)              1904 (   1.86kB)
    Total ROM Size (Code + RO Data + RW Data)      11568 (  11.30kB)

==============================================================================

